  断点续跑：跳过 73 条
[25/121 k1] idx=146 gold=256.0 pred=256.0 ✓ (82s)
[25/121 k2] idx=146 gold=256.0 pred=256.0 ✓ (60s)
[26/121 k0] idx=147 gold=440.0 pred=1.0 ✗ (42s)
[26/121 k1] idx=147 gold=440.0 pred=1.0 ✗ (38s)
[26/121 k2] idx=147 gold=440.0 pred=440.0 ✓ (25s)
[27/121 k0] idx=148 gold=48.0 pred=48.0 ✓ (27s)
[27/121 k1] idx=148 gold=48.0 pred=6.0 ✗ (28s)
[27/121 k2] idx=148 gold=48.0 pred=1.0 ✗ (18s)
[28/121 k0] idx=149 gold=10.0 pred=5.0 ✗ (33s)
[28/121 k1] idx=149 gold=10.0 pred=1.0 ✗ (59s)
[28/121 k2] idx=149 gold=10.0 pred=10.0 ✓ (20s)
[29/121 k0] idx=150 gold=324.0 pred=1.0 ✗ (21s)
[29/121 k1] idx=150 gold=324.0 pred=324.0 ✓ (45s)
[29/121 k2] idx=150 gold=324.0 pred=324.0 ✓ (35s)
[30/121 k0] idx=151 gold=44.0 pred=44.0 ✓ (15s)
[30/121 k1] idx=151 gold=44.0 pred=1.0 ✗ (16s)
[30/121 k2] idx=151 gold=44.0 pred=1.0 ✗ (28s)
[31/121 k0] idx=152 gold=0.0 pred=1.0 ✗ (51s)
[31/121 k1] idx=152 gold=0.0 pred=1.0 ✗ (75s)
[31/121 k2] idx=152 gold=0.0 pred=7.0 ✗ (56s)
[32/121 k0] idx=153 gold=3.0 pred=1.0 ✗ (36s)
[32/121 k1] idx=153 gold=3.0 pred=3.0 ✓ (23s)
[32/121 k2] idx=153 gold=3.0 pred=3.0 ✓ (26s)
[33/121 k0] idx=154 gold=-8.0 pred=-8.0 ✓ (71s)
[33/121 k1] idx=154 gold=-8.0 pred=-8.0 ✓ (71s)
[33/121 k2] idx=154 gold=-8.0 pred=-8.0 ✓ (53s)
[34/121 k0] idx=155 gold=70.0 pred=1.0 ✗ (37s)
[34/121 k1] idx=155 gold=70.0 pred=70.0 ✓ (25s)
[34/121 k2] idx=155 gold=70.0 pred=70.0 ✓ (28s)
[35/121 k0] idx=156 gold=1.0 pred=10.0 ✗ (23s)
[35/121 k1] idx=156 gold=1.0 pred=10.0 ✗ (33s)
[35/121 k2] idx=156 gold=1.0 pred=1.0 ✓ (25s)
[36/121 k0] idx=157 gold=55.0 pred=55.0 ✓ (42s)
[36/121 k1] idx=157 gold=55.0 pred=55.0 ✓ (70s)
[36/121 k2] idx=157 gold=55.0 pred=55.0 ✓ (27s)
[37/121 k0] idx=158 gold=756.0 pred=1.0 ✗ (11s)
[37/121 k1] idx=158 gold=756.0 pred=1.0 ✗ (11s)
[37/121 k2] idx=158 gold=756.0 pred=756.0 ✓ (11s)
[38/121 k0] idx=159 gold=280.0 pred=280.0 ✓ (37s)
[38/121 k1] idx=159 gold=280.0 pred=280.0 ✓ (36s)
[38/121 k2] idx=159 gold=280.0 pred=1.0 ✗ (51s)
[39/121 k0] idx=160 gold=7200.0 pred=1.0 ✗ (35s)
[39/121 k1] idx=160 gold=7200.0 pred=7200.0 ✓ (46s)
[39/121 k2] idx=160 gold=7200.0 pred=1.0 ✗ (33s)
[40/121 k0] idx=161 gold=7.0 pred=1.0 ✗ (56s)
[40/121 k1] idx=161 gold=7.0 pred=1.0 ✗ (42s)
[40/121 k2] idx=161 gold=7.0 pred=1.0 ✗ (58s)
[41/121 k0] idx=162 gold=15.0 pred=15.0 ✓ (62s)
[41/121 k1] idx=162 gold=15.0 pred=15.0 ✓ (56s)
[41/121 k2] idx=162 gold=15.0 pred=1.0 ✗ (56s)
[42/121 k0] idx=163 gold=150.0 pred=150.0 ✓ (17s)
[42/121 k1] idx=163 gold=150.0 pred=150.0 ✓ (24s)
[42/121 k2] idx=163 gold=150.0 pred=8.0 ✗ (37s)
[43/121 k0] idx=164 gold=2.25 pred=8.0 ✗ (17s)
[43/121 k1] idx=164 gold=2.25 pred=2.25 ✓ (11s)
[43/121 k2] idx=164 gold=2.25 pred=2.25 ✓ (22s)
[44/121 k0] idx=165 gold=4.0 pred=4.0 ✓ (29s)
[44/121 k1] idx=165 gold=4.0 pred=1.0 ✗ (42s)
[44/121 k2] idx=165 gold=4.0 pred=1.0 ✗ (30s)
[45/121 k0] idx=166 gold=3.0 pred=3.0 ✓ (25s)
[45/121 k1] idx=166 gold=3.0 pred=3.0 ✓ (21s)
[45/121 k2] idx=166 gold=3.0 pred=3.0 ✓ (31s)
[46/121 k0] idx=167 gold=6.0 pred=1.0 ✗ (59s)
[46/121 k1] idx=167 gold=6.0 pred=6.0 ✓ (40s)
[46/121 k2] idx=167 gold=6.0 pred=6.0 ✓ (59s)
[47/121 k0] idx=168 gold=6.0 pred=6.0 ✓ (31s)
[47/121 k1] idx=168 gold=6.0 pred=1.0 ✗ (42s)
[47/121 k2] idx=168 gold=6.0 pred=1.0 ✗ (53s)
[48/121 k0] idx=169 gold=9.0 pred=9.0 ✓ (42s)
[48/121 k1] idx=169 gold=9.0 pred=6.0 ✗ (63s)
[48/121 k2] idx=169 gold=9.0 pred=1.0 ✗ (59s)
[49/121 k0] idx=170 gold=3.0 pred=1.0 ✗ (11s)
[49/121 k1] idx=170 gold=3.0 pred=1.0 ✗ (15s)
[49/121 k2] idx=170 gold=3.0 pred=3.0 ✓ (11s)
[50/121 k0] idx=171 gold=22.0 pred=1.0 ✗ (73s)
[50/121 k1] idx=171 gold=22.0 pred=22.0 ✓ (66s)
[50/121 k2] idx=171 gold=22.0 pred=1.0 ✗ (67s)
[51/121 k0] idx=172 gold=147.0 pred=1.0 ✗ (66s)
[51/121 k1] idx=172 gold=147.0 pred=1.0 ✗ (60s)
[51/121 k2] idx=172 gold=147.0 pred=1.0 ✗ (43s)
[52/121 k0] idx=173 gold=10.0 pred=1.0 ✗ (43s)
[52/121 k1] idx=173 gold=10.0 pred=10.0 ✓ (62s)
[52/121 k2] idx=173 gold=10.0 pred=10.0 ✓ (59s)
[53/121 k0] idx=174 gold=18.0 pred=7.0 ✗ (52s)
[53/121 k1] idx=174 gold=18.0 pred=1.0 ✗ (66s)
[53/121 k2] idx=174 gold=18.0 pred=18.0 ✓ (54s)
[54/121 k0] idx=175 gold=22.0 pred=22.0 ✓ (14s)
[54/121 k1] idx=175 gold=22.0 pred=22.0 ✓ (14s)
[54/121 k2] idx=175 gold=22.0 pred=22.0 ✓ (15s)
[55/121 k0] idx=176 gold=103.0 pred=1.0 ✗ (24s)
[55/121 k1] idx=176 gold=103.0 pred=1.0 ✗ (28s)
[55/121 k2] idx=176 gold=103.0 pred=1.0 ✗ (24s)
[56/121 k0] idx=177 gold=6.0 pred=1.0 ✗ (42s)
[56/121 k1] idx=177 gold=6.0 pred=1.0 ✗ (31s)
[56/121 k2] idx=177 gold=6.0 pred=6.0 ✓ (34s)
[57/121 k0] idx=178 gold=-11.0 pred=1.0 ✗ (78s)
[57/121 k1] idx=178 gold=-11.0 pred=-11.0 ✓ (78s)
[57/121 k2] idx=178 gold=-11.0 pred=1.0 ✗ (78s)
[58/121 k0] idx=179 gold=510.0 pred=510.0 ✓ (11s)
[58/121 k1] idx=179 gold=510.0 pred=510.0 ✓ (14s)
[58/121 k2] idx=179 gold=510.0 pred=1.0 ✗ (16s)
[59/121 k0] idx=180 gold=31.0 pred=31.0 ✓ (61s)
[59/121 k1] idx=180 gold=31.0 pred=31.0 ✓ (70s)
[59/121 k2] idx=180 gold=31.0 pred=1.0 ✗ (65s)
[60/121 k0] idx=181 gold=280.0 pred=280.0 ✓ (41s)
[60/121 k1] idx=181 gold=280.0 pred=1.0 ✗ (32s)
[60/121 k2] idx=181 gold=280.0 pred=280.0 ✓ (31s)
[61/121 k0] idx=182 gold=6.0 pred=6.0 ✓ (69s)
[61/121 k1] idx=182 gold=6.0 pred=6.0 ✓ (71s)
[61/121 k2] idx=182 gold=6.0 pred=1.0 ✗ (72s)
[62/121 k0] idx=183 gold=17.0 pred=2.0 ✗ (72s)
[62/121 k1] idx=183 gold=17.0 pred=17.0 ✓ (71s)
[62/121 k2] idx=183 gold=17.0 pred=17.0 ✓ (53s)
[63/121 k0] idx=184 gold=221.0 pred=221.0 ✓ (47s)
[63/121 k1] idx=184 gold=221.0 pred=244.0 ✗ (57s)
[63/121 k2] idx=184 gold=221.0 pred=221.0 ✓ (64s)
[64/121 k0] idx=185 gold=44.0 pred=64.0 ✗ (47s)
[64/121 k1] idx=185 gold=44.0 pred=7.0 ✗ (51s)
[64/121 k2] idx=185 gold=44.0 pred=44.0 ✓ (26s)
[65/121 k0] idx=186 gold=11988.0 pred=11988.0 ✓ (15s)
[65/121 k1] idx=186 gold=11988.0 pred=1.0 ✗ (20s)
[65/121 k2] idx=186 gold=11988.0 pred=11988.0 ✓ (15s)
[66/121 k0] idx=187 gold=0.3333333333333333 pred=1.0 ✗ (45s)
[66/121 k1] idx=187 gold=0.3333333333333333 pred=1.0 ✗ (32s)
[66/121 k2] idx=187 gold=0.3333333333333333 pred=1.0 ✗ (33s)
[67/121 k0] idx=188 gold=350.0 pred=7.0 ✗ (73s)
[67/121 k1] idx=188 gold=350.0 pred=1.0 ✗ (70s)
[67/121 k2] idx=188 gold=350.0 pred=350.0 ✓ (79s)
[68/121 k0] idx=189 gold=1000.0 pred=1000.0 ✓ (11s)
[68/121 k1] idx=189 gold=1000.0 pred=1000.0 ✓ (15s)
[68/121 k2] idx=189 gold=1000.0 pred=1.0 ✗ (13s)
[69/121 k0] idx=190 gold=7.4 pred=7.4 ✓ (51s)
[69/121 k1] idx=190 gold=7.4 pred=6.0 ✗ (32s)
[69/121 k2] idx=190 gold=7.4 pred=7.0 ✗ (47s)
[70/121 k0] idx=191 gold=320.0 pred=320.0 ✓ (49s)
[70/121 k1] idx=191 gold=320.0 pred=320.0 ✓ (35s)
[70/121 k2] idx=191 gold=320.0 pred=1.0 ✗ (25s)
[71/121 k0] idx=192 gold=-15.0 pred=1.0 ✗ (35s)
[71/121 k1] idx=192 gold=-15.0 pred=1.0 ✗ (30s)
[71/121 k2] idx=192 gold=-15.0 pred=1.0 ✗ (33s)
[72/121 k0] idx=193 gold=24.0 pred=24.0 ✓ (27s)
[72/121 k1] idx=193 gold=24.0 pred=24.0 ✓ (26s)
[72/121 k2] idx=193 gold=24.0 pred=24.0 ✓ (35s)
[73/121 k0] idx=194 gold=126.0 pred=126.0 ✓ (20s)
[73/121 k1] idx=194 gold=126.0 pred=1.0 ✗ (18s)
[73/121 k2] idx=194 gold=126.0 pred=126.0 ✓ (21s)
[74/121 k0] idx=195 gold=150.0 pred=5.0 ✗ (51s)
[74/121 k1] idx=195 gold=150.0 pred=6.0 ✗ (38s)
[74/121 k2] idx=195 gold=150.0 pred=150.0 ✓ (48s)
[75/121 k0] idx=196 gold=5.0 pred=1.0 ✗ (26s)
[75/121 k1] idx=196 gold=5.0 pred=1.0 ✗ (30s)
[75/121 k2] idx=196 gold=5.0 pred=5.0 ✓ (49s)
[76/121 k0] idx=197 gold=50.0 pred=1.0 ✗ (10s)
[76/121 k1] idx=197 gold=50.0 pred=50.0 ✓ (12s)
[76/121 k2] idx=197 gold=50.0 pred=50.0 ✓ (21s)
[77/121 k0] idx=198 gold=30.0 pred=5.0 ✗ (41s)
[77/121 k1] idx=198 gold=30.0 pred=30.0 ✓ (35s)
[77/121 k2] idx=198 gold=30.0 pred=30.0 ✓ (45s)
[78/121 k0] idx=199 gold=539.0 pred=539.0 ✓ (44s)
[78/121 k1] idx=199 gold=539.0 pred=1.0 ✗ (47s)
[78/121 k2] idx=199 gold=539.0 pred=1.0 ✗ (51s)
[79/121 k0] idx=200 gold=11.0 pred=11.0 ✓ (53s)
[79/121 k1] idx=200 gold=11.0 pred=11.0 ✓ (61s)
[79/121 k2] idx=200 gold=11.0 pred=1.0 ✗ (30s)
[80/121 k0] idx=201 gold=70.0 pred=70.0 ✓ (51s)
[80/121 k1] idx=201 gold=70.0 pred=3.0 ✗ (45s)
[80/121 k2] idx=201 gold=70.0 pred=1.0 ✗ (32s)
[81/121 k0] idx=202 gold=4.0 pred=4.0 ✓ (30s)
[81/121 k1] idx=202 gold=4.0 pred=1.0 ✗ (24s)
[81/121 k2] idx=202 gold=4.0 pred=1.0 ✗ (19s)
[82/121 k0] idx=203 gold=56.0 pred=56.0 ✓ (41s)
[82/121 k1] idx=203 gold=56.0 pred=56.0 ✓ (61s)
[82/121 k2] idx=203 gold=56.0 pred=1.0 ✗ (36s)
[83/121 k0] idx=204 gold=3.0 pred=5.0 ✗ (30s)
[83/121 k1] idx=204 gold=3.0 pred=3.0 ✓ (43s)
[83/121 k2] idx=204 gold=3.0 pred=6.0 ✗ (50s)
[84/121 k0] idx=205 gold=1.0 pred=1.0 ✓ (50s)
[84/121 k1] idx=205 gold=1.0 pred=1.0 ✓ (51s)
[84/121 k2] idx=205 gold=1.0 pred=1.0 ✓ (43s)
[85/121 k0] idx=206 gold=60.0 pred=1.0 ✗ (16s)
[85/121 k1] idx=206 gold=60.0 pred=60.0 ✓ (21s)
[85/121 k2] idx=206 gold=60.0 pred=1.0 ✗ (13s)
[86/121 k0] idx=207 gold=105.0 pred=1.0 ✗ (30s)
[86/121 k1] idx=207 gold=105.0 pred=105.0 ✓ (29s)
[86/121 k2] idx=207 gold=105.0 pred=105.0 ✓ (47s)
[87/121 k0] idx=208 gold=59.0 pred=59.0 ✓ (33s)
[87/121 k1] idx=208 gold=59.0 pred=1.0 ✗ (50s)
[87/121 k2] idx=208 gold=59.0 pred=1.0 ✗ (29s)
[88/121 k0] idx=209 gold=0.0 pred=1.0 ✗ (58s)
[88/121 k1] idx=209 gold=0.0 pred=0.0 ✓ (49s)
[88/121 k2] idx=209 gold=0.0 pred=0.0 ✓ (53s)
[89/121 k0] idx=210 gold=3.0 pred=3.0 ✓ (78s)
[89/121 k1] idx=210 gold=3.0 pred=1.0 ✗ (75s)
[89/121 k2] idx=210 gold=3.0 pred=1.0 ✗ (79s)
[90/121 k0] idx=211 gold=4.0 pred=4.0 ✓ (24s)
[90/121 k1] idx=211 gold=4.0 pred=4.0 ✓ (24s)
[90/121 k2] idx=211 gold=4.0 pred=4.0 ✓ (16s)
[91/121 k0] idx=212 gold=4.0 pred=10.0 ✗ (50s)
[91/121 k1] idx=212 gold=4.0 pred=4.0 ✓ (57s)
[91/121 k2] idx=212 gold=4.0 pred=5.0 ✗ (32s)
[92/121 k0] idx=213 gold=251.6 pred=251.6 ✓ (73s)
[92/121 k1] idx=213 gold=251.6 pred=1.0 ✗ (48s)
[92/121 k2] idx=213 gold=251.6 pred=1.0 ✗ (48s)
[93/121 k0] idx=214 gold=16.0 pred=16.0 ✓ (9s)
[93/121 k1] idx=214 gold=16.0 pred=16.0 ✓ (17s)
[93/121 k2] idx=214 gold=16.0 pred=16.0 ✓ (12s)
[94/121 k0] idx=215 gold=15.0 pred=1.0 ✗ (30s)
[94/121 k1] idx=215 gold=15.0 pred=15.0 ✓ (46s)
[94/121 k2] idx=215 gold=15.0 pred=15.0 ✓ (45s)
[95/121 k0] idx=216 gold=75.0 pred=75.0 ✓ (10s)
[95/121 k1] idx=216 gold=75.0 pred=1.0 ✗ (18s)
[95/121 k2] idx=216 gold=75.0 pred=1.0 ✗ (10s)
[96/121 k0] idx=217 gold=3.0 pred=1.0 ✗ (41s)
[96/121 k1] idx=217 gold=3.0 pred=3.0 ✓ (39s)
[96/121 k2] idx=217 gold=3.0 pred=3.0 ✓ (44s)
[97/121 k0] idx=218 gold=14.0 pred=1.0 ✗ (41s)
[97/121 k1] idx=218 gold=14.0 pred=1.0 ✗ (58s)
[97/121 k2] idx=218 gold=14.0 pred=1.0 ✗ (42s)
[98/121 k0] idx=219 gold=34.0 pred=34.0 ✓ (39s)
[98/121 k1] idx=219 gold=34.0 pred=34.0 ✓ (50s)
[98/121 k2] idx=219 gold=34.0 pred=1.0 ✗ (42s)
[99/121 k0] idx=220 gold=4.0 pred=12.0 ✗ (49s)
[99/121 k1] idx=220 gold=4.0 pred=4.0 ✓ (56s)
[99/121 k2] idx=220 gold=4.0 pred=2.0 ✗ (49s)
[100/121 k0] idx=221 gold=194.0 pred=194.0 ✓ (24s)
[100/121 k1] idx=221 gold=194.0 pred=8.0 ✗ (26s)
[100/121 k2] idx=221 gold=194.0 pred=5.0 ✗ (32s)
[101/121 k0] idx=222 gold=50.0 pred=50.0 ✓ (43s)
[101/121 k1] idx=222 gold=50.0 pred=1.0 ✗ (37s)
[101/121 k2] idx=222 gold=50.0 pred=1.0 ✗ (50s)
[102/121 k0] idx=223 gold=13.0 pred=5.0 ✗ (40s)
[102/121 k1] idx=223 gold=13.0 pred=7.0 ✗ (48s)
[102/121 k2] idx=223 gold=13.0 pred=9.0 ✗ (40s)
[103/121 k0] idx=224 gold=4.0 pred=4.0 ✓ (46s)
[103/121 k1] idx=224 gold=4.0 pred=4.0 ✓ (60s)
[103/121 k2] idx=224 gold=4.0 pred=10.0 ✗ (60s)
[104/121 k0] idx=225 gold=2.0 pred=8.0 ✗ (53s)
[104/121 k1] idx=225 gold=2.0 pred=1.0 ✗ (52s)
[104/121 k2] idx=225 gold=2.0 pred=1.0 ✗ (35s)
[105/121 k0] idx=226 gold=18.0 pred=18.0 ✓ (75s)
[105/121 k1] idx=226 gold=18.0 pred=1.0 ✗ (81s)
[105/121 k2] idx=226 gold=18.0 pred=18.0 ✓ (75s)
[106/121 k0] idx=227 gold=18.0 pred=2.0 ✗ (84s)
[106/121 k1] idx=227 gold=18.0 pred=242.0 ✗ (94s)
[106/121 k2] idx=227 gold=18.0 pred=18.0 ✓ (99s)
[107/121 k0] idx=228 gold=69.0 pred=1.0 ✗ (43s)
[107/121 k1] idx=228 gold=69.0 pred=69.0 ✓ (55s)
[107/121 k2] idx=228 gold=69.0 pred=10.0 ✗ (62s)
[108/121 k0] idx=229 gold=7.0 pred=7.0 ✓ (34s)
[108/121 k1] idx=229 gold=7.0 pred=7.0 ✓ (23s)
[108/121 k2] idx=229 gold=7.0 pred=1.0 ✗ (35s)
[109/121 k0] idx=230 gold=21.0 pred=21.0 ✓ (78s)
[109/121 k1] idx=230 gold=21.0 pred=6.0 ✗ (49s)
[109/121 k2] idx=230 gold=21.0 pred=1.0 ✗ (59s)
[110/121 k0] idx=231 gold=20.0 pred=20.0 ✓ (9s)
[110/121 k1] idx=231 gold=20.0 pred=20.0 ✓ (11s)
[110/121 k2] idx=231 gold=20.0 pred=9.0 ✗ (13s)
[111/121 k0] idx=232 gold=90.0 pred=1.0 ✗ (37s)
[111/121 k1] idx=232 gold=90.0 pred=6.0 ✗ (50s)
[111/121 k2] idx=232 gold=90.0 pred=1.0 ✗ (60s)
[112/121 k0] idx=233 gold=48.0 pred=48.0 ✓ (58s)
[112/121 k1] idx=233 gold=48.0 pred=48.0 ✓ (73s)
[112/121 k2] idx=233 gold=48.0 pred=6.0 ✗ (63s)
[113/121 k0] idx=234 gold=120.0 pred=1.0 ✗ (13s)
[113/121 k1] idx=234 gold=120.0 pred=1.0 ✗ (25s)
[113/121 k2] idx=234 gold=120.0 pred=1.0 ✗ (11s)
[114/121 k0] idx=235 gold=140.0 pred=140.0 ✓ (31s)
[114/121 k1] idx=235 gold=140.0 pred=1.0 ✗ (41s)
[114/121 k2] idx=235 gold=140.0 pred=140.0 ✓ (32s)
[115/121 k0] idx=236 gold=90.0 pred=90.0 ✓ (56s)
[115/121 k1] idx=236 gold=90.0 pred=90.0 ✓ (76s)
[115/121 k2] idx=236 gold=90.0 pred=6.0 ✗ (74s)
[116/121 k0] idx=237 gold=920.25 pred=10920.25 ✗ (55s)
[116/121 k1] idx=237 gold=920.25 pred=920.25 ✓ (47s)
[116/121 k2] idx=237 gold=920.25 pred=1.0 ✗ (59s)
[117/121 k0] idx=238 gold=6.0 pred=6.0 ✓ (48s)
[117/121 k1] idx=238 gold=6.0 pred=1.0 ✗ (52s)
[117/121 k2] idx=238 gold=6.0 pred=6.0 ✓ (58s)
[118/121 k0] idx=239 gold=285.0 pred=1.0 ✗ (60s)
[118/121 k1] idx=239 gold=285.0 pred=285.0 ✓ (61s)
[118/121 k2] idx=239 gold=285.0 pred=285.0 ✓ (57s)
[119/121 k0] idx=240 gold=24.0 pred=24.0 ✓ (25s)
[119/121 k1] idx=240 gold=24.0 pred=24.0 ✓ (30s)
[119/121 k2] idx=240 gold=24.0 pred=24.0 ✓ (39s)
[120/121 k0] idx=241 gold=240.0 pred=1.0 ✗ (27s)
[120/121 k1] idx=241 gold=240.0 pred=240.0 ✓ (19s)
[120/121 k2] idx=241 gold=240.0 pred=240.0 ✓ (21s)
[121/121 k0] idx=242 gold=4.0 pred=1.0 ✗ (52s)
[121/121 k1] idx=242 gold=4.0 pred=1.0 ✗ (46s)
[121/121 k2] idx=242 gold=4.0 pred=1.0 ✗ (43s)
