[1/122 k0] idx=0 gold=160.0 pred=160.0 ✓ (10s)
[1/122 k1] idx=0 gold=160.0 pred=1.0 ✗ (14s)
[1/122 k2] idx=0 gold=160.0 pred=1.0 ✗ (13s)
[2/122 k0] idx=1 gold=4.0 pred=4.0 ✓ (6s)
[2/122 k1] idx=1 gold=4.0 pred=1.0 ✗ (7s)
[2/122 k2] idx=1 gold=4.0 pred=4.0 ✓ (6s)
[3/122 k0] idx=2 gold=175.5 pred=6.0 ✗ (12s)
[3/122 k1] idx=2 gold=175.5 pred=6.0 ✗ (5s)
[3/122 k2] idx=2 gold=175.5 pred=1.0 ✗ (4s)
[4/122 k0] idx=3 gold=60.0 pred=5.0 ✗ (11s)
[4/122 k1] idx=3 gold=60.0 pred=60.0 ✓ (11s)
[4/122 k2] idx=3 gold=60.0 pred=60.0 ✓ (11s)
[5/122 k0] idx=4 gold=14.0 pred=14.0 ✓ (12s)
[5/122 k1] idx=4 gold=14.0 pred=14.0 ✓ (4s)
[5/122 k2] idx=4 gold=14.0 pred=1.0 ✗ (8s)
[6/122 k0] idx=5 gold=800.0 pred=11.0 ✗ (4s)
[6/122 k1] idx=5 gold=800.0 pred=1.0 ✗ (3s)
[6/122 k2] idx=5 gold=800.0 pred=6.0 ✗ (11s)
[7/122 k0] idx=6 gold=250.0 pred=250.0 ✓ (8s)
[7/122 k1] idx=6 gold=250.0 pred=250.0 ✓ (3s)
[7/122 k2] idx=6 gold=250.0 pred=1.0 ✗ (8s)
[8/122 k0] idx=7 gold=13.0 pred=5.0 ✗ (5s)
[8/122 k1] idx=7 gold=13.0 pred=5.0 ✗ (6s)
[8/122 k2] idx=7 gold=13.0 pred=13.0 ✓ (3s)
[9/122 k0] idx=8 gold=40.0 pred=40.0 ✓ (4s)
[9/122 k1] idx=8 gold=40.0 pred=40.0 ✓ (17s)
[9/122 k2] idx=8 gold=40.0 pred=20.0 ✗ (17s)
[10/122 k0] idx=9 gold=4.0 pred=4.0 ✓ (5s)
[10/122 k1] idx=9 gold=4.0 pred=4.0 ✓ (4s)
[10/122 k2] idx=9 gold=4.0 pred=1.0 ✗ (4s)
[11/122 k0] idx=10 gold=445.0 pred=445.0 ✓ (16s)
[11/122 k1] idx=10 gold=445.0 pred=445.0 ✓ (18s)
[11/122 k2] idx=10 gold=445.0 pred=988.0 ✗ (17s)
[12/122 k0] idx=11 gold=-1.0 pred=-1.0 ✓ (6s)
[12/122 k1] idx=11 gold=-1.0 pred=7.0 ✗ (6s)
[12/122 k2] idx=11 gold=-1.0 pred=1.0 ✗ (5s)
[13/122 k0] idx=12 gold=13.0 pred=13.0 ✓ (4s)
[13/122 k1] idx=12 gold=13.0 pred=13.0 ✓ (6s)
[13/122 k2] idx=12 gold=13.0 pred=13.0 ✓ (5s)
[14/122 k0] idx=13 gold=432.0 pred=432.0 ✓ (5s)
[14/122 k1] idx=13 gold=432.0 pred=432.0 ✓ (5s)
[14/122 k2] idx=13 gold=432.0 pred=5.0 ✗ (5s)
[15/122 k0] idx=14 gold=6.0 pred=6.0 ✓ (7s)
[15/122 k1] idx=14 gold=6.0 pred=6.0 ✓ (7s)
[15/122 k2] idx=14 gold=6.0 pred=6.0 ✓ (7s)
[16/122 k0] idx=15 gold=125.0 pred=1.0 ✗ (8s)
[16/122 k1] idx=15 gold=125.0 pred=125.0 ✓ (8s)
[16/122 k2] idx=15 gold=125.0 pred=1.0 ✗ (6s)
[17/122 k0] idx=16 gold=33.0 pred=1.0 ✗ (6s)
[17/122 k1] idx=16 gold=33.0 pred=33.0 ✓ (12s)
[17/122 k2] idx=16 gold=33.0 pred=1.0 ✗ (4s)
[18/122 k0] idx=17 gold=50.0 pred=50.0 ✓ (13s)
[18/122 k1] idx=17 gold=50.0 pred=1.0 ✗ (8s)
[18/122 k2] idx=17 gold=50.0 pred=1.0 ✗ (4s)
[19/122 k0] idx=18 gold=4.0 pred=1.0 ✗ (3s)
[19/122 k1] idx=18 gold=4.0 pred=1.0 ✗ (4s)
[19/122 k2] idx=18 gold=4.0 pred=4.0 ✓ (4s)
[20/122 k0] idx=19 gold=60.0 pred=60.0 ✓ (7s)
[20/122 k1] idx=19 gold=60.0 pred=60.0 ✓ (4s)
[20/122 k2] idx=19 gold=60.0 pred=1.0 ✗ (5s)
[21/122 k0] idx=20 gold=91.0 pred=6.0 ✗ (8s)
[21/122 k1] idx=20 gold=91.0 pred=5.0 ✗ (4s)
[21/122 k2] idx=20 gold=91.0 pred=1.0 ✗ (4s)
[22/122 k0] idx=21 gold=2.0 pred=2.0 ✓ (3s)
[22/122 k1] idx=21 gold=2.0 pred=2.0 ✓ (16s)
[22/122 k2] idx=21 gold=2.0 pred=5.0 ✗ (4s)
[23/122 k0] idx=22 gold=45.0 pred=1.0 ✗ (6s)
[23/122 k1] idx=22 gold=45.0 pred=45.0 ✓ (7s)
[23/122 k2] idx=22 gold=45.0 pred=45.0 ✓ (16s)
[24/122 k0] idx=23 gold=90.0 pred=7.0 ✗ (11s)
[24/122 k1] idx=23 gold=90.0 pred=90.0 ✓ (9s)
[24/122 k2] idx=23 gold=90.0 pred=90.0 ✓ (7s)
[25/122 k0] idx=24 gold=567.0 pred=7.0 ✗ (5s)
[25/122 k1] idx=24 gold=567.0 pred=7.0 ✗ (4s)
[25/122 k2] idx=24 gold=567.0 pred=567.0 ✓ (4s)
[26/122 k0] idx=25 gold=5.0 pred=7.0 ✗ (9s)
[26/122 k1] idx=25 gold=5.0 pred=1.0 ✗ (6s)
[26/122 k2] idx=25 gold=5.0 pred=5.0 ✓ (19s)
[27/122 k0] idx=26 gold=10.0 pred=1.0 ✗ (5s)
[27/122 k1] idx=26 gold=10.0 pred=10.0 ✓ (6s)
[27/122 k2] idx=26 gold=10.0 pred=10.0 ✓ (7s)
[28/122 k0] idx=27 gold=-2.0 pred=1.0 ✗ (4s)
[28/122 k1] idx=27 gold=-2.0 pred=6.0 ✗ (9s)
[28/122 k2] idx=27 gold=-2.0 pred=-2.0 ✓ (6s)
[29/122 k0] idx=28 gold=20.0 pred=8.0 ✗ (11s)
[29/122 k1] idx=28 gold=20.0 pred=20.0 ✓ (6s)
[29/122 k2] idx=28 gold=20.0 pred=20.0 ✓ (11s)
[30/122 k0] idx=29 gold=20.0 pred=1.0 ✗ (5s)
[30/122 k1] idx=29 gold=20.0 pred=20.0 ✓ (10s)
[30/122 k2] idx=29 gold=20.0 pred=7.0 ✗ (13s)
[31/122 k0] idx=30 gold=549.0 pred=9.0 ✗ (12s)
[31/122 k1] idx=30 gold=549.0 pred=7.0 ✗ (4s)
[31/122 k2] idx=30 gold=549.0 pred=7.0 ✗ (5s)
[32/122 k0] idx=31 gold=3.0 pred=5.0 ✗ (9s)
[32/122 k1] idx=31 gold=3.0 pred=3.0 ✓ (6s)
[32/122 k2] idx=31 gold=3.0 pred=3.0 ✓ (7s)
[33/122 k0] idx=32 gold=460.0 pred=7.0 ✗ (7s)
[33/122 k1] idx=32 gold=460.0 pred=1.0 ✗ (5s)
[33/122 k2] idx=32 gold=460.0 pred=460.0 ✓ (17s)
[34/122 k0] idx=33 gold=20.0 pred=1.0 ✗ (10s)
[34/122 k1] idx=33 gold=20.0 pred=1.0 ✗ (5s)
[34/122 k2] idx=33 gold=20.0 pred=1.0 ✗ (9s)
[35/122 k0] idx=34 gold=150.0 pred=1.0 ✗ (7s)
[35/122 k1] idx=34 gold=150.0 pred=1.0 ✗ (9s)
[35/122 k2] idx=34 gold=150.0 pred=7.0 ✗ (11s)
[36/122 k0] idx=35 gold=8.0 pred=1.0 ✗ (6s)
[36/122 k1] idx=35 gold=8.0 pred=1.0 ✗ (15s)
[36/122 k2] idx=35 gold=8.0 pred=1.0 ✗ (7s)
[37/122 k0] idx=36 gold=42.0 pred=1.0 ✗ (5s)
[37/122 k1] idx=36 gold=42.0 pred=42.0 ✓ (4s)
[37/122 k2] idx=36 gold=42.0 pred=42.0 ✓ (4s)
[38/122 k0] idx=37 gold=6.0 pred=6.0 ✓ (10s)
[38/122 k1] idx=37 gold=6.0 pred=1.0 ✗ (5s)
[38/122 k2] idx=37 gold=6.0 pred=6.0 ✓ (4s)
[39/122 k0] idx=38 gold=-1.0 pred=-1.0 ✓ (10s)
[39/122 k1] idx=38 gold=-1.0 pred=9.0 ✗ (15s)
[39/122 k2] idx=38 gold=-1.0 pred=-1.0 ✓ (7s)
[40/122 k0] idx=39 gold=64.0 pred=1.0 ✗ (5s)
[40/122 k1] idx=39 gold=64.0 pred=64.0 ✓ (5s)
[40/122 k2] idx=39 gold=64.0 pred=64.0 ✓ (3s)
[41/122 k0] idx=40 gold=200.0 pred=200.0 ✓ (4s)
[41/122 k1] idx=40 gold=200.0 pred=7.0 ✗ (4s)
[41/122 k2] idx=40 gold=200.0 pred=200.0 ✓ (7s)
[42/122 k0] idx=41 gold=18.09 pred=5.0 ✗ (13s)
[42/122 k1] idx=41 gold=18.09 pred=18.09 ✓ (18s)
[42/122 k2] idx=41 gold=18.09 pred=18.09 ✓ (7s)
[43/122 k0] idx=42 gold=10.0 pred=1.0 ✗ (4s)
[43/122 k1] idx=42 gold=10.0 pred=10.0 ✓ (11s)
[43/122 k2] idx=42 gold=10.0 pred=1.0 ✗ (12s)
[44/122 k0] idx=43 gold=50.0 pred=1.0 ✗ (13s)
[44/122 k1] idx=43 gold=50.0 pred=15.0 ✗ (17s)
[44/122 k2] idx=43 gold=50.0 pred=240.0 ✗ (10s)
[45/122 k0] idx=44 gold=6.0 pred=6.0 ✓ (2s)
[45/122 k1] idx=44 gold=6.0 pred=1.0 ✗ (4s)
[45/122 k2] idx=44 gold=6.0 pred=1.0 ✗ (3s)
[46/122 k0] idx=45 gold=6.0 pred=6.0 ✓ (5s)
[46/122 k1] idx=45 gold=6.0 pred=6.0 ✓ (4s)
[46/122 k2] idx=45 gold=6.0 pred=7.0 ✗ (8s)
[47/122 k0] idx=46 gold=2.0 pred=1.0 ✗ (6s)
[47/122 k1] idx=46 gold=2.0 pred=1.0 ✗ (3s)
[47/122 k2] idx=46 gold=2.0 pred=2.0 ✓ (3s)
[48/122 k0] idx=47 gold=2.0 pred=1.0 ✗ (10s)
[48/122 k1] idx=47 gold=2.0 pred=5.0 ✗ (5s)
[48/122 k2] idx=47 gold=2.0 pred=2.0 ✓ (10s)
[49/122 k0] idx=48 gold=2.0 pred=2.0 ✓ (11s)
[49/122 k1] idx=48 gold=2.0 pred=2.0 ✓ (9s)
[49/122 k2] idx=48 gold=2.0 pred=1.0 ✗ (5s)
[50/122 k0] idx=49 gold=60.0 pred=1.0 ✗ (5s)
[50/122 k1] idx=49 gold=60.0 pred=1.0 ✗ (10s)
[50/122 k2] idx=49 gold=60.0 pred=60.0 ✓ (7s)
[51/122 k0] idx=50 gold=15.0 pred=15.0 ✓ (9s)
[51/122 k1] idx=50 gold=15.0 pred=2.0 ✗ (6s)
[51/122 k2] idx=50 gold=15.0 pred=15.0 ✓ (7s)
[52/122 k0] idx=51 gold=30.0 pred=7.0 ✗ (7s)
[52/122 k1] idx=51 gold=30.0 pred=1.0 ✗ (4s)
[52/122 k2] idx=51 gold=30.0 pred=1.0 ✗ (4s)
[53/122 k0] idx=52 gold=88.0 pred=8.0 ✗ (13s)
[53/122 k1] idx=52 gold=88.0 pred=88.0 ✓ (17s)
[53/122 k2] idx=52 gold=88.0 pred=88.0 ✓ (17s)
[54/122 k0] idx=53 gold=40.0 pred=1.0 ✗ (2s)
[54/122 k1] idx=53 gold=40.0 pred=40.0 ✓ (3s)
[54/122 k2] idx=53 gold=40.0 pred=40.0 ✓ (2s)
[55/122 k0] idx=54 gold=63.0 pred=63.0 ✓ (4s)
[55/122 k1] idx=54 gold=63.0 pred=63.0 ✓ (2s)
[55/122 k2] idx=54 gold=63.0 pred=1.0 ✗ (4s)
[56/122 k0] idx=55 gold=26.0 pred=5.0 ✗ (4s)
[56/122 k1] idx=55 gold=26.0 pred=6.0 ✗ (5s)
[56/122 k2] idx=55 gold=26.0 pred=26.0 ✓ (5s)
[57/122 k0] idx=56 gold=4.0 pred=4.0 ✓ (5s)
[57/122 k1] idx=56 gold=4.0 pred=4.0 ✓ (10s)
[57/122 k2] idx=56 gold=4.0 pred=1.0 ✗ (4s)
[58/122 k0] idx=57 gold=55.0 pred=1.0 ✗ (12s)
[58/122 k1] idx=57 gold=55.0 pred=55.0 ✓ (4s)
[58/122 k2] idx=57 gold=55.0 pred=1.0 ✗ (6s)
[59/122 k0] idx=58 gold=880.0 pred=880.0 ✓ (5s)
[59/122 k1] idx=58 gold=880.0 pred=880.0 ✓ (5s)
[59/122 k2] idx=58 gold=880.0 pred=1.0 ✗ (7s)
[60/122 k0] idx=59 gold=644.0 pred=644.0 ✓ (17s)
[60/122 k1] idx=59 gold=644.0 pred=644.0 ✓ (10s)
[60/122 k2] idx=59 gold=644.0 pred=7.0 ✗ (11s)
[61/122 k0] idx=60 gold=240.0 pred=240.0 ✓ (3s)
[61/122 k1] idx=60 gold=240.0 pred=1.0 ✗ (3s)
[61/122 k2] idx=60 gold=240.0 pred=1.0 ✗ (2s)
[62/122 k0] idx=61 gold=9.0 pred=9.0 ✓ (3s)
[62/122 k1] idx=61 gold=9.0 pred=9.0 ✓ (3s)
[62/122 k2] idx=61 gold=9.0 pred=1.0 ✗ (4s)
[63/122 k0] idx=62 gold=255.0 pred=1.0 ✗ (3s)
[63/122 k1] idx=62 gold=255.0 pred=1.0 ✗ (3s)
[63/122 k2] idx=62 gold=255.0 pred=1.0 ✗ (3s)
[64/122 k0] idx=63 gold=45.0 pred=45.0 ✓ (14s)
[64/122 k1] idx=63 gold=45.0 pred=45.0 ✓ (5s)
[64/122 k2] idx=63 gold=45.0 pred=45.0 ✓ (6s)
[65/122 k0] idx=64 gold=23.0 pred=23.0 ✓ (2s)
[65/122 k1] idx=64 gold=23.0 pred=1.0 ✗ (3s)
[65/122 k2] idx=64 gold=23.0 pred=23.0 ✓ (5s)
[66/122 k0] idx=65 gold=5.0 pred=2.0 ✗ (15s)
[66/122 k1] idx=65 gold=5.0 pred=10.0 ✗ (15s)
[66/122 k2] idx=65 gold=5.0 pred=0.0 ✗ (16s)
[67/122 k0] idx=66 gold=27.2 pred=27.2 ✓ (5s)
[67/122 k1] idx=66 gold=27.2 pred=1.0 ✗ (6s)
[67/122 k2] idx=66 gold=27.2 pred=27.2 ✓ (5s)
[68/122 k0] idx=67 gold=90.0 pred=1.0 ✗ (8s)
[68/122 k1] idx=67 gold=90.0 pred=1.0 ✗ (4s)
[68/122 k2] idx=67 gold=90.0 pred=90.0 ✓ (8s)
[69/122 k0] idx=68 gold=-40.0 pred=1.0 ✗ (4s)
[69/122 k1] idx=68 gold=-40.0 pred=1.0 ✗ (4s)
[69/122 k2] idx=68 gold=-40.0 pred=-40.0 ✓ (4s)
[70/122 k0] idx=69 gold=75.0 pred=1.0 ✗ (4s)
[70/122 k1] idx=69 gold=75.0 pred=75.0 ✓ (4s)
[70/122 k2] idx=69 gold=75.0 pred=75.0 ✓ (5s)
[71/122 k0] idx=70 gold=18.0 pred=1.0 ✗ (8s)
[71/122 k1] idx=70 gold=18.0 pred=18.0 ✓ (6s)
[71/122 k2] idx=70 gold=18.0 pred=1.0 ✗ (4s)
[72/122 k0] idx=71 gold=2.0 pred=2.0 ✓ (7s)
[72/122 k1] idx=71 gold=2.0 pred=6.0 ✗ (9s)
[72/122 k2] idx=71 gold=2.0 pred=2.0 ✓ (5s)
[73/122 k0] idx=72 gold=18.0 pred=1.0 ✗ (4s)
[73/122 k1] idx=72 gold=18.0 pred=1.0 ✗ (4s)
[73/122 k2] idx=72 gold=18.0 pred=18.0 ✓ (8s)
[74/122 k0] idx=73 gold=25.0 pred=1.0 ✗ (13s)
[74/122 k1] idx=73 gold=25.0 pred=25.0 ✓ (14s)
[74/122 k2] idx=73 gold=25.0 pred=1.0 ✗ (10s)
[75/122 k0] idx=74 gold=3.0 pred=3.0 ✓ (9s)
[75/122 k1] idx=74 gold=3.0 pred=3.0 ✓ (17s)
[75/122 k2] idx=74 gold=3.0 pred=240.0 ✗ (15s)
[76/122 k0] idx=75 gold=4.0 pred=4.0 ✓ (7s)
[76/122 k1] idx=75 gold=4.0 pred=9.0 ✗ (13s)
[76/122 k2] idx=75 gold=4.0 pred=7.0 ✗ (8s)
[77/122 k0] idx=76 gold=1.0 pred=1.0 ✓ (3s)
[77/122 k1] idx=76 gold=1.0 pred=1.0 ✓ (6s)
[77/122 k2] idx=76 gold=1.0 pred=1.0 ✓ (5s)
[78/122 k0] idx=77 gold=12.0 pred=1.0 ✗ (5s)
[78/122 k1] idx=77 gold=12.0 pred=12.0 ✓ (4s)
[78/122 k2] idx=77 gold=12.0 pred=12.0 ✓ (4s)
[79/122 k0] idx=78 gold=7.0 pred=7.0 ✓ (4s)
[79/122 k1] idx=78 gold=7.0 pred=10.0 ✗ (5s)
[79/122 k2] idx=78 gold=7.0 pred=7.0 ✓ (4s)
[80/122 k0] idx=79 gold=17.0 pred=17.0 ✓ (3s)
[80/122 k1] idx=79 gold=17.0 pred=1.0 ✗ (3s)
[80/122 k2] idx=79 gold=17.0 pred=17.0 ✓ (6s)
[81/122 k0] idx=80 gold=5.0 pred=5.0 ✓ (17s)
[81/122 k1] idx=80 gold=5.0 pred=5.0 ✓ (17s)
[81/122 k2] idx=80 gold=5.0 pred=5.0 ✓ (16s)
[82/122 k0] idx=81 gold=136.0 pred=136.0 ✓ (4s)
[82/122 k1] idx=81 gold=136.0 pred=6.0 ✗ (8s)
[82/122 k2] idx=81 gold=136.0 pred=1.0 ✗ (3s)
[83/122 k0] idx=82 gold=18.0 pred=18.0 ✓ (4s)
[83/122 k1] idx=82 gold=18.0 pred=1.0 ✗ (7s)
[83/122 k2] idx=82 gold=18.0 pred=1.0 ✗ (6s)
[84/122 k0] idx=83 gold=160.0 pred=160.0 ✓ (5s)
[84/122 k1] idx=83 gold=160.0 pred=7.0 ✗ (9s)
[84/122 k2] idx=83 gold=160.0 pred=160.0 ✓ (8s)
[85/122 k0] idx=84 gold=4.0 pred=1.0 ✗ (3s)
[85/122 k1] idx=84 gold=4.0 pred=4.0 ✓ (5s)
[85/122 k2] idx=84 gold=4.0 pred=6.0 ✗ (4s)
[86/122 k0] idx=85 gold=40000.0 pred=1.0 ✗ (17s)
[86/122 k1] idx=85 gold=40000.0 pred=40000.0 ✓ (9s)
[86/122 k2] idx=85 gold=40000.0 pred=40000.0 ✓ (8s)
[87/122 k0] idx=86 gold=40.0 pred=40.0 ✓ (6s)
[87/122 k1] idx=86 gold=40.0 pred=40.0 ✓ (7s)
[87/122 k2] idx=86 gold=40.0 pred=40.0 ✓ (15s)
[88/122 k0] idx=87 gold=0.4 pred=0.4 ✓ (5s)
[88/122 k1] idx=87 gold=0.4 pred=1.0 ✗ (8s)
[88/122 k2] idx=87 gold=0.4 pred=0.4 ✓ (12s)
[89/122 k0] idx=88 gold=1.0 pred=8.0 ✗ (8s)
[89/122 k1] idx=88 gold=1.0 pred=0.0 ✗ (17s)
[89/122 k2] idx=88 gold=1.0 pred=1.0 ✓ (16s)
[90/122 k0] idx=89 gold=1.0 pred=1.0 ✓ (6s)
[90/122 k1] idx=89 gold=1.0 pred=1.0 ✓ (5s)
[90/122 k2] idx=89 gold=1.0 pred=1.0 ✓ (5s)
[91/122 k0] idx=90 gold=220060.0 pred=240.0 ✗ (17s)
[91/122 k1] idx=90 gold=220060.0 pred=8.0 ✗ (7s)
[91/122 k2] idx=90 gold=220060.0 pred=8.0 ✗ (12s)
[92/122 k0] idx=91 gold=11.0 pred=1.0 ✗ (7s)
[92/122 k1] idx=91 gold=11.0 pred=11.0 ✓ (3s)
[92/122 k2] idx=91 gold=11.0 pred=1.0 ✗ (6s)
[93/122 k0] idx=92 gold=34.0 pred=34.0 ✓ (13s)
[93/122 k1] idx=92 gold=34.0 pred=1.0 ✗ (13s)
[93/122 k2] idx=92 gold=34.0 pred=7.0 ✗ (11s)
[94/122 k0] idx=93 gold=7.0 pred=7.0 ✓ (3s)
[94/122 k1] idx=93 gold=7.0 pred=8.0 ✗ (5s)
[94/122 k2] idx=93 gold=7.0 pred=1.0 ✗ (4s)
[95/122 k0] idx=94 gold=3.0 pred=3.0 ✓ (9s)
[95/122 k1] idx=94 gold=3.0 pred=3.0 ✓ (20s)
[95/122 k2] idx=94 gold=3.0 pred=1.0 ✗ (8s)
[96/122 k0] idx=95 gold=720.0 pred=1.0 ✗ (7s)
[96/122 k1] idx=95 gold=720.0 pred=6.0 ✗ (6s)
[96/122 k2] idx=95 gold=720.0 pred=1.0 ✗ (3s)
[97/122 k0] idx=96 gold=15.0 pred=6.0 ✗ (8s)
[97/122 k1] idx=96 gold=15.0 pred=6.0 ✗ (6s)
[97/122 k2] idx=96 gold=15.0 pred=15.0 ✓ (8s)
[98/122 k0] idx=97 gold=2.0 pred=2.0 ✓ (16s)
[98/122 k1] idx=97 gold=2.0 pred=2.0 ✓ (15s)
[98/122 k2] idx=97 gold=2.0 pred=-58.0 ✗ (18s)
[99/122 k0] idx=98 gold=-15.0 pred=-15.0 ✓ (13s)
[99/122 k1] idx=98 gold=-15.0 pred=-15.0 ✓ (11s)
[99/122 k2] idx=98 gold=-15.0 pred=-15.0 ✓ (16s)
[100/122 k0] idx=99 gold=29.0 pred=29.0 ✓ (10s)
[100/122 k1] idx=99 gold=29.0 pred=1.0 ✗ (6s)
[100/122 k2] idx=99 gold=29.0 pred=29.0 ✓ (8s)
[101/122 k0] idx=100 gold=2.0 pred=7.0 ✗ (7s)
[101/122 k1] idx=100 gold=2.0 pred=2.0 ✓ (8s)
[101/122 k2] idx=100 gold=2.0 pred=1.0 ✗ (15s)
[102/122 k0] idx=101 gold=0.0 pred=0.0 ✓ (5s)
[102/122 k1] idx=101 gold=0.0 pred=1.0 ✗ (3s)
[102/122 k2] idx=101 gold=0.0 pred=0.0 ✓ (3s)
[103/122 k0] idx=102 gold=7.0 pred=1.0 ✗ (3s)
[103/122 k1] idx=102 gold=7.0 pred=1.0 ✗ (3s)
[103/122 k2] idx=102 gold=7.0 pred=1.0 ✗ (3s)
[104/122 k0] idx=103 gold=16.0 pred=8.0 ✗ (13s)
[104/122 k1] idx=103 gold=16.0 pred=16.0 ✓ (4s)
[104/122 k2] idx=103 gold=16.0 pred=1.0 ✗ (6s)
[105/122 k0] idx=104 gold=31.0 pred=31.0 ✓ (4s)
[105/122 k1] idx=104 gold=31.0 pred=1.0 ✗ (5s)
[105/122 k2] idx=104 gold=31.0 pred=1.0 ✗ (10s)
[106/122 k0] idx=105 gold=9.0 pred=9.0 ✓ (3s)
[106/122 k1] idx=105 gold=9.0 pred=1.0 ✗ (4s)
[106/122 k2] idx=105 gold=9.0 pred=9.0 ✓ (8s)
[107/122 k0] idx=106 gold=60.0 pred=1.0 ✗ (5s)
[107/122 k1] idx=106 gold=60.0 pred=6.0 ✗ (5s)
[107/122 k2] idx=106 gold=60.0 pred=1.0 ✗ (4s)
[108/122 k0] idx=107 gold=6.0 pred=6.0 ✓ (7s)
[108/122 k1] idx=107 gold=6.0 pred=1.0 ✗ (3s)
[108/122 k2] idx=107 gold=6.0 pred=5.0 ✗ (6s)
[109/122 k0] idx=108 gold=24.0 pred=6.0 ✗ (7s)
[109/122 k1] idx=108 gold=24.0 pred=24.0 ✓ (16s)
[109/122 k2] idx=108 gold=24.0 pred=24.0 ✓ (8s)
[110/122 k0] idx=109 gold=36.0 pred=1.0 ✗ (4s)
[110/122 k1] idx=109 gold=36.0 pred=36.0 ✓ (5s)
[110/122 k2] idx=109 gold=36.0 pred=1.0 ✗ (3s)
[111/122 k0] idx=110 gold=-120.0 pred=-120.0 ✓ (7s)
[111/122 k1] idx=110 gold=-120.0 pred=1.0 ✗ (4s)
[111/122 k2] idx=110 gold=-120.0 pred=-120.0 ✓ (7s)
[112/122 k0] idx=111 gold=6800.0 pred=7.0 ✗ (17s)
[112/122 k1] idx=111 gold=6800.0 pred=6800.0 ✓ (17s)
[112/122 k2] idx=111 gold=6800.0 pred=8.0 ✗ (8s)
[113/122 k0] idx=112 gold=109.0 pred=1.0 ✗ (7s)
[113/122 k1] idx=112 gold=109.0 pred=109.0 ✓ (5s)
[113/122 k2] idx=112 gold=109.0 pred=5.0 ✗ (4s)
[114/122 k0] idx=113 gold=6.0 pred=6.0 ✓ (9s)
[114/122 k1] idx=113 gold=6.0 pred=7.0 ✗ (14s)
[114/122 k2] idx=113 gold=6.0 pred=6.0 ✓ (18s)
[115/122 k0] idx=114 gold=4.0 pred=1.0 ✗ (3s)
[115/122 k1] idx=114 gold=4.0 pred=8.0 ✗ (3s)
[115/122 k2] idx=114 gold=4.0 pred=4.0 ✓ (4s)
[116/122 k0] idx=115 gold=9.0 pred=1.0 ✗ (3s)
[116/122 k1] idx=115 gold=9.0 pred=9.0 ✓ (3s)
[116/122 k2] idx=115 gold=9.0 pred=9.0 ✓ (4s)
[117/122 k0] idx=116 gold=52.0 pred=52.0 ✓ (5s)
[117/122 k1] idx=116 gold=52.0 pred=6.0 ✗ (6s)
[117/122 k2] idx=116 gold=52.0 pred=1.0 ✗ (5s)
[118/122 k0] idx=117 gold=5.0 pred=1.0 ✗ (3s)
[118/122 k1] idx=117 gold=5.0 pred=5.0 ✓ (2s)
[118/122 k2] idx=117 gold=5.0 pred=10.0 ✗ (7s)
[119/122 k0] idx=118 gold=104.0 pred=1.0 ✗ (9s)
[119/122 k1] idx=118 gold=104.0 pred=1.0 ✗ (6s)
[119/122 k2] idx=118 gold=104.0 pred=104.0 ✓ (18s)
[120/122 k0] idx=119 gold=-2.0 pred=-2.0 ✓ (4s)
[120/122 k1] idx=119 gold=-2.0 pred=1.0 ✗ (5s)
[120/122 k2] idx=119 gold=-2.0 pred=2.0 ✗ (7s)
[121/122 k0] idx=120 gold=20.0 pred=22.22222222222222 ✗ (8s)
[121/122 k1] idx=120 gold=20.0 pred=20.0 ✓ (6s)
[121/122 k2] idx=120 gold=20.0 pred=20.0 ✓ (7s)
[122/122 k0] idx=121 gold=11.0 pred=1.0 ✗ (3s)
[122/122 k1] idx=121 gold=11.0 pred=1.0 ✗ (3s)
[122/122 k2] idx=121 gold=11.0 pred=1.0 ✗ (2s)
