[1/121 k0] idx=122 gold=189.0 pred=189.0 ✓ (10s)
[1/121 k1] idx=122 gold=189.0 pred=6.0 ✗ (8s)
[1/121 k2] idx=122 gold=189.0 pred=1.0 ✗ (13s)
[2/121 k0] idx=123 gold=2000.0 pred=2000.0 ✓ (10s)
[2/121 k1] idx=123 gold=2000.0 pred=2000.0 ✓ (16s)
[2/121 k2] idx=123 gold=2000.0 pred=2000.0 ✓ (13s)
[3/121 k0] idx=124 gold=3.0 pred=3.0 ✓ (14s)
[3/121 k1] idx=124 gold=3.0 pred=11.0 ✗ (11s)
[3/121 k2] idx=124 gold=3.0 pred=1.0 ✗ (11s)
[4/121 k0] idx=125 gold=51.0 pred=51.0 ✓ (9s)
[4/121 k1] idx=125 gold=51.0 pred=51.0 ✓ (9s)
[4/121 k2] idx=125 gold=51.0 pred=1.0 ✗ (8s)
[5/121 k0] idx=126 gold=24.0 pred=-0.016666666666666666 ✗ (37s)
[5/121 k1] idx=126 gold=24.0 pred=6.0 ✗ (46s)
[5/121 k2] idx=126 gold=24.0 pred=24.0 ✓ (21s)
[6/121 k0] idx=127 gold=-1.0 pred=-1.0 ✓ (13s)
[6/121 k1] idx=127 gold=-1.0 pred=-1.0 ✓ (10s)
[6/121 k2] idx=127 gold=-1.0 pred=1.0 ✗ (7s)
[7/121 k0] idx=128 gold=38.0 pred=38.0 ✓ (10s)
[7/121 k1] idx=128 gold=38.0 pred=38.0 ✓ (11s)
[7/121 k2] idx=128 gold=38.0 pred=1.0 ✗ (8s)
[8/121 k0] idx=129 gold=13.0 pred=13.0 ✓ (6s)
[8/121 k1] idx=129 gold=13.0 pred=13.0 ✓ (13s)
[8/121 k2] idx=129 gold=13.0 pred=13.0 ✓ (8s)
[9/121 k0] idx=130 gold=156.0 pred=1.0 ✗ (8s)
[9/121 k1] idx=130 gold=156.0 pred=156.0 ✓ (9s)
[9/121 k2] idx=130 gold=156.0 pred=1.0 ✗ (10s)
[10/121 k0] idx=131 gold=26.0 pred=26.0 ✓ (8s)
[10/121 k1] idx=131 gold=26.0 pred=11.0 ✗ (9s)
[10/121 k2] idx=131 gold=26.0 pred=26.0 ✓ (10s)
[11/121 k0] idx=132 gold=10.0 pred=1.0 ✗ (8s)
[11/121 k1] idx=132 gold=10.0 pred=10.0 ✓ (16s)
[11/121 k2] idx=132 gold=10.0 pred=10.0 ✓ (11s)
[12/121 k0] idx=133 gold=15.0 pred=15.0 ✓ (41s)
[12/121 k1] idx=133 gold=15.0 pred=1.0 ✗ (47s)
[12/121 k2] idx=133 gold=15.0 pred=1.0 ✗ (43s)
[13/121 k0] idx=134 gold=145.0 pred=1.0 ✗ (7s)
[13/121 k1] idx=134 gold=145.0 pred=145.0 ✓ (8s)
[13/121 k2] idx=134 gold=145.0 pred=1.0 ✗ (7s)
[14/121 k0] idx=135 gold=0.0 pred=1.0 ✗ (54s)
[14/121 k1] idx=135 gold=0.0 pred=1.0 ✗ (40s)
[14/121 k2] idx=135 gold=0.0 pred=0.0 ✓ (26s)
[15/121 k0] idx=136 gold=-42.0 pred=1.0 ✗ (67s)
[15/121 k1] idx=136 gold=-42.0 pred=-42.0 ✓ (65s)
[15/121 k2] idx=136 gold=-42.0 pred=-42.0 ✓ (64s)
[16/121 k0] idx=137 gold=32.0 pred=32.0 ✓ (9s)
[16/121 k1] idx=137 gold=32.0 pred=32.0 ✓ (10s)
[16/121 k2] idx=137 gold=32.0 pred=1.0 ✗ (9s)
[17/121 k0] idx=138 gold=120.0 pred=1.0 ✗ (13s)
[17/121 k1] idx=138 gold=120.0 pred=1.0 ✗ (13s)
[17/121 k2] idx=138 gold=120.0 pred=120.0 ✓ (53s)
[18/121 k0] idx=139 gold=21.0 pred=21.0 ✓ (12s)
[18/121 k1] idx=139 gold=21.0 pred=1.0 ✗ (12s)
[18/121 k2] idx=139 gold=21.0 pred=21.0 ✓ (12s)
[19/121 k0] idx=140 gold=0.4666666666666667 pred=7.0 ✗ (12s)
[19/121 k1] idx=140 gold=0.4666666666666667 pred=8.0 ✗ (14s)
[19/121 k2] idx=140 gold=0.4666666666666667 pred=1.0 ✗ (13s)
[20/121 k0] idx=141 gold=5.0 pred=1.0 ✗ (20s)
[20/121 k1] idx=141 gold=5.0 pred=5.0 ✓ (23s)
[20/121 k2] idx=141 gold=5.0 pred=5.0 ✓ (19s)
[21/121 k0] idx=142 gold=153.0 pred=153.0 ✓ (15s)
[21/121 k1] idx=142 gold=153.0 pred=153.0 ✓ (11s)
[21/121 k2] idx=142 gold=153.0 pred=1.0 ✗ (23s)
[22/121 k0] idx=143 gold=4.0 pred=1.0 ✗ (7s)
[22/121 k1] idx=143 gold=4.0 pred=4.0 ✓ (8s)
[22/121 k2] idx=143 gold=4.0 pred=5.0 ✗ (11s)
[23/121 k0] idx=144 gold=7.0 pred=1.0 ✗ (6s)
[23/121 k1] idx=144 gold=7.0 pred=7.0 ✓ (6s)
[23/121 k2] idx=144 gold=7.0 pred=1.0 ✗ (10s)
[24/121 k0] idx=145 gold=402.0 pred=6.0 ✗ (9s)
[24/121 k1] idx=145 gold=402.0 pred=402.0 ✓ (6s)
[24/121 k2] idx=145 gold=402.0 pred=402.0 ✓ (6s)
[25/121 k0] idx=146 gold=256.0 pred=1.0 ✗ (76s)
[25/121 k1] idx=146 gold=256.0 pred=8.0 ✗ (66s)
[25/121 k2] idx=146 gold=256.0 pred=10.0 ✗ (75s)
[26/121 k0] idx=147 gold=440.0 pred=440.0 ✓ (7s)
[26/121 k1] idx=147 gold=440.0 pred=440.0 ✓ (10s)
[26/121 k2] idx=147 gold=440.0 pred=6.0 ✗ (7s)
[27/121 k0] idx=148 gold=48.0 pred=48.0 ✓ (7s)
[27/121 k1] idx=148 gold=48.0 pred=1.0 ✗ (8s)
[27/121 k2] idx=148 gold=48.0 pred=8.0 ✗ (8s)
[28/121 k0] idx=149 gold=10.0 pred=10.0 ✓ (13s)
[28/121 k1] idx=149 gold=10.0 pred=5.0 ✗ (8s)
[28/121 k2] idx=149 gold=10.0 pred=1.0 ✗ (6s)
[29/121 k0] idx=150 gold=324.0 pred=324.0 ✓ (6s)
[29/121 k1] idx=150 gold=324.0 pred=1.0 ✗ (10s)
[29/121 k2] idx=150 gold=324.0 pred=324.0 ✓ (10s)
[30/121 k0] idx=151 gold=44.0 pred=44.0 ✓ (22s)
[30/121 k1] idx=151 gold=44.0 pred=1.0 ✗ (24s)
[30/121 k2] idx=151 gold=44.0 pred=1.0 ✗ (11s)
[31/121 k0] idx=152 gold=0.0 pred=0.0 ✓ (10s)
[31/121 k1] idx=152 gold=0.0 pred=0.0 ✓ (8s)
[31/121 k2] idx=152 gold=0.0 pred=1.0 ✗ (14s)
[32/121 k0] idx=153 gold=3.0 pred=3.0 ✓ (15s)
[32/121 k1] idx=153 gold=3.0 pred=3.0 ✓ (6s)
[32/121 k2] idx=153 gold=3.0 pred=1.0 ✗ (7s)
[33/121 k0] idx=154 gold=-8.0 pred=1.0 ✗ (20s)
[33/121 k1] idx=154 gold=-8.0 pred=-8.0 ✓ (9s)
[33/121 k2] idx=154 gold=-8.0 pred=1.0 ✗ (13s)
[34/121 k0] idx=155 gold=70.0 pred=1.0 ✗ (10s)
[34/121 k1] idx=155 gold=70.0 pred=1.0 ✗ (7s)
[34/121 k2] idx=155 gold=70.0 pred=70.0 ✓ (7s)
[35/121 k0] idx=156 gold=1.0 pred=10.0 ✗ (9s)
[35/121 k1] idx=156 gold=1.0 pred=6.0 ✗ (9s)
[35/121 k2] idx=156 gold=1.0 pred=10.0 ✗ (18s)
[36/121 k0] idx=157 gold=55.0 pred=55.0 ✓ (9s)
[36/121 k1] idx=157 gold=55.0 pred=55.0 ✓ (9s)
[36/121 k2] idx=157 gold=55.0 pred=55.0 ✓ (10s)
[37/121 k0] idx=158 gold=756.0 pred=756.0 ✓ (8s)
[37/121 k1] idx=158 gold=756.0 pred=756.0 ✓ (7s)
[37/121 k2] idx=158 gold=756.0 pred=4.0 ✗ (7s)
[38/121 k0] idx=159 gold=280.0 pred=6.0 ✗ (7s)
[38/121 k1] idx=159 gold=280.0 pred=1.0 ✗ (8s)
[38/121 k2] idx=159 gold=280.0 pred=1.0 ✗ (8s)
[39/121 k0] idx=160 gold=7200.0 pred=1.0 ✗ (20s)
[39/121 k1] idx=160 gold=7200.0 pred=1.0 ✗ (18s)
[39/121 k2] idx=160 gold=7200.0 pred=1.0 ✗ (18s)
[40/121 k0] idx=161 gold=7.0 pred=7.0 ✓ (8s)
[40/121 k1] idx=161 gold=7.0 pred=1.0 ✗ (8s)
[40/121 k2] idx=161 gold=7.0 pred=1.0 ✗ (9s)
[41/121 k0] idx=162 gold=15.0 pred=7.0 ✗ (29s)
[41/121 k1] idx=162 gold=15.0 pred=15.0 ✓ (63s)
[41/121 k2] idx=162 gold=15.0 pred=1.0 ✗ (41s)
[42/121 k0] idx=163 gold=150.0 pred=1.0 ✗ (40s)
[42/121 k1] idx=163 gold=150.0 pred=150.0 ✓ (41s)
[42/121 k2] idx=163 gold=150.0 pred=10.0 ✗ (59s)
[43/121 k0] idx=164 gold=2.25 pred=5.0 ✗ (12s)
[43/121 k1] idx=164 gold=2.25 pred=1.0 ✗ (11s)
[43/121 k2] idx=164 gold=2.25 pred=5.0 ✗ (7s)
[44/121 k0] idx=165 gold=4.0 pred=4.0 ✓ (52s)
[44/121 k1] idx=165 gold=4.0 pred=4.0 ✓ (28s)
[44/121 k2] idx=165 gold=4.0 pred=4.0 ✓ (31s)
[45/121 k0] idx=166 gold=3.0 pred=1.0 ✗ (13s)
[45/121 k1] idx=166 gold=3.0 pred=3.0 ✓ (8s)
[45/121 k2] idx=166 gold=3.0 pred=4.0 ✗ (6s)
[46/121 k0] idx=167 gold=6.0 pred=6.0 ✓ (11s)
[46/121 k1] idx=167 gold=6.0 pred=6.0 ✓ (14s)
[46/121 k2] idx=167 gold=6.0 pred=1.0 ✗ (7s)
[47/121 k0] idx=168 gold=6.0 pred=6.0 ✓ (10s)
[47/121 k1] idx=168 gold=6.0 pred=1.0 ✗ (16s)
[47/121 k2] idx=168 gold=6.0 pred=1.0 ✗ (13s)
[48/121 k0] idx=169 gold=9.0 pred=1.0 ✗ (20s)
[48/121 k1] idx=169 gold=9.0 pred=1006.0 ✗ (31435s)
