  断点续跑：跳过 60 条
[21/122 k0] idx=20 gold=91.0 pred=91.0 ✓ (47s)
[21/122 k1] idx=20 gold=91.0 pred=91.0 ✓ (50s)
[21/122 k2] idx=20 gold=91.0 pred=1.0 ✗ (52s)
[22/122 k0] idx=21 gold=2.0 pred=1.0 ✗ (55s)
[22/122 k1] idx=21 gold=2.0 pred=1.0 ✗ (79s)
[22/122 k2] idx=21 gold=2.0 pred=2.0 ✓ (65s)
[23/122 k0] idx=22 gold=45.0 pred=45.0 ✓ (56s)
[23/122 k1] idx=22 gold=45.0 pred=45.0 ✓ (63s)
[23/122 k2] idx=22 gold=45.0 pred=4.0 ✗ (73s)
[24/122 k0] idx=23 gold=90.0 pred=90.0 ✓ (48s)
[24/122 k1] idx=23 gold=90.0 pred=90.0 ✓ (51s)
[24/122 k2] idx=23 gold=90.0 pred=1.0 ✗ (29s)
[25/122 k0] idx=24 gold=567.0 pred=8.0 ✗ (56s)
[25/122 k1] idx=24 gold=567.0 pred=567.0 ✓ (46s)
[25/122 k2] idx=24 gold=567.0 pred=1.0 ✗ (54s)
[26/122 k0] idx=25 gold=5.0 pred=9.0 ✗ (71s)
[26/122 k1] idx=25 gold=5.0 pred=5.0 ✓ (81s)
[26/122 k2] idx=25 gold=5.0 pred=1.0 ✗ (70s)
[27/122 k0] idx=26 gold=10.0 pred=10.0 ✓ (72s)
[27/122 k1] idx=26 gold=10.0 pred=25.0 ✗ (66s)
[27/122 k2] idx=26 gold=10.0 pred=1.0 ✗ (40s)
[28/122 k0] idx=27 gold=-2.0 pred=1.0 ✗ (53s)
[28/122 k1] idx=27 gold=-2.0 pred=-2.0 ✓ (42s)
[28/122 k2] idx=27 gold=-2.0 pred=5.0 ✗ (39s)
[29/122 k0] idx=28 gold=20.0 pred=4.0 ✗ (12s)
[29/122 k1] idx=28 gold=20.0 pred=1.0 ✗ (10s)
[29/122 k2] idx=28 gold=20.0 pred=1.0 ✗ (11s)
[30/122 k0] idx=29 gold=20.0 pred=66.0 ✗ (18s)
[30/122 k1] idx=29 gold=20.0 pred=7.0 ✗ (22s)
[30/122 k2] idx=29 gold=20.0 pred=20.0 ✓ (18s)
[31/122 k0] idx=30 gold=549.0 pred=549.0 ✓ (73s)
[31/122 k1] idx=30 gold=549.0 pred=5.0 ✗ (77s)
[31/122 k2] idx=30 gold=549.0 pred=549.0 ✓ (75s)
[32/122 k0] idx=31 gold=3.0 pred=1.0 ✗ (63s)
[32/122 k1] idx=31 gold=3.0 pred=3.0 ✓ (52s)
[32/122 k2] idx=31 gold=3.0 pred=1.0 ✗ (48s)
[33/122 k0] idx=32 gold=460.0 pred=1.0 ✗ (46s)
[33/122 k1] idx=32 gold=460.0 pred=460.0 ✓ (42s)
[33/122 k2] idx=32 gold=460.0 pred=460.0 ✓ (39s)
[34/122 k0] idx=33 gold=20.0 pred=1.0 ✗ (39s)
[34/122 k1] idx=33 gold=20.0 pred=20.0 ✓ (27s)
[34/122 k2] idx=33 gold=20.0 pred=11.0 ✗ (26s)
[35/122 k0] idx=34 gold=150.0 pred=150.0 ✓ (53s)
[35/122 k1] idx=34 gold=150.0 pred=150.0 ✓ (45s)
[35/122 k2] idx=34 gold=150.0 pred=6.0 ✗ (36s)
[36/122 k0] idx=35 gold=8.0 pred=1.0 ✗ (43s)
[36/122 k1] idx=35 gold=8.0 pred=7.0 ✗ (51s)
[36/122 k2] idx=35 gold=8.0 pred=1.0 ✗ (40s)
[37/122 k0] idx=36 gold=42.0 pred=1.0 ✗ (23s)
[37/122 k1] idx=36 gold=42.0 pred=1.0 ✗ (31s)
[37/122 k2] idx=36 gold=42.0 pred=1.0 ✗ (37s)
[38/122 k0] idx=37 gold=6.0 pred=6.0 ✓ (63s)
[38/122 k1] idx=37 gold=6.0 pred=6.0 ✓ (64s)
[38/122 k2] idx=37 gold=6.0 pred=1.0 ✗ (51s)
[39/122 k0] idx=38 gold=-1.0 pred=-1.0 ✓ (42s)
[39/122 k1] idx=38 gold=-1.0 pred=7.0 ✗ (40s)
[39/122 k2] idx=38 gold=-1.0 pred=1.0 ✗ (34s)
[40/122 k0] idx=39 gold=64.0 pred=1.0 ✗ (31s)
[40/122 k1] idx=39 gold=64.0 pred=1.0 ✗ (27s)
[40/122 k2] idx=39 gold=64.0 pred=64.0 ✓ (36s)
[41/122 k0] idx=40 gold=200.0 pred=1.0 ✗ (7s)
[41/122 k1] idx=40 gold=200.0 pred=1.0 ✗ (6s)
[41/122 k2] idx=40 gold=200.0 pred=1.0 ✗ (7s)
[42/122 k0] idx=41 gold=18.09 pred=6.0 ✗ (27s)
[42/122 k1] idx=41 gold=18.09 pred=1.0 ✗ (35s)
[42/122 k2] idx=41 gold=18.09 pred=1.0 ✗ (39s)
[43/122 k0] idx=42 gold=10.0 pred=10.0 ✓ (72s)
[43/122 k1] idx=42 gold=10.0 pred=10.0 ✓ (62s)
[43/122 k2] idx=42 gold=10.0 pred=10.0 ✓ (40s)
[44/122 k0] idx=43 gold=50.0 pred=50.0 ✓ (51s)
[44/122 k1] idx=43 gold=50.0 pred=50.0 ✓ (47s)
[44/122 k2] idx=43 gold=50.0 pred=1.0 ✗ (74s)
[45/122 k0] idx=44 gold=6.0 pred=1.0 ✗ (9s)
[45/122 k1] idx=44 gold=6.0 pred=6.0 ✓ (10s)
[45/122 k2] idx=44 gold=6.0 pred=3.0 ✗ (9s)
[46/122 k0] idx=45 gold=6.0 pred=1.0 ✗ (30s)
[46/122 k1] idx=45 gold=6.0 pred=1.0 ✗ (20s)
[46/122 k2] idx=45 gold=6.0 pred=1.0 ✗ (44s)
[47/122 k0] idx=46 gold=2.0 pred=2.0 ✓ (69s)
[47/122 k1] idx=46 gold=2.0 pred=1.0 ✗ (50s)
[47/122 k2] idx=46 gold=2.0 pred=2.0 ✓ (56s)
[48/122 k0] idx=47 gold=2.0 pred=2.0 ✓ (40s)
[48/122 k1] idx=47 gold=2.0 pred=2.0 ✓ (24s)
[48/122 k2] idx=47 gold=2.0 pred=2.0 ✓ (22s)
[49/122 k0] idx=48 gold=2.0 pred=2.0 ✓ (20s)
[49/122 k1] idx=48 gold=2.0 pred=2.0 ✓ (12s)
[49/122 k2] idx=48 gold=2.0 pred=1.0 ✗ (15s)
[50/122 k0] idx=49 gold=60.0 pred=60.0 ✓ (67s)
[50/122 k1] idx=49 gold=60.0 pred=1.0 ✗ (64s)
[50/122 k2] idx=49 gold=60.0 pred=1.0 ✗ (64s)
[51/122 k0] idx=50 gold=15.0 pred=1.0 ✗ (58s)
[51/122 k1] idx=50 gold=15.0 pred=15.0 ✓ (46s)
[51/122 k2] idx=50 gold=15.0 pred=15.0 ✓ (57s)
[52/122 k0] idx=51 gold=30.0 pred=30.0 ✓ (42s)
[52/122 k1] idx=51 gold=30.0 pred=6.0 ✗ (39s)
[52/122 k2] idx=51 gold=30.0 pred=30.0 ✓ (35s)
[53/122 k0] idx=52 gold=88.0 pred=88.0 ✓ (26s)
[53/122 k1] idx=52 gold=88.0 pred=88.0 ✓ (31s)
[53/122 k2] idx=52 gold=88.0 pred=88.0 ✓ (23s)
[54/122 k0] idx=53 gold=40.0 pred=1.0 ✗ (51s)
[54/122 k1] idx=53 gold=40.0 pred=40.0 ✓ (52s)
[54/122 k2] idx=53 gold=40.0 pred=1.0 ✗ (33s)
[55/122 k0] idx=54 gold=63.0 pred=5.0 ✗ (73s)
[55/122 k1] idx=54 gold=63.0 pred=63.0 ✓ (69s)
[55/122 k2] idx=54 gold=63.0 pred=5.0 ✗ (78s)
[56/122 k0] idx=55 gold=26.0 pred=26.0 ✓ (39s)
[56/122 k1] idx=55 gold=26.0 pred=26.0 ✓ (49s)
[56/122 k2] idx=55 gold=26.0 pred=26.0 ✓ (42s)
[57/122 k0] idx=56 gold=4.0 pred=4.0 ✓ (18s)
[57/122 k1] idx=56 gold=4.0 pred=1.0 ✗ (33s)
[57/122 k2] idx=56 gold=4.0 pred=1.0 ✗ (22s)
[58/122 k0] idx=57 gold=55.0 pred=55.0 ✓ (35s)
[58/122 k1] idx=57 gold=55.0 pred=1.0 ✗ (30s)
[58/122 k2] idx=57 gold=55.0 pred=55.0 ✓ (43s)
[59/122 k0] idx=58 gold=880.0 pred=6.0 ✗ (25s)
[59/122 k1] idx=58 gold=880.0 pred=1.0 ✗ (31s)
[59/122 k2] idx=58 gold=880.0 pred=1.0 ✗ (26s)
[60/122 k0] idx=59 gold=644.0 pred=1.0 ✗ (27s)
[60/122 k1] idx=59 gold=644.0 pred=644.0 ✓ (25s)
[60/122 k2] idx=59 gold=644.0 pred=1.0 ✗ (22s)
[61/122 k0] idx=60 gold=240.0 pred=1.0 ✗ (22s)
[61/122 k1] idx=60 gold=240.0 pred=240.0 ✓ (13s)
[61/122 k2] idx=60 gold=240.0 pred=240.0 ✓ (9s)
[62/122 k0] idx=61 gold=9.0 pred=9.0 ✓ (49s)
[62/122 k1] idx=61 gold=9.0 pred=9.0 ✓ (58s)
[62/122 k2] idx=61 gold=9.0 pred=9.0 ✓ (42s)
[63/122 k0] idx=62 gold=255.0 pred=3333.0 ✗ (12s)
[63/122 k1] idx=62 gold=255.0 pred=255.0 ✓ (18s)
[63/122 k2] idx=62 gold=255.0 pred=255.0 ✓ (11s)
[64/122 k0] idx=63 gold=45.0 pred=45.0 ✓ (10s)
[64/122 k1] idx=63 gold=45.0 pred=1.0 ✗ (9s)
[64/122 k2] idx=63 gold=45.0 pred=1.0 ✗ (13s)
[65/122 k0] idx=64 gold=23.0 pred=23.0 ✓ (11s)
[65/122 k1] idx=64 gold=23.0 pred=1.0 ✗ (7s)
[65/122 k2] idx=64 gold=23.0 pred=23.0 ✓ (11s)
[66/122 k0] idx=65 gold=5.0 pred=5.0 ✓ (75s)
[66/122 k1] idx=65 gold=5.0 pred=5.0 ✓ (93s)
[66/122 k2] idx=65 gold=5.0 pred=5.0 ✓ (57s)
[67/122 k0] idx=66 gold=27.2 pred=27.2 ✓ (19s)
[67/122 k1] idx=66 gold=27.2 pred=27.2 ✓ (17s)
[67/122 k2] idx=66 gold=27.2 pred=27.2 ✓ (15s)
[68/122 k0] idx=67 gold=90.0 pred=90.0 ✓ (55s)
[68/122 k1] idx=67 gold=90.0 pred=1.0 ✗ (48s)
[68/122 k2] idx=67 gold=90.0 pred=1.0 ✗ (38s)
[69/122 k0] idx=68 gold=-40.0 pred=1.0 ✗ (36s)
[69/122 k1] idx=68 gold=-40.0 pred=1.0 ✗ (30s)
[69/122 k2] idx=68 gold=-40.0 pred=1.0 ✗ (35s)
[70/122 k0] idx=69 gold=75.0 pred=1.0 ✗ (74s)
[70/122 k1] idx=69 gold=75.0 pred=75.0 ✓ (59s)
[70/122 k2] idx=69 gold=75.0 pred=1.0 ✗ (61s)
[71/122 k0] idx=70 gold=18.0 pred=1.0 ✗ (61s)
[71/122 k1] idx=70 gold=18.0 pred=18.0 ✓ (55s)
[71/122 k2] idx=70 gold=18.0 pred=18.0 ✓ (50s)
[72/122 k0] idx=71 gold=2.0 pred=1.0 ✗ (75s)
[72/122 k1] idx=71 gold=2.0 pred=2.0 ✓ (42s)
[72/122 k2] idx=71 gold=2.0 pred=5.0 ✗ (71s)
[73/122 k0] idx=72 gold=18.0 pred=18.0 ✓ (54s)
[73/122 k1] idx=72 gold=18.0 pred=1.0 ✗ (58s)
[73/122 k2] idx=72 gold=18.0 pred=18.0 ✓ (42s)
[74/122 k0] idx=73 gold=25.0 pred=25.0 ✓ (18s)
[74/122 k1] idx=73 gold=25.0 pred=25.0 ✓ (14s)
[74/122 k2] idx=73 gold=25.0 pred=1.0 ✗ (11s)
[75/122 k0] idx=74 gold=3.0 pred=3.0 ✓ (48s)
[75/122 k1] idx=74 gold=3.0 pred=6.0 ✗ (57s)
[75/122 k2] idx=74 gold=3.0 pred=1.0 ✗ (46s)
[76/122 k0] idx=75 gold=4.0 pred=4.0 ✓ (16s)
[76/122 k1] idx=75 gold=4.0 pred=1.0 ✗ (12s)
[76/122 k2] idx=75 gold=4.0 pred=4.0 ✓ (25s)
[77/122 k0] idx=76 gold=1.0 pred=1.0 ✓ (12s)
[77/122 k1] idx=76 gold=1.0 pred=1.0 ✓ (12s)
[77/122 k2] idx=76 gold=1.0 pred=1.0 ✓ (10s)
[78/122 k0] idx=77 gold=12.0 pred=12.0 ✓ (58s)
[78/122 k1] idx=77 gold=12.0 pred=12.0 ✓ (53s)
[78/122 k2] idx=77 gold=12.0 pred=12.0 ✓ (59s)
[79/122 k0] idx=78 gold=7.0 pred=7.0 ✓ (60s)
[79/122 k1] idx=78 gold=7.0 pred=7.0 ✓ (40s)
[79/122 k2] idx=78 gold=7.0 pred=7.0 ✓ (58s)
[80/122 k0] idx=79 gold=17.0 pred=4.0 ✗ (67s)
[80/122 k1] idx=79 gold=17.0 pred=17.0 ✓ (69s)
[80/122 k2] idx=79 gold=17.0 pred=5.0 ✗ (58s)
[81/122 k0] idx=80 gold=5.0 pred=5.0 ✓ (66s)
[81/122 k1] idx=80 gold=5.0 pred=5.0 ✓ (69s)
[81/122 k2] idx=80 gold=5.0 pred=12.0 ✗ (74s)
[82/122 k0] idx=81 gold=136.0 pred=7.0 ✗ (50s)
[82/122 k1] idx=81 gold=136.0 pred=1.0 ✗ (65s)
[82/122 k2] idx=81 gold=136.0 pred=6.0 ✗ (34s)
[83/122 k0] idx=82 gold=18.0 pred=5.0 ✗ (33s)
[83/122 k1] idx=82 gold=18.0 pred=11.0 ✗ (24s)
[83/122 k2] idx=82 gold=18.0 pred=1.0 ✗ (40s)
[84/122 k0] idx=83 gold=160.0 pred=160.0 ✓ (31s)
[84/122 k1] idx=83 gold=160.0 pred=1.0 ✗ (50s)
[84/122 k2] idx=83 gold=160.0 pred=160.0 ✓ (40s)
[85/122 k0] idx=84 gold=4.0 pred=4.0 ✓ (36s)
[85/122 k1] idx=84 gold=4.0 pred=4.0 ✓ (42s)
[85/122 k2] idx=84 gold=4.0 pred=4.0 ✓ (54s)
[86/122 k0] idx=85 gold=40000.0 pred=40000.0 ✓ (69s)
[86/122 k1] idx=85 gold=40000.0 pred=8.0 ✗ (58s)
[86/122 k2] idx=85 gold=40000.0 pred=40000.0 ✓ (53s)
[87/122 k0] idx=86 gold=40.0 pred=40.0 ✓ (13s)
[87/122 k1] idx=86 gold=40.0 pred=1.0 ✗ (16s)
[87/122 k2] idx=86 gold=40.0 pred=32.0 ✗ (28s)
[88/122 k0] idx=87 gold=0.4 pred=0.4 ✓ (31s)
[88/122 k1] idx=87 gold=0.4 pred=1.0 ✗ (45s)
[88/122 k2] idx=87 gold=0.4 pred=0.4 ✓ (41s)
[89/122 k0] idx=88 gold=1.0 pred=1.0 ✓ (53s)
[89/122 k1] idx=88 gold=1.0 pred=1.0 ✓ (55s)
[89/122 k2] idx=88 gold=1.0 pred=1.0 ✓ (52s)
[90/122 k0] idx=89 gold=1.0 pred=1.0 ✓ (64s)
[90/122 k1] idx=89 gold=1.0 pred=1.0 ✓ (70s)
[90/122 k2] idx=89 gold=1.0 pred=1.0 ✓ (58s)
[91/122 k0] idx=90 gold=220060.0 pred=1.0 ✗ (12s)
[91/122 k1] idx=90 gold=220060.0 pred=5.0 ✗ (13s)
[91/122 k2] idx=90 gold=220060.0 pred=4.0 ✗ (9s)
[92/122 k0] idx=91 gold=11.0 pred=1.0 ✗ (35s)
[92/122 k1] idx=91 gold=11.0 pred=1.0 ✗ (43s)
[92/122 k2] idx=91 gold=11.0 pred=11.0 ✓ (60s)
[93/122 k0] idx=92 gold=34.0 pred=1.0 ✗ (32s)
[93/122 k1] idx=92 gold=34.0 pred=6.0 ✗ (55s)
[93/122 k2] idx=92 gold=34.0 pred=34.0 ✓ (40s)
[94/122 k0] idx=93 gold=7.0 pred=7.0 ✓ (57s)
[94/122 k1] idx=93 gold=7.0 pred=7.0 ✓ (72s)
[94/122 k2] idx=93 gold=7.0 pred=1.0 ✗ (61s)
[95/122 k0] idx=94 gold=3.0 pred=3.0 ✓ (76s)
[95/122 k1] idx=94 gold=3.0 pred=1.0 ✗ (97s)
[95/122 k2] idx=94 gold=3.0 pred=3.0 ✓ (71s)
[96/122 k0] idx=95 gold=720.0 pred=1.0 ✗ (32s)
[96/122 k1] idx=95 gold=720.0 pred=1.0 ✗ (44s)
[96/122 k2] idx=95 gold=720.0 pred=720.0 ✓ (24s)
[97/122 k0] idx=96 gold=15.0 pred=15.0 ✓ (31s)
[97/122 k1] idx=96 gold=15.0 pred=15.0 ✓ (47s)
[97/122 k2] idx=96 gold=15.0 pred=10.0 ✗ (61s)
[98/122 k0] idx=97 gold=2.0 pred=2.0 ✓ (47s)
[98/122 k1] idx=97 gold=2.0 pred=2.0 ✓ (49s)
[98/122 k2] idx=97 gold=2.0 pred=1.0 ✗ (46s)
[99/122 k0] idx=98 gold=-15.0 pred=-15.0 ✓ (21s)
[99/122 k1] idx=98 gold=-15.0 pred=-15.0 ✓ (22s)
[99/122 k2] idx=98 gold=-15.0 pred=1.0 ✗ (25s)
[100/122 k0] idx=99 gold=29.0 pred=7.0 ✗ (45s)
[100/122 k1] idx=99 gold=29.0 pred=1.0 ✗ (48s)
[100/122 k2] idx=99 gold=29.0 pred=1.0 ✗ (34s)
[101/122 k0] idx=100 gold=2.0 pred=2.0 ✓ (55s)
[101/122 k1] idx=100 gold=2.0 pred=2.0 ✓ (80s)
[101/122 k2] idx=100 gold=2.0 pred=2.0 ✓ (78s)
[102/122 k0] idx=101 gold=0.0 pred=0.0 ✓ (60s)
[102/122 k1] idx=101 gold=0.0 pred=1.0 ✗ (71s)
[102/122 k2] idx=101 gold=0.0 pred=0.0 ✓ (71s)
[103/122 k0] idx=102 gold=7.0 pred=1.0 ✗ (22s)
[103/122 k1] idx=102 gold=7.0 pred=1.0 ✗ (20s)
[103/122 k2] idx=102 gold=7.0 pred=7.0 ✓ (43s)
[104/122 k0] idx=103 gold=16.0 pred=8.0 ✗ (57s)
[104/122 k1] idx=103 gold=16.0 pred=1.0 ✗ (68s)
[104/122 k2] idx=103 gold=16.0 pred=1.0 ✗ (76s)
[105/122 k0] idx=104 gold=31.0 pred=31.0 ✓ (54s)
[105/122 k1] idx=104 gold=31.0 pred=1.0 ✗ (63s)
[105/122 k2] idx=104 gold=31.0 pred=31.0 ✓ (61s)
[106/122 k0] idx=105 gold=9.0 pred=1.0 ✗ (33s)
[106/122 k1] idx=105 gold=9.0 pred=1.0 ✗ (37s)
[106/122 k2] idx=105 gold=9.0 pred=9.0 ✓ (40s)
[107/122 k0] idx=106 gold=60.0 pred=60.0 ✓ (36s)
[107/122 k1] idx=106 gold=60.0 pred=60.0 ✓ (39s)
[107/122 k2] idx=106 gold=60.0 pred=60.0 ✓ (54s)
[108/122 k0] idx=107 gold=6.0 pred=1.0 ✗ (30s)
[108/122 k1] idx=107 gold=6.0 pred=5.0 ✗ (24s)
[108/122 k2] idx=107 gold=6.0 pred=1.0 ✗ (35s)
[109/122 k0] idx=108 gold=24.0 pred=24.0 ✓ (62s)
[109/122 k1] idx=108 gold=24.0 pred=24.0 ✓ (54s)
[109/122 k2] idx=108 gold=24.0 pred=6.0 ✗ (47s)
[110/122 k0] idx=109 gold=36.0 pred=36.0 ✓ (41s)
[110/122 k1] idx=109 gold=36.0 pred=36.0 ✓ (35s)
[110/122 k2] idx=109 gold=36.0 pred=1.0 ✗ (36s)
[111/122 k0] idx=110 gold=-120.0 pred=-120.0 ✓ (39s)
[111/122 k1] idx=110 gold=-120.0 pred=6.0 ✗ (38s)
[111/122 k2] idx=110 gold=-120.0 pred=-120.0 ✓ (49s)
[112/122 k0] idx=111 gold=6800.0 pred=6800.0 ✓ (27s)
[112/122 k1] idx=111 gold=6800.0 pred=6800.0 ✓ (36s)
[112/122 k2] idx=111 gold=6800.0 pred=9.0 ✗ (27s)
[113/122 k0] idx=112 gold=109.0 pred=4.0 ✗ (55s)
[113/122 k1] idx=112 gold=109.0 pred=109.0 ✓ (55s)
[113/122 k2] idx=112 gold=109.0 pred=1.0 ✗ (58s)
[114/122 k0] idx=113 gold=6.0 pred=1.0 ✗ (13s)
[114/122 k1] idx=113 gold=6.0 pred=1.0 ✗ (33s)
[114/122 k2] idx=113 gold=6.0 pred=5.0 ✗ (18s)
[115/122 k0] idx=114 gold=4.0 pred=1.0 ✗ (16s)
[115/122 k1] idx=114 gold=4.0 pred=4.0 ✓ (14s)
[115/122 k2] idx=114 gold=4.0 pred=5.0 ✗ (15s)
[116/122 k0] idx=115 gold=9.0 pred=9.0 ✓ (55s)
[116/122 k1] idx=115 gold=9.0 pred=1.0 ✗ (48s)
[116/122 k2] idx=115 gold=9.0 pred=9.0 ✓ (61s)
[117/122 k0] idx=116 gold=52.0 pred=52.0 ✓ (37s)
[117/122 k1] idx=116 gold=52.0 pred=1.0 ✗ (49s)
[117/122 k2] idx=116 gold=52.0 pred=1.0 ✗ (50s)
[118/122 k0] idx=117 gold=5.0 pred=5.0 ✓ (24s)
[118/122 k1] idx=117 gold=5.0 pred=1.0 ✗ (18s)
[118/122 k2] idx=117 gold=5.0 pred=1.0 ✗ (34s)
[119/122 k0] idx=118 gold=104.0 pred=104.0 ✓ (33s)
[119/122 k1] idx=118 gold=104.0 pred=104.0 ✓ (33s)
[119/122 k2] idx=118 gold=104.0 pred=1.0 ✗ (241s)
[120/122 k0] idx=119 gold=-2.0 pred=1.0 ✗ (2338s)
[120/122 k1] idx=119 gold=-2.0 pred=1.0 ✗ (21s)
[120/122 k2] idx=119 gold=-2.0 pred=-2.0 ✓ (22s)
[121/122 k0] idx=120 gold=20.0 pred=5.0 ✗ (9s)
[121/122 k1] idx=120 gold=20.0 pred=20.0 ✓ (8s)
[121/122 k2] idx=120 gold=20.0 pred=1.0 ✗ (10s)
[122/122 k0] idx=121 gold=11.0 pred=1.0 ✗ (19s)
[122/122 k1] idx=121 gold=11.0 pred=1.0 ✗ (5s)
[122/122 k2] idx=121 gold=11.0 pred=11.0 ✓ (12s)
