零样本基线: model=k3 任务=both 条数=50
[1/50] 病例9 gold=J pred=C;E;F;H ✗ official=0.00 (16s)
[2/50] 病例129 gold=C;I pred=C;E;F;H ~ official=0.20 (16s)
[3/50] 病例241 gold=D;I pred=C;E;F;H ✗ official=0.00 (16s)
[4/50] 病例178 gold=E;G pred=C;E;F;H ~ official=0.20 (16s)
[5/50] 病例146 gold=B;H pred=C;E;F;H ~ official=0.20 (16s)
[6/50] 病例138 gold=B;C pred=C;E;F;H ~ official=0.20 (16s)
[7/50] 病例151 gold=D;G pred=C;E;F;H ✗ official=0.00 (16s)
[8/50] 病例114 gold=B;I pred=C;E;F;H ✗ official=0.00 (16s)
[9/50] 病例105 gold=A;D pred=C;E;F;H ✗ official=0.00 (16s)
[10/50] 病例91 gold=B;E pred=C;E;F;H ~ official=0.20 (16s)
[11/50] 病例196 gold=C;H pred=C;E;F;H ~ official=0.50 (16s)
[12/50] 病例88 gold=H pred=C;E;F;H ~ official=0.25 (16s)
[13/50] 病例272 gold=A;J pred=C;E;F;H ✗ official=0.00 (16s)
[14/50] 病例236 gold=A;D pred=C;E;F;H ✗ official=0.00 (16s)
[15/50] 病例72 gold=D pred=C;E;F;H ✗ official=0.00 (16s)
[16/50] 病例250 gold=B pred=C;E;F;H ✗ official=0.00 (16s)
[17/50] 病例204 gold=H;I pred=C;E;F;H ~ official=0.20 (16s)
[18/50] 病例222 gold=B;C pred=C;E;F;H ~ official=0.20 (16s)
[19/50] 病例210 gold=C;E;F pred=C;E;F;H ~ official=0.75 (16s)
[20/50] 病例267 gold=F;G pred=C;E;F;H ~ official=0.20 (16s)
[21/50] 病例308 gold=F pred=C;E;F;H ~ official=0.25 (16s)
[22/50] 病例50 gold=C;G pred=C;E;F;H ~ official=0.20 (16s)
[23/50] 病例109 gold=I pred=C;E;F;H ✗ official=0.00 (16s)
[24/50] 病例69 gold=J pred=C;E;F;H ✗ official=0.00 (16s)
[25/50] 病例100 gold=C;G pred=C;E;F;H ~ official=0.20 (16s)
[26/50] 病例230 gold=B;J pred=C;E;F;H ✗ official=0.00 (16s)
[27/50] 病例220 gold=A;I pred=C;E;F;H ✗ official=0.00 (16s)
[28/50] 病例113 gold=F;J pred=C;E;F;H ~ official=0.20 (16s)
[29/50] 病例273 gold=E;H pred=C;E;F;H ~ official=0.50 (16s)
[30/50] 病例238 gold=I pred=C;E;F;H ✗ official=0.00 (16s)
[31/50] 病例195 gold=H pred=C;E;F;H ~ official=0.25 (16s)
[32/50] 病例42 gold=D;I pred=C;E;F;H ✗ official=0.00 (16s)
[33/50] 病例117 gold=I pred=C;E;F;H ✗ official=0.00 (16s)
[34/50] 病例66 gold=H;J pred=C;E;F;H ~ official=0.20 (16s)
[35/50] 病例84 gold=E;H pred=C;E;F;H ~ official=0.50 (16s)
[36/50] 病例312 gold=B;D pred=C;E;F;H ✗ official=0.00 (16s)
[37/50] 病例160 gold=B;I pred=C;E;F;H ✗ official=0.00 (16s)
[38/50] 病例4 gold=E;F pred=C;E;F;H ~ official=0.50 (16s)
[39/50] 病例148 gold=H pred=C;E;F;H ~ official=0.25 (16s)
[40/50] 病例143 gold=F pred=C;E;F;H ~ official=0.25 (16s)
[41/50] 病例20 gold=A;C;G pred=C;E;F;H ~ official=0.17 (16s)
[42/50] 病例307 gold=E pred=C;E;F;H ~ official=0.25 (16s)
[43/50] 病例268 gold=B;J pred=C;E;F;H ✗ official=0.00 (16s)
[44/50] 病例302 gold=D pred=C;E;F;H ✗ official=0.00 (16s)
[45/50] 病例152 gold=D pred=C;E;F;H ✗ official=0.00 (16s)
[46/50] 病例157 gold=B;H pred=C;E;F;H ~ official=0.20 (16s)
[47/50] 病例227 gold=A;J pred=C;E;F;H ✗ official=0.00 (16s)
[48/50] 病例299 gold=E pred=C;E;F;H ~ official=0.25 (16s)
[49/50] 病例112 gold=G pred=C;E;F;H ✗ official=0.00 (16s)
[50/50] 病例75 gold=C;D;E pred=C;E;F;H ~ official=0.40 (16s)

=== 证型 零样本汇总 ===
{
  "task": "证型",
  "model": "k3",
  "n": 50,
  "official_score_mean": 0.1533,
  "exact_match": 0.0,
  "hit_rate": 0.54,
  "macro_f1": 0.2303,
  "avg_seconds": 15.9
}
[1/50] 病例9 gold=A;C;F;G;I pred=C;E;F;H ~ official=0.29 (16s)
[2/50] 病例129 gold=C;G pred=C;E;F;H ~ official=0.20 (16s)
[3/50] 病例241 gold=A;J pred=C;E;F;H ✗ official=0.00 (16s)
[4/50] 病例178 gold=A;B pred=C;E;F;H ✗ official=0.00 (16s)
[5/50] 病例146 gold=C;F pred=C;E;F;H ~ official=0.50 (16s)
[6/50] 病例138 gold=C;J pred=C;E;F;H ~ official=0.20 (16s)
[7/50] 病例151 gold=A;E;G pred=C;E;F;H ~ official=0.17 (16s)
[8/50] 病例114 gold=B;G;I pred=C;E;F;H ✗ official=0.00 (16s)
[9/50] 病例105 gold=B;C;E;G pred=C;E;F;H ~ official=0.33 (16s)
[10/50] 病例91 gold=A;I;J pred=C;E;F;H ✗ official=0.00 (16s)
[11/50] 病例196 gold=C;E;G pred=C;E;F;H ~ official=0.40 (16s)
[12/50] 病例88 gold=F;H pred=C;E;F;H ~ official=0.50 (16s)
[13/50] 病例272 gold=C;H pred=C;E;F;H ~ official=0.50 (16s)
[14/50] 病例236 gold=H;I pred=C;E;F;H ~ official=0.20 (16s)
[15/50] 病例72 gold=A;B;I pred=C;E;F;H ✗ official=0.00 (16s)
[16/50] 病例250 gold=H pred=C;E;F;H ~ official=0.25 (16s)
[17/50] 病例204 gold=B;I pred=C;E;F;H ✗ official=0.00 (16s)
[18/50] 病例222 gold=H;J pred=C;E;F;H ~ official=0.20 (16s)
[19/50] 病例210 gold=B;C;D pred=C;E;F;H ~ official=0.17 (16s)
[20/50] 病例267 gold=B;E;F pred=C;E;F;H ~ official=0.40 (16s)
[21/50] 病例308 gold=D pred=C;E;F;H ✗ official=0.00 (16s)
[22/50] 病例50 gold=I;J pred=C;E;F;H ✗ official=0.00 (16s)
[23/50] 病例109 gold=I;J pred=C;E;F;H ✗ official=0.00 (16s)
[24/50] 病例69 gold=C;D;I pred=C;E;F;H ~ official=0.17 (16s)
[25/50] 病例100 gold=A;B;J pred=C;E;F;H ✗ official=0.00 (16s)
[26/50] 病例230 gold=H;I pred=C;E;F;H ~ official=0.20 (16s)
[27/50] 病例220 gold=A;G pred=C;E;F;H ✗ official=0.00 (16s)
[28/50] 病例113 gold=B;F pred=C;E;F;H ~ official=0.20 (16s)
[29/50] 病例273 gold=B;D pred=C;E;F;H ✗ official=0.00 (16s)
[30/50] 病例238 gold=E;J pred=C;E;F;H ~ official=0.20 (16s)
[31/50] 病例195 gold=E pred=C;E;F;H ~ official=0.25 (16s)
[32/50] 病例42 gold=H;J pred=C;E;F;H ~ official=0.20 (16s)
[33/50] 病例117 gold=G pred=C;E;F;H ✗ official=0.00 (16s)
[34/50] 病例66 gold=D;G;I pred=C;E;F;H ✗ official=0.00 (16s)
[35/50] 病例84 gold=H;J pred=C;E;F;H ~ official=0.20 (16s)
[36/50] 病例312 gold=H;I pred=C;E;F;H ~ official=0.20 (16s)
[37/50] 病例160 gold=C;G;H pred=C;E;F;H ~ official=0.40 (16s)
[38/50] 病例4 gold=C;D;F;G;I;J pred=C;E;F;H ~ official=0.25 (16s)
[39/50] 病例148 gold=A;D;F pred=C;E;F;H ~ official=0.17 (16s)
[40/50] 病例143 gold=H;J pred=C;E;F;H ~ official=0.20 (16s)
[41/50] 病例20 gold=C;D;E pred=C;E;F;H ~ official=0.40 (16s)
[42/50] 病例307 gold=F pred=C;E;F;H ~ official=0.25 (16s)
[43/50] 病例268 gold=A;C pred=C;E;F;H ~ official=0.20 (16s)
[44/50] 病例302 gold=A;G pred=C;E;F;H ✗ official=0.00 (16s)
[45/50] 病例152 gold=B pred=C;E;F;H ✗ official=0.00 (16s)
[46/50] 病例157 gold=A;C;F;I pred=C;E;F;H ~ official=0.33 (16s)
[47/50] 病例227 gold=G;J pred=C;E;F;H ✗ official=0.00 (16s)
[48/50] 病例299 gold=E pred=C;E;F;H ~ official=0.25 (16s)
[49/50] 病例112 gold=B;F pred=C;E;F;H ~ official=0.20 (16s)
[50/50] 病例75 gold=A;J pred=C;E;F;H ✗ official=0.00 (16s)

=== 病机 零样本汇总 ===
{
  "task": "病机",
  "model": "k3",
  "n": 50,
  "official_score_mean": 0.1714,
  "exact_match": 0.0,
  "hit_rate": 0.64,
  "macro_f1": 0.2641,
  "avg_seconds": 15.9
}
