零样本基线: model=k3 任务=both 条数=50
[1/50] 病例340 gold=D;E;H pred=C;E;F;H ~ official=0.40 (16s)
[2/50] 病例306 gold=G pred=C;E;F;H ✗ official=0.00 (16s)
[3/50] 病例304 gold=J pred=C;E;F;H ✗ official=0.00 (16s)
[4/50] 病例137 gold=F;I pred=C;E;F;H ~ official=0.20 (16s)
[5/50] 病例90 gold=E pred=C;E;F;H ~ official=0.25 (16s)
[6/50] 病例283 gold=G;H pred=C;E;F;H ~ official=0.20 (16s)
[7/50] 病例177 gold=D pred=C;E;F;H ✗ official=0.00 (16s)
[8/50] 病例74 gold=C;D;H pred=C;E;F;H ~ official=0.40 (16s)
[9/50] 病例118 gold=D pred=C;E;F;H ✗ official=0.00 (16s)
[10/50] 病例18 gold=D;G pred=C;E;F;H ✗ official=0.00 (16s)
[11/50] 病例218 gold=A;C pred=C;E;F;H ~ official=0.20 (16s)
[12/50] 病例45 gold=H;I pred=C;E;F;H ~ official=0.20 (16s)
[13/50] 病例297 gold=H pred=C;E;F;H ~ official=0.25 (16s)
[14/50] 病例217 gold=E;H;I pred=C;E;F;H ~ official=0.40 (16s)
[15/50] 病例183 gold=C pred=C;E;F;H ~ official=0.25 (16s)
[16/50] 病例209 gold=G;I pred=C;E;F;H ✗ official=0.00 (16s)
[17/50] 病例165 gold=C;D pred=C;E;F;H ~ official=0.20 (16s)
[18/50] 病例284 gold=A;D pred=C;E;F;H ✗ official=0.00 (18s)
[19/50] 病例73 gold=F;I pred=C;E;F;H ~ official=0.20 (16s)
[20/50] 病例52 gold=A;H pred=C;E;F;H ~ official=0.20 (16s)
[21/50] 病例182 gold=J pred=C;E;F;H ✗ official=0.00 (16s)
[22/50] 病例203 gold=H pred=C;E;F;H ~ official=0.25 (16s)
[23/50] 病例244 gold=F;H pred=C;E;F;H ~ official=0.50 (16s)
[24/50] 病例319 gold=I pred=C;E;F;H ✗ official=0.00 (16s)
[25/50] 病例194 gold=B pred=C;E;F;H ✗ official=0.00 (16s)
[26/50] 病例349 gold=F pred=C;E;F;H ~ official=0.25 (16s)
[27/50] 病例64 gold=D pred=C;E;F;H ✗ official=0.00 (16s)
[28/50] 病例353 gold=C;I pred=C;E;F;H ~ official=0.20 (16s)
[29/50] 病例11 gold=A;I;J pred=C;E;F;H ✗ official=0.00 (16s)
[30/50] 病例279 gold=F pred=C;E;F;H ~ official=0.25 (16s)
[31/50] 病例79 gold=D pred=C;E;F;H ✗ official=0.00 (16s)
[32/50] 病例173 gold=G;J pred=C;E;F;H ✗ official=0.00 (16s)
[33/50] 病例320 gold=C;I pred=C;E;F;H ~ official=0.20 (16s)
[34/50] 病例253 gold=A;H pred=C;E;F;H ~ official=0.20 (16s)
[35/50] 病例224 gold=F pred=C;E;F;H ~ official=0.25 (16s)
[36/50] 病例43 gold=E;G pred=C;E;F;H ~ official=0.20 (16s)
[37/50] 病例276 gold=B;I pred=C;E;F;H ✗ official=0.00 (16s)
[38/50] 病例318 gold=E pred=C;E;F;H ~ official=0.25 (16s)
[39/50] 病例201 gold=J pred=C;E;F;H ✗ official=0.00 (16s)
[40/50] 病例124 gold=G;I pred=C;E;F;H ✗ official=0.00 (16s)
[41/50] 病例309 gold=B pred=C;E;F;H ✗ official=0.00 (16s)
[42/50] 病例17 gold=A;E pred=C;E;F;H ~ official=0.20 (16s)
[43/50] 病例144 gold=F pred=C;E;F;H ~ official=0.25 (16s)
[44/50] 病例126 gold=B pred=C;E;F;H ✗ official=0.00 (16s)
[45/50] 病例106 gold=I;J pred=C;E;F;H ✗ official=0.00 (16s)
[46/50] 病例294 gold=D;J pred=C;E;F;H ✗ official=0.00 (16s)
[47/50] 病例139 gold=D;J pred=C;E;F;H ✗ official=0.00 (16s)
[48/50] 病例131 gold=G pred=C;E;F;H ✗ official=0.00 (16s)
[49/50] 病例249 gold=D;G pred=C;E;F;H ✗ official=0.00 (16s)
[50/50] 病例80 gold=E;H pred=C;E;F;H ~ official=0.50 (16s)

=== 证型 零样本汇总 ===
{
  "task": "证型",
  "model": "k3",
  "n": 50,
  "official_score_mean": 0.137,
  "exact_match": 0.0,
  "hit_rate": 0.52,
  "macro_f1": 0.2129,
  "avg_seconds": 16.0
}
[1/50] 病例340 gold=A;C;E pred=C;E;F;H ~ official=0.40 (16s)
[2/50] 病例306 gold=E pred=C;E;F;H ~ official=0.25 (16s)
[3/50] 病例304 gold=B pred=C;E;F;H ✗ official=0.00 (16s)
[4/50] 病例137 gold=E;F pred=C;E;F;H ~ official=0.50 (16s)
[5/50] 病例90 gold=A;F pred=C;E;F;H ~ official=0.20 (16s)
[6/50] 病例283 gold=A;F pred=C;E;F;H ~ official=0.20 (16s)
[7/50] 病例177 gold=I pred=C;E;F;H ✗ official=0.00 (16s)
[8/50] 病例74 gold=A;B;E;H pred=C;E;F;H ~ official=0.33 (16s)
[9/50] 病例118 gold=B;G pred=C;E;F;H ✗ official=0.00 (16s)
[10/50] 病例18 gold=B;E;G;J pred=C;E;F;H ~ official=0.14 (16s)
[11/50] 病例218 gold=D;I pred=C;E;F;H ✗ official=0.00 (16s)
[12/50] 病例45 gold=C;H;I pred=C;E;F;H ~ official=0.40 (16s)
[13/50] 病例297 gold=B pred=C;E;F;H ✗ official=0.00 (16s)
[14/50] 病例217 gold=D;H;J pred=C;E;F;H ~ official=0.17 (16s)
[15/50] 病例183 gold=F pred=C;E;F;H ~ official=0.25 (16s)
[16/50] 病例209 gold=A;F;G pred=C;E;F;H ~ official=0.17 (16s)
[17/50] 病例165 gold=A;F;G;J pred=C;E;F;H ~ official=0.14 (16s)
[18/50] 病例284 gold=A;E pred=C;E;F;H ~ official=0.20 (16s)
[19/50] 病例73 gold=C;E;F;H pred=C;E;F;H ✓ official=1.00 (16s)
[20/50] 病例52 gold=A;B;F pred=C;E;F;H ~ official=0.17 (16s)
[21/50] 病例182 gold=I pred=C;E;F;H ✗ official=0.00 (16s)
[22/50] 病例203 gold=E;I pred=C;E;F;H ~ official=0.20 (16s)
[23/50] 病例244 gold=G;H pred=C;E;F;H ~ official=0.20 (16s)
[24/50] 病例319 gold=F pred=C;E;F;H ~ official=0.25 (16s)
[25/50] 病例194 gold=D;F pred=C;E;F;H ~ official=0.20 (16s)
[26/50] 病例349 gold=B;I pred=C;E;F;H ✗ official=0.00 (16s)
[27/50] 病例64 gold=B;E pred=C;E;F;H ~ official=0.20 (16s)
[28/50] 病例353 gold=A;B;D pred=C;E;F;H ✗ official=0.00 (16s)
[29/50] 病例11 gold=A;E;I pred=C;E;F;H ~ official=0.17 (16s)
[30/50] 病例279 gold=J pred=C;E;F;H ✗ official=0.00 (16s)
[31/50] 病例79 gold=E;G pred=C;E;F;H ~ official=0.20 (16s)
[32/50] 病例173 gold=A;J pred=C;E;F;H ✗ official=0.00 (16s)
[33/50] 病例320 gold=E;I pred=C;E;F;H ~ official=0.20 (16s)
[34/50] 病例253 gold=A;F pred=C;E;F;H ~ official=0.20 (16s)
[35/50] 病例224 gold=A;I pred=C;E;F;H ✗ official=0.00 (16s)
[36/50] 病例43 gold=B;G pred=C;E;F;H ✗ official=0.00 (16s)
[37/50] 病例276 gold=B;C pred=C;E;F;H ~ official=0.20 (16s)
[38/50] 病例318 gold=B pred=C;E;F;H ✗ official=0.00 (16s)
[39/50] 病例201 gold=B;F pred=C;E;F;H ~ official=0.20 (16s)
[40/50] 病例124 gold=B;F;G;J pred=C;E;F;H ~ official=0.14 (16s)
[41/50] 病例309 gold=F pred=C;E;F;H ~ official=0.25 (16s)
[42/50] 病例17 gold=B;C;D;H;I;J pred=C;E;F;H ~ official=0.25 (16s)
[43/50] 病例144 gold=B;G;J pred=C;E;F;H ✗ official=0.00 (16s)
[44/50] 病例126 gold=D;F pred=C;E;F;H ~ official=0.20 (16s)
[45/50] 病例106 gold=A;B;D pred=C;E;F;H ✗ official=0.00 (16s)
[46/50] 病例294 gold=G;I pred=C;E;F;H ✗ official=0.00 (16s)
[47/50] 病例139 gold=D;E;G;H pred=C;E;F;H ~ official=0.33 (16s)
[48/50] 病例131 gold=F;G;H pred=C;E;F;H ~ official=0.40 (16s)
[49/50] 病例249 gold=E;G pred=C;E;F;H ~ official=0.20 (16s)
[50/50] 病例80 gold=D;E;I pred=C;E;F;H ~ official=0.17 (16s)

=== 病机 零样本汇总 ===
{
  "task": "病机",
  "model": "k3",
  "n": 50,
  "official_score_mean": 0.1736,
  "exact_match": 0.02,
  "hit_rate": 0.68,
  "macro_f1": 0.2645,
  "avg_seconds": 15.9
}
