零样本基线: model=k3 任务=both 条数=50
[1/50] 病例25 gold=E;H pred=C;E;F;H ~ official=0.50 (16s)
[2/50] 病例174 gold=E;J pred=C;E;F;H ~ official=0.20 (16s)
[3/50] 病例107 gold=I pred=C;E;F;H ✗ official=0.00 (16s)
[4/50] 病例134 gold=C pred=C;E;F;H ~ official=0.25 (16s)
[5/50] 病例186 gold=A;B pred=C;E;F;H ✗ official=0.00 (16s)
[6/50] 病例35 gold=D pred=C;E;F;H ✗ official=0.00 (16s)
[7/50] 病例251 gold=D;H pred=C;E;F;H ~ official=0.20 (16s)
[8/50] 病例208 gold=C;J pred=C;E;F;H ~ official=0.20 (16s)
[9/50] 病例158 gold=G;I pred=C;E;F;H ✗ official=0.00 (16s)
[10/50] 病例185 gold=B;H pred=C;E;F;H ~ official=0.20 (16s)
[11/50] 病例188 gold=F pred=C;E;F;H ~ official=0.25 (16s)
[12/50] 病例47 gold=I;J pred=C;E;F;H ✗ official=0.00 (16s)
[13/50] 病例205 gold=E pred=C;E;F;H ~ official=0.25 (16s)
[14/50] 病例175 gold=B;J pred=C;E;F;H ✗ official=0.00 (16s)
[15/50] 病例264 gold=C;H pred=C;E;F;H ~ official=0.50 (16s)
[16/50] 病例153 gold=H pred=C;E;F;H ~ official=0.25 (16s)
[17/50] 病例223 gold=B;C pred=C;E;F;H ~ official=0.20 (16s)
[18/50] 病例51 gold=H pred=C;E;F;H ~ official=0.25 (16s)
[19/50] 病例231 gold=G;J pred=C;E;F;H ✗ official=0.00 (16s)
[20/50] 病例171 gold=A;F;G pred=C;E;F;H ~ official=0.17 (16s)
[21/50] 病例58 gold=B;G pred=C;E;F;H ✗ official=0.00 (16s)
[22/50] 病例82 gold=E;G pred=C;E;F;H ~ official=0.20 (16s)
[23/50] 病例258 gold=B;J pred=C;E;F;H ✗ official=0.00 (16s)
[24/50] 病例197 gold=A pred=C;E;F;H ✗ official=0.00 (16s)
[25/50] 病例293 gold=A;C pred=C;E;F;H ~ official=0.20 (16s)
[26/50] 病例154 gold=F;J pred=C;E;F;H ~ official=0.20 (16s)
[27/50] 病例219 gold=A;F;H pred=C;E;F;H ~ official=0.40 (16s)
[28/50] 病例167 gold=C;J pred=C;E;F;H ~ official=0.20 (16s)
[29/50] 病例199 gold=A pred=C;E;F;H ✗ official=0.00 (16s)
[30/50] 病例228 gold=F;I pred=C;E;F;H ~ official=0.20 (16s)
[31/50] 病例97 gold=D pred=C;E;F;H ✗ official=0.00 (16s)
[32/50] 病例161 gold=A;F pred=C;E;F;H ~ official=0.20 (17s)
[33/50] 病例59 gold=H;I pred=C;E;F;H ~ official=0.20 (16s)
[34/50] 病例155 gold=B;H pred=C;E;F;H ~ official=0.20 (28s)
[35/50] 病例7 gold=B;J pred=C;E;F;H ✗ official=0.00 (16s)
[36/50] 病例316 gold=G pred=C;E;F;H ✗ official=0.00 (16s)
[37/50] 病例282 gold=D pred=C;E;F;H ✗ official=0.00 (16s)
[38/50] 病例133 gold=I;J pred=C;E;F;H ✗ official=0.00 (16s)
[39/50] 病例41 gold=D;E pred=C;E;F;H ~ official=0.20 (16s)
[40/50] 病例86 gold=D pred=C;E;F;H ✗ official=0.00 (16s)
[41/50] 病例286 gold=F pred=C;E;F;H ~ official=0.25 (16s)
[42/50] 病例156 gold=D;H pred=C;E;F;H ~ official=0.20 (16s)
[43/50] 病例202 gold=B;I pred=C;E;F;H ✗ official=0.00 (16s)
[44/50] 病例313 gold=C pred=C;E;F;H ~ official=0.25 (16s)
[45/50] 病例104 gold=A;F pred=C;E;F;H ~ official=0.20 (16s)
[46/50] 病例8 gold=H;I;J pred=C;E;F;H ~ official=0.17 (16s)
[47/50] 病例6 gold=F;G pred=C;E;F;H ~ official=0.20 (16s)
[48/50] 病例211 gold=A pred=C;E;F;H ✗ official=0.00 (16s)
[49/50] 病例245 gold=G pred=C;E;F;H ✗ official=0.00 (16s)
[50/50] 病例103 gold=I pred=C;E;F;H ✗ official=0.00 (16s)

=== 证型 零样本汇总 ===
{
  "task": "证型",
  "model": "k3",
  "n": 50,
  "official_score_mean": 0.1377,
  "exact_match": 0.0,
  "hit_rate": 0.58,
  "macro_f1": 0.2188,
  "avg_seconds": 16.2
}
[1/50] 病例25 gold=E;J pred=C;E;F;H ~ official=0.20 (16s)
[2/50] 病例174 gold=B;E;H pred=C;E;F;H ~ official=0.40 (16s)
[3/50] 病例107 gold=D;J pred=C;E;F;H ✗ official=0.00 (16s)
[4/50] 病例134 gold=F;J pred=C;E;F;H ~ official=0.20 (16s)
[5/50] 病例186 gold=C;E;G pred=C;E;F;H ~ official=0.40 (16s)
[6/50] 病例35 gold=D;F;G pred=C;E;F;H ~ official=0.17 (16s)
[7/50] 病例251 gold=B;H pred=C;E;F;H ~ official=0.20 (16s)
[8/50] 病例208 gold=E;G pred=C;E;F;H ~ official=0.20 (16s)
[9/50] 病例158 gold=A;D;E pred=C;E;F;H ~ official=0.17 (16s)
[10/50] 病例185 gold=C;D;G pred=C;E;F;H ~ official=0.17 (18s)
[11/50] 病例188 gold=E pred=C;E;F;H ~ official=0.25 (16s)
[12/50] 病例47 gold=C;G;J pred=C;E;F;H ~ official=0.17 (16s)
[13/50] 病例205 gold=E;F pred=C;E;F;H ~ official=0.50 (16s)
[14/50] 病例175 gold=B;I;J pred=C;E;F;H ✗ official=0.00 (16s)
[15/50] 病例264 gold=I;J pred=C;E;F;H ✗ official=0.00 (16s)
[16/50] 病例153 gold=A;F pred=C;E;F;H ~ official=0.20 (16s)
[17/50] 病例223 gold=F;H pred=C;E;F;H ~ official=0.50 (16s)
[18/50] 病例51 gold=B;G pred=C;E;F;H ✗ official=0.00 (16s)
[19/50] 病例231 gold=B;E pred=C;E;F;H ~ official=0.20 (16s)
[20/50] 病例171 gold=A;B;F pred=C;E;F;H ~ official=0.17 (16s)
[21/50] 病例58 gold=H;I pred=C;E;F;H ~ official=0.20 (16s)
[22/50] 病例82 gold=A;C pred=C;E;F;H ~ official=0.20 (16s)
[23/50] 病例258 gold=G;H pred=C;E;F;H ~ official=0.20 (16s)
[24/50] 病例197 gold=B pred=C;E;F;H ✗ official=0.00 (16s)
[25/50] 病例293 gold=C;I pred=C;E;F;H ~ official=0.20 (16s)
[26/50] 病例154 gold=C;E;I pred=C;E;F;H ~ official=0.40 (16s)
[27/50] 病例219 gold=C;F;J pred=C;E;F;H ~ official=0.40 (16s)
[28/50] 病例167 gold=B;C pred=C;E;F;H ~ official=0.20 (16s)
[29/50] 病例199 gold=D;H pred=C;E;F;H ~ official=0.20 (16s)
[30/50] 病例228 gold=E;H pred=C;E;F;H ~ official=0.50 (16s)
[31/50] 病例97 gold=C;H;J pred=C;E;F;H ~ official=0.40 (16s)
[32/50] 病例161 gold=H;I;J pred=C;E;F;H ~ official=0.17 (16s)
[33/50] 病例59 gold=E;G pred=C;E;F;H ~ official=0.20 (16s)
[34/50] 病例155 gold=E;H pred=C;E;F;H ~ official=0.50 (16s)
[35/50] 病例7 gold=C;H;I;J pred=C;E;F;H ~ official=0.33 (16s)
[36/50] 病例316 gold=J pred=C;E;F;H ✗ official=0.00 (16s)
[37/50] 病例282 gold=F pred=C;E;F;H ~ official=0.25 (16s)
[38/50] 病例133 gold=C;E;G;H pred=C;E;F;H ~ official=0.60 (16s)
[39/50] 病例41 gold=A;C;F pred=C;E;F;H ~ official=0.40 (16s)
[40/50] 病例86 gold=A;B;I pred=C;E;F;H ✗ official=0.00 (16s)
[41/50] 病例286 gold=A pred=C;E;F;H ✗ official=0.00 (16s)
[42/50] 病例156 gold=C;D pred=C;E;F;H ~ official=0.20 (16s)
[43/50] 病例202 gold=D;G pred=C;E;F;H ✗ official=0.00 (16s)
[44/50] 病例313 gold=I pred=C;E;F;H ✗ official=0.00 (16s)
[45/50] 病例104 gold=A;C;H pred=C;E;F;H ~ official=0.40 (16s)
[46/50] 病例8 gold=F;G;H;I pred=C;E;F;H ~ official=0.33 (16s)
[47/50] 病例6 gold=D;G;I;J pred=C;E;F;H ✗ official=0.00 (16s)
[48/50] 病例211 gold=A;B pred=C;E;F;H ✗ official=0.00 (16s)
[49/50] 病例245 gold=A pred=C;E;F;H ✗ official=0.00 (16s)
[50/50] 病例103 gold=G;H pred=C;E;F;H ~ official=0.20 (16s)

=== 病机 零样本汇总 ===
{
  "task": "病机",
  "model": "k3",
  "n": 50,
  "official_score_mean": 0.2113,
  "exact_match": 0.0,
  "hit_rate": 0.74,
  "macro_f1": 0.3186,
  "avg_seconds": 16.0
}
