零样本基线: model=k3 任务=both 条数=50
[1/50] 病例9 gold=J pred=C;E;F;H ✗ official=0.00 (16s)
[2/50] 病例129 gold=C;I pred=C;E;F;H ~ official=0.20 (16s)
[3/50] 病例241 gold=D;I pred=C;E;F;H ✗ official=0.00 (16s)
[4/50] 病例178 gold=E;G pred=C;E;F;H ~ official=0.20 (16s)
[5/50] 病例146 gold=B;H pred=C;E;F;H ~ official=0.20 (16s)
[6/50] 病例138 gold=B;C pred=C;E;F;H ~ official=0.20 (16s)
[7/50] 病例151 gold=D;G pred=C;E;F;H ✗ official=0.00 (16s)
[8/50] 病例114 gold=B;I pred=C;E;F;H ✗ official=0.00 (16s)
[9/50] 病例105 gold=A;D pred=C;E;F;H ✗ official=0.00 (16s)
[10/50] 病例91 gold=B;E pred=C;E;F;H ~ official=0.20 (16s)
[11/50] 病例196 gold=C;H pred=C;E;F;H ~ official=0.50 (16s)
[12/50] 病例88 gold=H pred=C;E;F;H ~ official=0.25 (16s)
[13/50] 病例272 gold=A;J pred=C;E;F;H ✗ official=0.00 (16s)
[14/50] 病例236 gold=A;D pred=C;E;F;H ✗ official=0.00 (16s)
[15/50] 病例72 gold=D pred=C;E;F;H ✗ official=0.00 (16s)
[16/50] 病例250 gold=B pred=C;E;F;H ✗ official=0.00 (16s)
[17/50] 病例204 gold=H;I pred=C;E;F;H ~ official=0.20 (16s)
[18/50] 病例222 gold=B;C pred=C;E;F;H ~ official=0.20 (16s)
[19/50] 病例210 gold=C;E;F pred=C;E;F;H ~ official=0.75 (16s)
[20/50] 病例267 gold=F;G pred=C;E;F;H ~ official=0.20 (16s)
[21/50] 病例308 gold=F pred=C;E;F;H ~ official=0.25 (16s)
[22/50] 病例50 gold=C;G pred=C;E;F;H ~ official=0.20 (16s)
[23/50] 病例109 gold=I pred=C;E;F;H ✗ official=0.00 (16s)
[24/50] 病例69 gold=J pred=C;E;F;H ✗ official=0.00 (16s)
[25/50] 病例100 gold=C;G pred=C;E;F;H ~ official=0.20 (16s)
[26/50] 病例230 gold=B;J pred=C;E;F;H ✗ official=0.00 (16s)
[27/50] 病例220 gold=A;I pred=C;E;F;H ✗ official=0.00 (16s)
[28/50] 病例113 gold=F;J pred=C;E;F;H ~ official=0.20 (16s)
[29/50] 病例273 gold=E;H pred=C;E;F;H ~ official=0.50 (16s)
[30/50] 病例238 gold=I pred=C;E;F;H ✗ official=0.00 (16s)
[31/50] 病例195 gold=H pred=C;E;F;H ~ official=0.25 (16s)
[32/50] 病例42 gold=D;I pred=C;E;F;H ✗ official=0.00 (16s)
[33/50] 病例117 gold=I pred=C;E;F;H ✗ official=0.00 (16s)
[34/50] 病例66 gold=H;J pred=C;E;F;H ~ official=0.20 (16s)
[35/50] 病例84 gold=E;H pred=C;E;F;H ~ official=0.50 (16s)
[36/50] 病例312 gold=B;D pred=C;E;F;H ✗ official=0.00 (16s)
[37/50] 病例160 gold=B;I pred=C;E;F;H ✗ official=0.00 (16s)
[38/50] 病例4 gold=E;F pred=C;E;F;H ~ official=0.50 (16s)
[39/50] 病例148 gold=H pred=C;E;F;H ~ official=0.25 (16s)
[40/50] 病例143 gold=F pred=C;E;F;H ~ official=0.25 (16s)
[41/50] 病例20 gold=A;C;G pred=A;C;G ✓ official=1.00 (96s)
[42/50] 病例307 gold=E pred=E ✓ official=1.00 (29s)
[43/50] 病例268 gold=B;J pred=B;C;J ~ official=0.67 (58s)
[44/50] 病例302 gold=D pred=D ✓ official=1.00 (57s)
[45/50] 病例152 gold=D pred=D ✓ official=1.00 (41s)
[46/50] 病例157 gold=B;H pred=F;H ~ official=0.33 (81s)
[47/50] 病例227 gold=A;J pred=A;G ~ official=0.33 (168s)
[48/50] 病例299 gold=E pred=B;E ~ official=0.50 (43s)
[49/50] 病例112 gold=G pred=G ✓ official=1.00 (37s)
[50/50] 病例75 gold=C;D;E pred=C ~ official=0.33 (23s)

=== 证型 零样本汇总 ===
{
  "task": "证型",
  "model": "k3",
  "n": 50,
  "official_score_mean": 0.2713,
  "exact_match": 0.1,
  "hit_rate": 0.64,
  "macro_f1": 0.3498,
  "avg_seconds": 25.3
}
[1/50] 病例9 gold=A;C;F;G;I pred=A;C;F;G;I ✓ official=1.00 (22s)
[2/50] 病例129 gold=C;G pred=C;F ~ official=0.33 (41s)
[3/50] 病例241 gold=A;J pred=A;E;J ~ official=0.67 (64s)
[4/50] 病例178 gold=A;B pred=A;B;C;J ~ official=0.50 (225s)
[5/50] 病例146 gold=C;F pred=C;F ✓ official=1.00 (47s)
[6/50] 病例138 gold=C;J pred=- ✗ official=0.00 (204s)
[7/50] 病例151 gold=A;E;G pred=- ✗ official=0.00 (240s)
[8/50] 病例114 gold=B;G;I pred=B;G;I ✓ official=1.00 (90s)
[9/50] 病例105 gold=B;C;E;G pred=B;C;E ~ official=0.75 (78s)
[10/50] 病例91 gold=A;I;J pred=A;I ~ official=0.67 (51s)
[11/50] 病例196 gold=C;E;G pred=A;C;G;H ~ official=0.40 (180s)
[12/50] 病例88 gold=F;H pred=C;D;I ✗ official=0.00 (57s)
[13/50] 病例272 gold=C;H pred=A;C;D;H ~ official=0.50 (31s)
[14/50] 病例236 gold=H;I pred=E;G;H;I ~ official=0.50 (137s)
[15/50] 病例72 gold=A;B;I pred=A;B;I ✓ official=1.00 (84s)
[16/50] 病例250 gold=H pred=- ✗ official=0.00 (276s)
[17/50] 病例204 gold=B;I pred=B;H ~ official=0.33 (97s)
[18/50] 病例222 gold=H;J pred=A;E;H;J ~ official=0.50 (80s)
[19/50] 病例210 gold=B;C;D pred=B;C;D;E ~ official=0.75 (78s)
[20/50] 病例267 gold=B;E;F pred=B;E;F;I ~ official=0.75 (136s)
[21/50] 病例308 gold=D pred=B;D ~ official=0.50 (40s)
[22/50] 病例50 gold=I;J pred=I;J ✓ official=1.00 (85s)
[23/50] 病例109 gold=I;J pred=E;I ~ official=0.33 (65s)
[24/50] 病例69 gold=C;D;I pred=C;D ~ official=0.67 (228s)
[25/50] 病例100 gold=A;B;J pred=A;B;H;J ~ official=0.75 (36s)
[26/50] 病例230 gold=H;I pred=H;I ✓ official=1.00 (20s)
[27/50] 病例220 gold=A;G pred=- ✗ official=0.00 (247s)
[28/50] 病例113 gold=B;F pred=A;F;H;I ~ official=0.20 (121s)
[29/50] 病例273 gold=B;D pred=B;D;F ~ official=0.67 (11s)
[30/50] 病例238 gold=E;J pred=E;H ~ official=0.33 (66s)
[31/50] 病例195 gold=E pred=B;E ~ official=0.50 (39s)
[32/50] 病例42 gold=H;J pred=A;B;G;J ~ official=0.20 (142s)
[33/50] 病例117 gold=G pred=A;B;G;I ~ official=0.25 (52s)
[34/50] 病例66 gold=D;G;I pred=B;D;G;I ~ official=0.75 (88s)
[35/50] 病例84 gold=H;J pred=- ✗ official=0.00 (235s)
[36/50] 病例312 gold=H;I pred=A;H;I ~ official=0.67 (137s)
[37/50] 病例160 gold=C;G;H pred=B;C;G;I ~ official=0.40 (142s)
[38/50] 病例4 gold=C;D;F;G;I;J pred=A;B;C;D;F;G;I;J ~ official=0.75 (145s)
[39/50] 病例148 gold=A;D;F pred=A;F ~ official=0.67 (49s)
[40/50] 病例143 gold=H;J pred=H;J ✓ official=1.00 (65s)
[41/50] 病例20 gold=C;D;E pred=C;F ~ official=0.25 (59s)
[42/50] 病例307 gold=F pred=F ✓ official=1.00 (95s)
[43/50] 病例268 gold=A;C pred=B;C;I ~ official=0.25 (62s)
[44/50] 病例302 gold=A;G pred=A;F;G ~ official=0.67 (38s)
[45/50] 病例152 gold=B pred=B ✓ official=1.00 (116s)
[46/50] 病例157 gold=A;C;F;I pred=A;B;E;F;H;I ~ official=0.43 (76s)
[47/50] 病例227 gold=G;J pred=G;H ~ official=0.33 (138s)
[48/50] 病例299 gold=E pred=E;I ~ official=0.50 (107s)
[49/50] 病例112 gold=B;F pred=A;B;F;G ~ official=0.50 (136s)
[50/50] 病例75 gold=A;J pred=A;D;J ~ official=0.67 (119s)

=== 病机 零样本汇总 ===
{
  "task": "病机",
  "model": "k3",
  "n": 50,
  "official_score_mean": 0.5376,
  "exact_match": 0.18,
  "hit_rate": 0.88,
  "macro_f1": 0.6397,
  "avg_seconds": 103.6
}
