零样本基线: model=k3 任务=both 条数=50
[1/50] 病例9 gold=J pred=J ✓ official=1.00 (43s)
[2/50] 病例129 gold=C;I pred=G;I ~ official=0.33 (53s)
[3/50] 病例241 gold=D;I pred=C;D;I ~ official=0.67 (114s)
[4/50] 病例178 gold=E;G pred=C;E;G ~ official=0.67 (138s)
[5/50] 病例146 gold=B;H pred=B;D;H ~ official=0.67 (53s)
[6/50] 病例138 gold=B;C pred=G ✗ official=0.00 (50s)
[7/50] 病例151 gold=D;G pred=D;G ✓ official=1.00 (33s)
[8/50] 病例114 gold=B;I pred=B;D;F;I ~ official=0.50 (119s)
[9/50] 病例105 gold=A;D pred=A;J ~ official=0.33 (29s)
[10/50] 病例91 gold=B;E pred=I ✗ official=0.00 (66s)
[11/50] 病例196 gold=C;H pred=A;B;E ✗ official=0.00 (40s)
[12/50] 病例88 gold=H pred=A;G;J ✗ official=0.00 (141s)
[13/50] 病例272 gold=A;J pred=A;J ✓ official=1.00 (43s)
[14/50] 病例236 gold=A;D pred=- ✗ official=0.00 (227s)
[15/50] 病例72 gold=D pred=D ✓ official=1.00 (12s)
[16/50] 病例250 gold=B pred=B;I ~ official=0.50 (30s)
[17/50] 病例204 gold=H;I pred=C;D;H;I ~ official=0.50 (54s)
[18/50] 病例222 gold=B;C pred=B;C ✓ official=1.00 (83s)
[19/50] 病例210 gold=C;E;F pred=C;E;F;H ~ official=0.75 (93s)
[20/50] 病例267 gold=F;G pred=F;G ✓ official=1.00 (56s)
[21/50] 病例308 gold=F pred=F ✓ official=1.00 (46s)
[22/50] 病例50 gold=C;G pred=B;E;I ✗ official=0.00 (72s)
[23/50] 病例109 gold=I pred=I ✓ official=1.00 (57s)
[24/50] 病例69 gold=J pred=A;E;J ~ official=0.33 (80s)
[25/50] 病例100 gold=C;G pred=C;G ✓ official=1.00 (16s)
[26/50] 病例230 gold=B;J pred=B;J ✓ official=1.00 (17s)
[27/50] 病例220 gold=A;I pred=I;J ~ official=0.33 (59s)
[28/50] 病例113 gold=F;J pred=F;I;J ~ official=0.67 (82s)
[29/50] 病例273 gold=E;H pred=E;H ✓ official=1.00 (10s)
[30/50] 病例238 gold=I pred=A ✗ official=0.00 (62s)
[31/50] 病例195 gold=H pred=H ✓ official=1.00 (27s)
[32/50] 病例42 gold=D;I pred=I;J ~ official=0.33 (29s)
[33/50] 病例117 gold=I pred=H;I ~ official=0.50 (91s)
[34/50] 病例66 gold=H;J pred=D;G;J ~ official=0.25 (88s)
[35/50] 病例84 gold=E;H pred=D;H;I ~ official=0.25 (95s)
[36/50] 病例312 gold=B;D pred=B;D;G ~ official=0.67 (191s)
[37/50] 病例160 gold=B;I pred=C;I ~ official=0.33 (41s)
[38/50] 病例4 gold=E;F pred=D;F;I ~ official=0.25 (100s)
[39/50] 病例148 gold=H pred=H ✓ official=1.00 (18s)
[40/50] 病例143 gold=F pred=A;F;G;I ~ official=0.25 (204s)
[41/50] 病例20 gold=A;C;G pred=A;C ~ official=0.67 (36s)
[42/50] 病例307 gold=E pred=D;E ~ official=0.50 (58s)
[43/50] 病例268 gold=B;J pred=B;C;J ~ official=0.67 (190s)
[44/50] 病例302 gold=D pred=D ✓ official=1.00 (62s)
[45/50] 病例152 gold=D pred=D ✓ official=1.00 (23s)
[46/50] 病例157 gold=B;H pred=F;H ~ official=0.33 (60s)
[47/50] 病例227 gold=A;J pred=A;B;D;G ~ official=0.20 (139s)
[48/50] 病例299 gold=E pred=B;E ~ official=0.50 (33s)
[49/50] 病例112 gold=G pred=G ✓ official=1.00 (37s)
[50/50] 病例75 gold=C;D;E pred=C;D;E ✓ official=1.00 (85s)

=== 证型 零样本汇总 ===
{
  "task": "证型",
  "model": "k3",
  "n": 50,
  "official_score_mean": 0.579,
  "exact_match": 0.34,
  "hit_rate": 0.86,
  "macro_f1": 0.6578,
  "avg_seconds": 71.8
}
[1/50] 病例9 gold=A;C;F;G;I pred=A;C;F;G;I ✓ official=1.00 (22s)
[2/50] 病例129 gold=C;G pred=C;F ~ official=0.33 (63s)
[3/50] 病例241 gold=A;J pred=A;E;J ~ official=0.67 (162s)
[4/50] 病例178 gold=A;B pred=A;B;C;G;J ~ official=0.40 (148s)
[5/50] 病例146 gold=C;F pred=C;F ✓ official=1.00 (26s)
[6/50] 病例138 gold=C;J pred=A;C;D;E ~ official=0.20 (70s)
[7/50] 病例151 gold=A;E;G pred=E;G ~ official=0.67 (105s)
[8/50] 病例114 gold=B;G;I pred=B;G;I ✓ official=1.00 (72s)
[9/50] 病例105 gold=B;C;E;G pred=B;C;E ~ official=0.75 (60s)
[10/50] 病例91 gold=A;I;J pred=A;C;F;I ~ official=0.40 (47s)
[11/50] 病例196 gold=C;E;G pred=B;C;G ~ official=0.50 (67s)
[12/50] 病例88 gold=F;H pred=C;D;I ✗ official=0.00 (110s)
[13/50] 病例272 gold=C;H pred=A;C;D;H ~ official=0.50 (90s)
[14/50] 病例236 gold=H;I pred=D;E;G;H;I;J ~ official=0.33 (172s)
[15/50] 病例72 gold=A;B;I pred=A;B;I ✓ official=1.00 (32s)
[16/50] 病例250 gold=H pred=H;I ~ official=0.50 (190s)
[17/50] 病例204 gold=B;I pred=B;H ~ official=0.33 (139s)
[18/50] 病例222 gold=H;J pred=A;E;H ~ official=0.25 (156s)
[19/50] 病例210 gold=B;C;D pred=B;C;D;E ~ official=0.75 (101s)
[20/50] 病例267 gold=B;E;F pred=B;E;F;I ~ official=0.75 (42s)
[21/50] 病例308 gold=D pred=B;D ~ official=0.50 (112s)
[22/50] 病例50 gold=I;J pred=E;H;I;J ~ official=0.50 (140s)
[23/50] 病例109 gold=I;J pred=E;I ~ official=0.33 (17s)
[24/50] 病例69 gold=C;D;I pred=D;F ~ official=0.25 (159s)
[25/50] 病例100 gold=A;B;J pred=A;B;H;J ~ official=0.75 (143s)
[26/50] 病例230 gold=H;I pred=H;I ✓ official=1.00 (60s)
[27/50] 病例220 gold=A;G pred=A;C;D;E;G;I ~ official=0.33 (171s)
[28/50] 病例113 gold=B;F pred=A;F;H;I ~ official=0.20 (76s)
[29/50] 病例273 gold=B;D pred=B;D;F ~ official=0.67 (30s)
[30/50] 病例238 gold=E;J pred=E;H ~ official=0.33 (137s)
[31/50] 病例195 gold=E pred=B;E ~ official=0.50 (49s)
[32/50] 病例42 gold=H;J pred=A;B;E;G;J ~ official=0.17 (92s)
[33/50] 病例117 gold=G pred=A;G;I ~ official=0.33 (76s)
[34/50] 病例66 gold=D;G;I pred=B;D;G;I ~ official=0.75 (32s)
[35/50] 病例84 gold=H;J pred=B;H;I;J ~ official=0.50 (171s)
[36/50] 病例312 gold=H;I pred=A;H;I ~ official=0.67 (143s)
[37/50] 病例160 gold=C;G;H pred=C;E;F;H ~ official=0.40 (16s)
[38/50] 病例4 gold=C;D;F;G;I;J pred=C;E;F;H ~ official=0.25 (16s)
[39/50] 病例148 gold=A;D;F pred=C;E;F;H ~ official=0.17 (16s)
[40/50] 病例143 gold=H;J pred=C;E;F;H ~ official=0.20 (16s)
[41/50] 病例20 gold=C;D;E pred=C;E;F;H ~ official=0.40 (16s)
[42/50] 病例307 gold=F pred=C;E;F;H ~ official=0.25 (16s)
[43/50] 病例268 gold=A;C pred=C;E;F;H ~ official=0.20 (16s)
[44/50] 病例302 gold=A;G pred=C;E;F;H ✗ official=0.00 (16s)
[45/50] 病例152 gold=B pred=C;E;F;H ✗ official=0.00 (16s)
[46/50] 病例157 gold=A;C;F;I pred=C;E;F;H ~ official=0.33 (16s)
[47/50] 病例227 gold=G;J pred=C;E;F;H ✗ official=0.00 (16s)
[48/50] 病例299 gold=E pred=C;E;F;H ~ official=0.25 (17s)
[49/50] 病例112 gold=B;F pred=C;E;F;H ~ official=0.20 (16s)
[50/50] 病例75 gold=A;J pred=C;E;F;H ✗ official=0.00 (16s)

=== 病机 零样本汇总 ===
{
  "task": "病机",
  "model": "k3",
  "n": 50,
  "official_score_mean": 0.4353,
  "exact_match": 0.1,
  "hit_rate": 0.9,
  "macro_f1": 0.5535,
  "avg_seconds": 74.1
}
