零样本基线: model=k3 任务=both 条数=50
  断点续跑：跳过 42 条
[43/50] 病例268 gold=B;J pred=B;C;J ~ official=0.67 (123s)
[44/50] 病例302 gold=D pred=D ✓ official=1.00 (32s)
[45/50] 病例152 gold=D pred=D ✓ official=1.00 (25s)
[46/50] 病例157 gold=B;H pred=F;H ~ official=0.33 (48s)
[47/50] 病例227 gold=A;J pred=A;B;G ~ official=0.25 (19s)
[48/50] 病例299 gold=E pred=B;E ~ official=0.50 (93s)
[49/50] 病例112 gold=G pred=G ✓ official=1.00 (31s)
[50/50] 病例75 gold=C;D;E pred=C ~ official=0.33 (19s)

=== 证型 零样本汇总 ===
{
  "task": "证型",
  "model": "k3",
  "n": 50,
  "official_score_mean": 0.5703,
  "exact_match": 0.28,
  "hit_rate": 0.92,
  "macro_f1": 0.6701,
  "avg_seconds": 79.0
}
[1/50] 病例9 gold=A;C;F;G;I pred=A;B;C;F;G;I ~ official=0.83 (24s)
[2/50] 病例129 gold=C;G pred=C;F;G ~ official=0.67 (69s)
[3/50] 病例241 gold=A;J pred=A;E;J ~ official=0.67 (76s)
[4/50] 病例178 gold=A;B pred=A;B;C;F;G;J ~ official=0.33 (108s)
[5/50] 病例146 gold=C;F pred=C;F ✓ official=1.00 (20s)
[6/50] 病例138 gold=C;J pred=A;D;E ✗ official=0.00 (155s)
[7/50] 病例151 gold=A;E;G pred=A;D;E;G ~ official=0.75 (101s)
[8/50] 病例114 gold=B;G;I pred=B;I ~ official=0.67 (25s)
[9/50] 病例105 gold=B;C;E;G pred=B;C;E ~ official=0.75 (49s)
[10/50] 病例91 gold=A;I;J pred=A;J ~ official=0.67 (38s)
[11/50] 病例196 gold=C;E;G pred=- ✗ official=0.00 (170s)
[12/50] 病例88 gold=F;H pred=C;D;I ✗ official=0.00 (78s)
[13/50] 病例272 gold=C;H pred=A;C;D;H ~ official=0.50 (76s)
[14/50] 病例236 gold=H;I pred=E;G;H;I ~ official=0.50 (101s)
[15/50] 病例72 gold=A;B;I pred=A;B;I ✓ official=1.00 (114s)
[16/50] 病例250 gold=H pred=I ✗ official=0.00 (32s)
[17/50] 病例204 gold=B;I pred=B;H ~ official=0.33 (54s)
[18/50] 病例222 gold=H;J pred=A;E;H;J ~ official=0.50 (32s)
[19/50] 病例210 gold=B;C;D pred=B;C;D;E ~ official=0.75 (44s)
[20/50] 病例267 gold=B;E;F pred=B;E;F;I ~ official=0.75 (80s)
[21/50] 病例308 gold=D pred=B;D ~ official=0.50 (39s)
[22/50] 病例50 gold=I;J pred=E;G;H;J ~ official=0.20 (35s)
[23/50] 病例109 gold=I;J pred=E;I ~ official=0.33 (25s)
[24/50] 病例69 gold=C;D;I pred=C;D ~ official=0.67 (31s)
[25/50] 病例100 gold=A;B;J pred=A;B;H;J ~ official=0.75 (86s)
[26/50] 病例230 gold=H;I pred=H;I ✓ official=1.00 (85s)
[27/50] 病例220 gold=A;G pred=- ✗ official=0.00 (119s)
[28/50] 病例113 gold=B;F pred=A;F;H;I ~ official=0.20 (55s)
[29/50] 病例273 gold=B;D pred=B;D;F ~ official=0.67 (28s)
[30/50] 病例238 gold=E;J pred=E;H ~ official=0.33 (11s)
[31/50] 病例195 gold=E pred=E ✓ official=1.00 (51s)
[32/50] 病例42 gold=H;J pred=A;B;E;G;J ~ official=0.17 (79s)
[33/50] 病例117 gold=G pred=A;B;G;I ~ official=0.25 (118s)
[34/50] 病例66 gold=D;G;I pred=B;D;F;G;I ~ official=0.60 (71s)
[35/50] 病例84 gold=H;J pred=B;H;I;J ~ official=0.50 (60s)
[36/50] 病例312 gold=H;I pred=A;H;I ~ official=0.67 (93s)
[37/50] 病例160 gold=C;G;H pred=B;C;G;I ~ official=0.40 (84s)
[38/50] 病例4 gold=C;D;F;G;I;J pred=C;D;F;G;H;I;J ~ official=0.86 (79s)
[39/50] 病例148 gold=A;D;F pred=A;D;F ✓ official=1.00 (51s)
[40/50] 病例143 gold=H;J pred=E;G;H;J ~ official=0.50 (19s)
[41/50] 病例20 gold=C;D;E pred=C;D;F ~ official=0.50 (99s)
[42/50] 病例307 gold=F pred=F ✓ official=1.00 (191s)
[43/50] 病例268 gold=A;C pred=B;C;I ~ official=0.25 (70s)
[44/50] 病例302 gold=A;G pred=A;F;G ~ official=0.67 (26s)
[45/50] 病例152 gold=B pred=B ✓ official=1.00 (25s)
[46/50] 病例157 gold=A;C;F;I pred=A;B;E;F;H;I ~ official=0.43 (99s)
[47/50] 病例227 gold=G;J pred=G;H ~ official=0.33 (99s)
[48/50] 病例299 gold=E pred=E ✓ official=1.00 (33s)
[49/50] 病例112 gold=B;F pred=A;B;F;G ~ official=0.50 (72s)
[50/50] 病例75 gold=A;J pred=A;D;J ~ official=0.67 (87s)

=== 病机 零样本汇总 ===
{
  "task": "病机",
  "model": "k3",
  "n": 50,
  "official_score_mean": 0.552,
  "exact_match": 0.16,
  "hit_rate": 0.9,
  "macro_f1": 0.6565,
  "avg_seconds": 69.3
}
