零样本基线: model=k3 任务=both 条数=50
[1/50] 病例25 gold=E;H pred=E;H ✓ official=1.00 (22s)
[2/50] 病例174 gold=E;J pred=J ~ official=0.50 (85s)
[3/50] 病例107 gold=I pred=I ✓ official=1.00 (30s)
[4/50] 病例134 gold=C pred=C;E ~ official=0.50 (10s)
[5/50] 病例186 gold=A;B pred=A;B;E;I ~ official=0.50 (57s)
[6/50] 病例35 gold=D pred=D;E ~ official=0.50 (89s)
[7/50] 病例251 gold=D;H pred=D;I ~ official=0.33 (48s)
[8/50] 病例208 gold=C;J pred=C;J ✓ official=1.00 (15s)
[9/50] 病例158 gold=G;I pred=B;G ~ official=0.33 (42s)
[10/50] 病例185 gold=B;H pred=A;B;I;J ~ official=0.20 (18s)
[11/50] 病例188 gold=F pred=C;F ~ official=0.50 (113s)
[12/50] 病例47 gold=I;J pred=D;J ~ official=0.33 (26s)
[13/50] 病例205 gold=E pred=E;G ~ official=0.50 (18s)
[14/50] 病例175 gold=B;J pred=B;C;I;J ~ official=0.50 (74s)
[15/50] 病例264 gold=C;H pred=C;H ✓ official=1.00 (72s)
[16/50] 病例153 gold=H pred=H;J ~ official=0.50 (42s)
[17/50] 病例223 gold=B;C pred=C ~ official=0.50 (34s)
[18/50] 病例51 gold=H pred=H;I ~ official=0.50 (78s)
[19/50] 病例231 gold=G;J pred=G;J ✓ official=1.00 (109s)
[20/50] 病例171 gold=A;F;G pred=A;F;G ✓ official=1.00 (125s)
[21/50] 病例58 gold=B;G pred=B;G ✓ official=1.00 (69s)
[22/50] 病例82 gold=E;G pred=C;E;G ~ official=0.67 (75s)
[23/50] 病例258 gold=B;J pred=B;J ✓ official=1.00 (46s)
[24/50] 病例197 gold=A pred=G ✗ official=0.00 (90s)
[25/50] 病例293 gold=A;C pred=A;C ✓ official=1.00 (38s)
[26/50] 病例154 gold=F;J pred=F;J ✓ official=1.00 (31s)
[27/50] 病例219 gold=A;F;H pred=A;B ~ official=0.25 (37s)
[28/50] 病例167 gold=C;J pred=C;J ✓ official=1.00 (48s)
[29/50] 病例199 gold=A pred=B;H ✗ official=0.00 (96s)
[30/50] 病例228 gold=F;I pred=G;H;I ~ official=0.25 (50s)
[31/50] 病例97 gold=D pred=J ✗ official=0.00 (83s)
[32/50] 病例161 gold=A;F pred=A;H ~ official=0.33 (132s)
[33/50] 病例59 gold=H;I pred=H;I ✓ official=1.00 (65s)
[34/50] 病例155 gold=B;H pred=A;B ~ official=0.33 (15s)
[35/50] 病例7 gold=B;J pred=A;B ~ official=0.33 (130s)
[36/50] 病例316 gold=G pred=G ✓ official=1.00 (156s)
[37/50] 病例282 gold=D pred=C;D;F ~ official=0.33 (109s)
[38/50] 病例133 gold=I;J pred=D;I ~ official=0.33 (89s)
[39/50] 病例41 gold=D;E pred=D;E;J ~ official=0.67 (56s)
[40/50] 病例86 gold=D pred=C;D ~ official=0.50 (15s)
[41/50] 病例286 gold=F pred=A;F;G ~ official=0.33 (50s)
[42/50] 病例156 gold=D;H pred=D;H;J ~ official=0.67 (112s)
[43/50] 病例202 gold=B;I pred=B;I ✓ official=1.00 (66s)
[44/50] 病例313 gold=C pred=C ✓ official=1.00 (49s)
[45/50] 病例104 gold=A;F pred=A;F ✓ official=1.00 (29s)
[46/50] 病例8 gold=H;I;J pred=H;I;J ✓ official=1.00 (51s)
[47/50] 病例6 gold=F;G pred=D;F;G ~ official=0.67 (55s)
[48/50] 病例211 gold=A pred=C;E;J ✗ official=0.00 (84s)
[49/50] 病例245 gold=G pred=G;J ~ official=0.50 (127s)
[50/50] 病例103 gold=I pred=G ✗ official=0.00 (33s)

=== 证型 零样本汇总 ===
{
  "task": "证型",
  "model": "k3",
  "n": 50,
  "official_score_mean": 0.5873,
  "exact_match": 0.34,
  "hit_rate": 0.9,
  "macro_f1": 0.6767,
  "avg_seconds": 63.8
}
[1/50] 病例25 gold=E;J pred=- ✗ official=0.00 (246s)
[2/50] 病例174 gold=B;E;H pred=B;E;H ✓ official=1.00 (52s)
[3/50] 病例107 gold=D;J pred=B;C;D;G;J ~ official=0.40 (27s)
[4/50] 病例134 gold=F;J pred=F;J ✓ official=1.00 (30s)
[5/50] 病例186 gold=C;E;G pred=C;E;G ✓ official=1.00 (81s)
[6/50] 病例35 gold=D;F;G pred=B;F;I;J ~ official=0.17 (42s)
[7/50] 病例251 gold=B;H pred=A;D;I ✗ official=0.00 (44s)
[8/50] 病例208 gold=E;G pred=E;G ✓ official=1.00 (28s)
[9/50] 病例158 gold=A;D;E pred=A;E ~ official=0.67 (20s)
[10/50] 病例185 gold=C;D;G pred=B;C;E;F;G;I ~ official=0.29 (159s)
[11/50] 病例188 gold=E pred=E ✓ official=1.00 (116s)
[12/50] 病例47 gold=C;G;J pred=A;G;J ~ official=0.50 (94s)
[13/50] 病例205 gold=E;F pred=F ~ official=0.50 (68s)
[14/50] 病例175 gold=B;I;J pred=B;I;J ✓ official=1.00 (22s)
[15/50] 病例264 gold=I;J pred=A;E;I;J ~ official=0.50 (84s)
[16/50] 病例153 gold=A;F pred=A;F ✓ official=1.00 (8s)
[17/50] 病例223 gold=F;H pred=B;F ~ official=0.33 (43s)
[18/50] 病例51 gold=B;G pred=B;G ✓ official=1.00 (20s)
[19/50] 病例231 gold=B;E pred=E;F ~ official=0.33 (51s)
[20/50] 病例171 gold=A;B;F pred=D;F;I ~ official=0.20 (99s)
[21/50] 病例58 gold=H;I pred=H ~ official=0.50 (48s)
[22/50] 病例82 gold=A;C pred=A;C;D;E ~ official=0.50 (73s)
[23/50] 病例258 gold=G;H pred=G;H;I ~ official=0.67 (13s)
[24/50] 病例197 gold=B pred=D ✗ official=0.00 (50s)
[25/50] 病例293 gold=C;I pred=C;I ✓ official=1.00 (66s)
[26/50] 病例154 gold=C;E;I pred=C;E;H;I ~ official=0.75 (75s)
[27/50] 病例219 gold=C;F;J pred=E;G;I;J ~ official=0.17 (155s)
[28/50] 病例167 gold=B;C pred=B;C;E ~ official=0.67 (44s)
[29/50] 病例199 gold=D;H pred=D;G ~ official=0.33 (175s)
[30/50] 病例228 gold=E;H pred=C;D;E;F ~ official=0.20 (154s)
[31/50] 病例97 gold=C;H;J pred=- ✗ official=0.00 (256s)
[32/50] 病例161 gold=H;I;J pred=H;J ~ official=0.67 (92s)
[33/50] 病例59 gold=E;G pred=A;G ~ official=0.33 (150s)
[34/50] 病例155 gold=E;H pred=E;H ✓ official=1.00 (27s)
[35/50] 病例7 gold=C;H;I;J pred=A;G;I;J ~ official=0.33 (119s)
[36/50] 病例316 gold=J pred=B;J ~ official=0.50 (32s)
[37/50] 病例282 gold=F pred=C;D;F;I ~ official=0.25 (136s)
[38/50] 病例133 gold=C;E;G;H pred=B;E;I ~ official=0.17 (176s)
[39/50] 病例41 gold=A;C;F pred=C ~ official=0.33 (135s)
[40/50] 病例86 gold=A;B;I pred=B;I ~ official=0.67 (180s)
[41/50] 病例286 gold=A pred=A;J ~ official=0.50 (153s)
[42/50] 病例156 gold=C;D pred=C;D ✓ official=1.00 (137s)
[43/50] 病例202 gold=D;G pred=C;E;F;H ✗ official=0.00 (16s)
[44/50] 病例313 gold=I pred=C;E;F;H ✗ official=0.00 (16s)
[45/50] 病例104 gold=A;C;H pred=C;E;F;H ~ official=0.40 (16s)
[46/50] 病例8 gold=F;G;H;I pred=C;E;F;H ~ official=0.33 (16s)
[47/50] 病例6 gold=D;G;I;J pred=C;E;F;H ✗ official=0.00 (16s)
[48/50] 病例211 gold=A;B pred=C;E;F;H ✗ official=0.00 (16s)
[49/50] 病例245 gold=A pred=C;E;F;H ✗ official=0.00 (16s)
[50/50] 病例103 gold=G;H pred=C;E;F;H ~ official=0.20 (16s)

=== 病机 零样本汇总 ===
{
  "task": "病机",
  "model": "k3",
  "n": 50,
  "official_score_mean": 0.467,
  "exact_match": 0.22,
  "hit_rate": 0.82,
  "macro_f1": 0.5574,
  "avg_seconds": 78.2
}
