零样本基线: model=k3 任务=both 条数=50
[1/50] 病例340 gold=D;E;H pred=C;E;F;H ~ official=0.40 (16s)
[2/50] 病例306 gold=G pred=C;E;F;H ✗ official=0.00 (16s)
[3/50] 病例304 gold=J pred=C;E;F;H ✗ official=0.00 (16s)
[4/50] 病例137 gold=F;I pred=C;E;F;H ~ official=0.20 (16s)
[5/50] 病例90 gold=E pred=C;E;F;H ~ official=0.25 (16s)
[6/50] 病例283 gold=G;H pred=C;E;F;H ~ official=0.20 (16s)
[7/50] 病例177 gold=D pred=C;E;F;H ✗ official=0.00 (16s)
[8/50] 病例74 gold=C;D;H pred=C;E;F;H ~ official=0.40 (16s)
[9/50] 病例118 gold=D pred=C;E;F;H ✗ official=0.00 (16s)
[10/50] 病例18 gold=D;G pred=C;E;F;H ✗ official=0.00 (16s)
[11/50] 病例218 gold=A;C pred=C;E;F;H ~ official=0.20 (16s)
[12/50] 病例45 gold=H;I pred=C;E;F;H ~ official=0.20 (16s)
[13/50] 病例297 gold=H pred=C;E;F;H ~ official=0.25 (16s)
[14/50] 病例217 gold=E;H;I pred=C;E;F;H ~ official=0.40 (16s)
[15/50] 病例183 gold=C pred=C;E;F;H ~ official=0.25 (16s)
[16/50] 病例209 gold=G;I pred=C;E;F;H ✗ official=0.00 (16s)
[17/50] 病例165 gold=C;D pred=C;E;F;H ~ official=0.20 (16s)
[18/50] 病例284 gold=A;D pred=C;E;F;H ✗ official=0.00 (16s)
[19/50] 病例73 gold=F;I pred=C;E;F;H ~ official=0.20 (16s)
[20/50] 病例52 gold=A;H pred=C;E;F;H ~ official=0.20 (16s)
[21/50] 病例182 gold=J pred=C;E;F;H ✗ official=0.00 (16s)
[22/50] 病例203 gold=H pred=C;E;F;H ~ official=0.25 (16s)
[23/50] 病例244 gold=F;H pred=C;E;F;H ~ official=0.50 (16s)
[24/50] 病例319 gold=I pred=C;E;F;H ✗ official=0.00 (16s)
[25/50] 病例194 gold=B pred=C;E;F;H ✗ official=0.00 (16s)
[26/50] 病例349 gold=F pred=C;E;F;H ~ official=0.25 (16s)
[27/50] 病例64 gold=D pred=C;E;F;H ✗ official=0.00 (16s)
[28/50] 病例353 gold=C;I pred=C;E;F;H ~ official=0.20 (16s)
[29/50] 病例11 gold=A;I;J pred=C;E;F;H ✗ official=0.00 (16s)
[30/50] 病例279 gold=F pred=C;E;F;H ~ official=0.25 (16s)
[31/50] 病例79 gold=D pred=C;E;F;H ✗ official=0.00 (16s)
[32/50] 病例173 gold=G;J pred=C;E;F;H ✗ official=0.00 (16s)
[33/50] 病例320 gold=C;I pred=C;E;F;H ~ official=0.20 (16s)
[34/50] 病例253 gold=A;H pred=C;E;F;H ~ official=0.20 (16s)
[35/50] 病例224 gold=F pred=C;E;F;H ~ official=0.25 (16s)
[36/50] 病例43 gold=E;G pred=C;E;F;H ~ official=0.20 (16s)
[37/50] 病例276 gold=B;I pred=C;E;F;H ✗ official=0.00 (16s)
[38/50] 病例318 gold=E pred=C;E;F;H ~ official=0.25 (16s)
[39/50] 病例201 gold=J pred=C;E;F;H ✗ official=0.00 (16s)
[40/50] 病例124 gold=G;I pred=C;E;F;H ✗ official=0.00 (16s)
[41/50] 病例309 gold=B pred=B ✓ official=1.00 (31s)
[42/50] 病例17 gold=A;E pred=A;G ~ official=0.33 (118s)
[43/50] 病例144 gold=F pred=A;B;F;G ~ official=0.25 (155s)
[44/50] 病例126 gold=B pred=B;D ~ official=0.50 (119s)
[45/50] 病例106 gold=I;J pred=F ✗ official=0.00 (94s)
[46/50] 病例294 gold=D;J pred=D;F;G;I;J ~ official=0.40 (37s)
[47/50] 病例139 gold=D;J pred=D;J ✓ official=1.00 (33s)
[48/50] 病例131 gold=G pred=C;E ✗ official=0.00 (208s)
[49/50] 病例249 gold=D;G pred=D;E;G ~ official=0.67 (42s)
[50/50] 病例80 gold=E;H pred=E;H ✓ official=1.00 (23s)

=== 证型 零样本汇总 ===
{
  "task": "证型",
  "model": "k3",
  "n": 50,
  "official_score_mean": 0.221,
  "exact_match": 0.06,
  "hit_rate": 0.62,
  "macro_f1": 0.3037,
  "avg_seconds": 29.9
}
[1/50] 病例340 gold=A;C;E pred=A ~ official=0.33 (26s)
[2/50] 病例306 gold=E pred=E ✓ official=1.00 (180s)
[3/50] 病例304 gold=B pred=E;J ✗ official=0.00 (206s)
[4/50] 病例137 gold=E;F pred=E;F ✓ official=1.00 (47s)
[5/50] 病例90 gold=A;F pred=B;G ✗ official=0.00 (55s)
[6/50] 病例283 gold=A;F pred=A;B;D;F;I ~ official=0.40 (171s)
[7/50] 病例177 gold=I pred=F;I ~ official=0.50 (94s)
[8/50] 病例74 gold=A;B;E;H pred=- ✗ official=0.00 (218s)
[9/50] 病例118 gold=B;G pred=B;G;J ~ official=0.67 (28s)
[10/50] 病例18 gold=B;E;G;J pred=B;E;G ~ official=0.75 (129s)
[11/50] 病例218 gold=D;I pred=D;I ✓ official=1.00 (76s)
[12/50] 病例45 gold=C;H;I pred=C;F;H;I ~ official=0.75 (160s)
[13/50] 病例297 gold=B pred=B;G ~ official=0.50 (109s)
[14/50] 病例217 gold=D;H;J pred=C;D;H ~ official=0.50 (189s)
[15/50] 病例183 gold=F pred=F ✓ official=1.00 (85s)
[16/50] 病例209 gold=A;F;G pred=A;F;G;I ~ official=0.75 (108s)
[17/50] 病例165 gold=A;F;G;J pred=A;E;F;G ~ official=0.60 (85s)
[18/50] 病例284 gold=A;E pred=A;E;I ~ official=0.67 (104s)
[19/50] 病例73 gold=C;E;F;H pred=C;E;F ~ official=0.75 (95s)
[20/50] 病例52 gold=A;B;F pred=A;B;F ✓ official=1.00 (83s)
[21/50] 病例182 gold=I pred=B ✗ official=0.00 (110s)
[22/50] 病例203 gold=E;I pred=D;E;G;I ~ official=0.50 (162s)
[23/50] 病例244 gold=G;H pred=A;D;F;G;H;J ~ official=0.33 (155s)
[24/50] 病例319 gold=F pred=F ✓ official=1.00 (192s)
[25/50] 病例194 gold=D;F pred=D;F ✓ official=1.00 (28s)
[26/50] 病例349 gold=B;I pred=A;B;D;I ~ official=0.50 (112s)
[27/50] 病例64 gold=B;E pred=B;E;G;I ~ official=0.50 (32s)
[28/50] 病例353 gold=A;B;D pred=B;C;D;F ~ official=0.40 (121s)
[29/50] 病例11 gold=A;E;I pred=A;E;G;I ~ official=0.75 (162s)
[30/50] 病例279 gold=J pred=B;D;J ~ official=0.33 (81s)
[31/50] 病例79 gold=E;G pred=E ~ official=0.50 (101s)
[32/50] 病例173 gold=A;J pred=A;I;J ~ official=0.67 (182s)
[33/50] 病例320 gold=E;I pred=E;I ✓ official=1.00 (32s)
[34/50] 病例253 gold=A;F pred=A;B;C ~ official=0.25 (98s)
[35/50] 病例224 gold=A;I pred=A;I ✓ official=1.00 (19s)
[36/50] 病例43 gold=B;G pred=B;G;J ~ official=0.67 (64s)
[37/50] 病例276 gold=B;C pred=A;B;C;D ~ official=0.50 (120s)
[38/50] 病例318 gold=B pred=A;B;G;I ~ official=0.25 (29s)
[39/50] 病例201 gold=B;F pred=F ~ official=0.50 (45s)
[40/50] 病例124 gold=B;F;G;J pred=B;F;G;J ✓ official=1.00 (59s)
[41/50] 病例309 gold=F pred=C;F ~ official=0.50 (47s)
[42/50] 病例17 gold=B;C;D;H;I;J pred=D;I;J ~ official=0.50 (45s)
[43/50] 病例144 gold=B;G;J pred=B;C;E;G;J ~ official=0.60 (201s)
[44/50] 病例126 gold=D;F pred=B;C;D;F ~ official=0.50 (200s)
[45/50] 病例106 gold=A;B;D pred=A;B;E ~ official=0.50 (164s)
[46/50] 病例294 gold=G;I pred=C;G;I ~ official=0.67 (154s)
[47/50] 病例139 gold=D;E;G;H pred=D;E;G;H ✓ official=1.00 (49s)
[48/50] 病例131 gold=F;G;H pred=B;C;F;G;H ~ official=0.60 (41s)
[49/50] 病例249 gold=E;G pred=B;C;E;G ~ official=0.50 (54s)
[50/50] 病例80 gold=D;E;I pred=D;E;G;I ~ official=0.75 (119s)

=== 病机 零样本汇总 ===
{
  "task": "病机",
  "model": "k3",
  "n": 50,
  "official_score_mean": 0.5987,
  "exact_match": 0.22,
  "hit_rate": 0.92,
  "macro_f1": 0.7034,
  "avg_seconds": 104.5
}
