零样本基线: model=k3 任务=both 条数=50
[1/50] 病例340 gold=D;E;H pred=B ✗ official=0.00 (25s)
[2/50] 病例306 gold=G pred=E;G ~ official=0.50 (47s)
[3/50] 病例304 gold=J pred=F;I ✗ official=0.00 (62s)
[4/50] 病例137 gold=F;I pred=F;I ✓ official=1.00 (19s)
[5/50] 病例90 gold=E pred=E ✓ official=1.00 (17s)
[6/50] 病例283 gold=G;H pred=G;H ✓ official=1.00 (43s)
[7/50] 病例177 gold=D pred=D ✓ official=1.00 (31s)
[8/50] 病例74 gold=C;D;H pred=C;D ~ official=0.67 (170s)
[9/50] 病例118 gold=D pred=D ✓ official=1.00 (33s)
[10/50] 病例18 gold=D;G pred=D;G ✓ official=1.00 (74s)
[11/50] 病例218 gold=A;C pred=A;C ✓ official=1.00 (47s)
[12/50] 病例45 gold=H;I pred=C;H;I ~ official=0.67 (80s)
[13/50] 病例297 gold=H pred=A;C;E ✗ official=0.00 (149s)
[14/50] 病例217 gold=E;H;I pred=A;E;H;I ~ official=0.75 (43s)
[15/50] 病例183 gold=C pred=C ✓ official=1.00 (45s)
[16/50] 病例209 gold=G;I pred=G;I;J ~ official=0.67 (74s)
[17/50] 病例165 gold=C;D pred=C;D ✓ official=1.00 (100s)
[18/50] 病例284 gold=A;D pred=D ~ official=0.50 (53s)
[19/50] 病例73 gold=F;I pred=F;I ✓ official=1.00 (14s)
[20/50] 病例52 gold=A;H pred=A;H ✓ official=1.00 (77s)
[21/50] 病例182 gold=J pred=A;J ~ official=0.50 (75s)
[22/50] 病例203 gold=H pred=H ✓ official=1.00 (59s)
[23/50] 病例244 gold=F;H pred=H;J ~ official=0.33 (41s)
[24/50] 病例319 gold=I pred=E;I;J ~ official=0.33 (26s)
[25/50] 病例194 gold=B pred=B;I ~ official=0.50 (53s)
[26/50] 病例349 gold=F pred=E;F ~ official=0.50 (23s)
[27/50] 病例64 gold=D pred=D ✓ official=1.00 (12s)
[28/50] 病例353 gold=C;I pred=A;C;I ~ official=0.67 (106s)
[29/50] 病例11 gold=A;I;J pred=A;H;I;J ~ official=0.75 (115s)
[30/50] 病例279 gold=F pred=E;I ✗ official=0.00 (109s)
[31/50] 病例79 gold=D pred=D ✓ official=1.00 (87s)
[32/50] 病例173 gold=G;J pred=G;J ✓ official=1.00 (43s)
[33/50] 病例320 gold=C;I pred=C;I ✓ official=1.00 (29s)
[34/50] 病例253 gold=A;H pred=A;G;H ~ official=0.67 (51s)
[35/50] 病例224 gold=F pred=F ✓ official=1.00 (39s)
[36/50] 病例43 gold=E;G pred=A;G ~ official=0.33 (162s)
[37/50] 病例276 gold=B;I pred=B;I ✓ official=1.00 (17s)
[38/50] 病例318 gold=E pred=D;E;H ~ official=0.33 (124s)
[39/50] 病例201 gold=J pred=J ✓ official=1.00 (29s)
[40/50] 病例124 gold=G;I pred=G;I;J ~ official=0.67 (169s)
[41/50] 病例309 gold=B pred=B ✓ official=1.00 (15s)
[42/50] 病例17 gold=A;E pred=A;G ~ official=0.33 (87s)
[43/50] 病例144 gold=F pred=A;B;F;G ~ official=0.25 (118s)
[44/50] 病例126 gold=B pred=B;D ~ official=0.50 (100s)
[45/50] 病例106 gold=I;J pred=F ✗ official=0.00 (48s)
[46/50] 病例294 gold=D;J pred=D;F;I;J ~ official=0.50 (53s)
[47/50] 病例139 gold=D;J pred=D;J ✓ official=1.00 (94s)
[48/50] 病例131 gold=G pred=C;G ~ official=0.50 (181s)
[49/50] 病例249 gold=D;G pred=D;E ~ official=0.33 (89s)
[50/50] 病例80 gold=E;H pred=E;H ✓ official=1.00 (130s)

=== 证型 零样本汇总 ===
{
  "task": "证型",
  "model": "k3",
  "n": 50,
  "official_score_mean": 0.675,
  "exact_match": 0.44,
  "hit_rate": 0.9,
  "macro_f1": 0.745,
  "avg_seconds": 69.8
}
[1/50] 病例340 gold=A;C;E pred=A ~ official=0.33 (65s)
[2/50] 病例306 gold=E pred=C;E ~ official=0.50 (12s)
[3/50] 病例304 gold=B pred=- ✗ official=0.00 (182s)
[4/50] 病例137 gold=E;F pred=E;F ✓ official=1.00 (20s)
[5/50] 病例90 gold=A;F pred=B;G ✗ official=0.00 (85s)
[6/50] 病例283 gold=A;F pred=A;B;F;I ~ official=0.50 (87s)
[7/50] 病例177 gold=I pred=- ✗ official=0.00 (185s)
[8/50] 病例74 gold=A;B;E;H pred=A;B;C;E;G ~ official=0.50 (167s)
[9/50] 病例118 gold=B;G pred=B;G;J ~ official=0.67 (56s)
[10/50] 病例18 gold=B;E;G;J pred=B;E;G ~ official=0.75 (102s)
[11/50] 病例218 gold=D;I pred=D;I ✓ official=1.00 (15s)
[12/50] 病例45 gold=C;H;I pred=C;F;I ~ official=0.50 (162s)
[13/50] 病例297 gold=B pred=B;D;G;J ~ official=0.25 (133s)
[14/50] 病例217 gold=D;H;J pred=C;D;H ~ official=0.50 (125s)
[15/50] 病例183 gold=F pred=F ✓ official=1.00 (35s)
[16/50] 病例209 gold=A;F;G pred=A;F;G;I ~ official=0.75 (74s)
[17/50] 病例165 gold=A;F;G;J pred=A;E;F;G;J ~ official=0.80 (151s)
[18/50] 病例284 gold=A;E pred=A;E ✓ official=1.00 (115s)
[19/50] 病例73 gold=C;E;F;H pred=C;E;F ~ official=0.75 (88s)
[20/50] 病例52 gold=A;B;F pred=A;B;F ✓ official=1.00 (45s)
[21/50] 病例182 gold=I pred=B ✗ official=0.00 (40s)
[22/50] 病例203 gold=E;I pred=D;E;F;G;I ~ official=0.40 (80s)
[23/50] 病例244 gold=G;H pred=- ✗ official=0.00 (254s)
[24/50] 病例319 gold=F pred=- ✗ official=0.00 (214s)
[25/50] 病例194 gold=D;F pred=D;F ✓ official=1.00 (42s)
[26/50] 病例349 gold=B;I pred=A;B;D;I ~ official=0.50 (69s)
[27/50] 病例64 gold=B;E pred=E;G ~ official=0.33 (97s)
[28/50] 病例353 gold=A;B;D pred=A;B;C;D;F ~ official=0.60 (108s)
[29/50] 病例11 gold=A;E;I pred=A;E;I ✓ official=1.00 (35s)
[30/50] 病例279 gold=J pred=B;D;J ~ official=0.33 (99s)
[31/50] 病例79 gold=E;G pred=E ~ official=0.50 (146s)
[32/50] 病例173 gold=A;J pred=A;J ✓ official=1.00 (43s)
[33/50] 病例320 gold=E;I pred=E;I ✓ official=1.00 (74s)
[34/50] 病例253 gold=A;F pred=A;B;C ~ official=0.25 (45s)
[35/50] 病例224 gold=A;I pred=A;I ✓ official=1.00 (51s)
[36/50] 病例43 gold=B;G pred=B;G;J ~ official=0.67 (27s)
[37/50] 病例276 gold=B;C pred=B;C;D ~ official=0.67 (91s)
[38/50] 病例318 gold=B pred=A;B;I ~ official=0.33 (72s)
[39/50] 病例201 gold=B;F pred=C;E;F;H ~ official=0.20 (16s)
[40/50] 病例124 gold=B;F;G;J pred=C;E;F;H ~ official=0.14 (16s)
[41/50] 病例309 gold=F pred=C;E;F;H ~ official=0.25 (16s)
[42/50] 病例17 gold=B;C;D;H;I;J pred=C;E;F;H ~ official=0.25 (16s)
[43/50] 病例144 gold=B;G;J pred=C;E;F;H ✗ official=0.00 (16s)
[44/50] 病例126 gold=D;F pred=C;E;F;H ~ official=0.20 (16s)
[45/50] 病例106 gold=A;B;D pred=C;E;F;H ✗ official=0.00 (16s)
[46/50] 病例294 gold=G;I pred=C;E;F;H ✗ official=0.00 (16s)
[47/50] 病例139 gold=D;E;G;H pred=C;E;F;H ~ official=0.33 (16s)
[48/50] 病例131 gold=F;G;H pred=C;E;F;H ~ official=0.40 (16s)
[49/50] 病例249 gold=E;G pred=C;E;F;H ~ official=0.20 (16s)
[50/50] 病例80 gold=D;E;I pred=C;E;F;H ~ official=0.17 (16s)

=== 病机 零样本汇总 ===
{
  "task": "病机",
  "model": "k3",
  "n": 50,
  "official_score_mean": 0.4705,
  "exact_match": 0.2,
  "hit_rate": 0.82,
  "macro_f1": 0.5611,
  "avg_seconds": 73.6
}
