零样本基线: model=k3 任务=both 条数=50
[1/50] 病例25 gold=E;H pred=C;E;F;H ~ official=0.50 (16s)
[2/50] 病例174 gold=E;J pred=C;E;F;H ~ official=0.20 (16s)
[3/50] 病例107 gold=I pred=C;E;F;H ✗ official=0.00 (16s)
[4/50] 病例134 gold=C pred=C;E;F;H ~ official=0.25 (16s)
[5/50] 病例186 gold=A;B pred=C;E;F;H ✗ official=0.00 (16s)
[6/50] 病例35 gold=D pred=C;E;F;H ✗ official=0.00 (16s)
[7/50] 病例251 gold=D;H pred=C;E;F;H ~ official=0.20 (16s)
[8/50] 病例208 gold=C;J pred=C;E;F;H ~ official=0.20 (16s)
[9/50] 病例158 gold=G;I pred=C;E;F;H ✗ official=0.00 (16s)
[10/50] 病例185 gold=B;H pred=C;E;F;H ~ official=0.20 (16s)
[11/50] 病例188 gold=F pred=C;E;F;H ~ official=0.25 (16s)
[12/50] 病例47 gold=I;J pred=C;E;F;H ✗ official=0.00 (16s)
[13/50] 病例205 gold=E pred=C;E;F;H ~ official=0.25 (16s)
[14/50] 病例175 gold=B;J pred=C;E;F;H ✗ official=0.00 (16s)
[15/50] 病例264 gold=C;H pred=C;E;F;H ~ official=0.50 (16s)
[16/50] 病例153 gold=H pred=C;E;F;H ~ official=0.25 (16s)
[17/50] 病例223 gold=B;C pred=C;E;F;H ~ official=0.20 (16s)
[18/50] 病例51 gold=H pred=C;E;F;H ~ official=0.25 (16s)
[19/50] 病例231 gold=G;J pred=C;E;F;H ✗ official=0.00 (16s)
[20/50] 病例171 gold=A;F;G pred=C;E;F;H ~ official=0.17 (16s)
[21/50] 病例58 gold=B;G pred=C;E;F;H ✗ official=0.00 (16s)
[22/50] 病例82 gold=E;G pred=C;E;F;H ~ official=0.20 (16s)
[23/50] 病例258 gold=B;J pred=C;E;F;H ✗ official=0.00 (16s)
[24/50] 病例197 gold=A pred=C;E;F;H ✗ official=0.00 (16s)
[25/50] 病例293 gold=A;C pred=C;E;F;H ~ official=0.20 (16s)
[26/50] 病例154 gold=F;J pred=C;E;F;H ~ official=0.20 (16s)
[27/50] 病例219 gold=A;F;H pred=C;E;F;H ~ official=0.40 (16s)
[28/50] 病例167 gold=C;J pred=C;E;F;H ~ official=0.20 (16s)
[29/50] 病例199 gold=A pred=C;E;F;H ✗ official=0.00 (16s)
[30/50] 病例228 gold=F;I pred=C;E;F;H ~ official=0.20 (16s)
[31/50] 病例97 gold=D pred=C;E;F;H ✗ official=0.00 (16s)
[32/50] 病例161 gold=A;F pred=C;E;F;H ~ official=0.20 (16s)
[33/50] 病例59 gold=H;I pred=C;E;F;H ~ official=0.20 (16s)
[34/50] 病例155 gold=B;H pred=C;E;F;H ~ official=0.20 (16s)
[35/50] 病例7 gold=B;J pred=C;E;F;H ✗ official=0.00 (16s)
[36/50] 病例316 gold=G pred=C;E;F;H ✗ official=0.00 (16s)
[37/50] 病例282 gold=D pred=C;E;F;H ✗ official=0.00 (16s)
[38/50] 病例133 gold=I;J pred=C;E;F;H ✗ official=0.00 (16s)
[39/50] 病例41 gold=D;E pred=C;E;F;H ~ official=0.20 (16s)
[40/50] 病例86 gold=D pred=C;E;F;H ✗ official=0.00 (16s)
[41/50] 病例286 gold=F pred=A;F;G ~ official=0.33 (127s)
[42/50] 病例156 gold=D;H pred=D;H;J ~ official=0.67 (116s)
[43/50] 病例202 gold=B;I pred=B;I ✓ official=1.00 (73s)
[44/50] 病例313 gold=C pred=C;F ~ official=0.50 (107s)
[45/50] 病例104 gold=A;F pred=A;F ✓ official=1.00 (91s)
[46/50] 病例8 gold=H;I;J pred=H;I;J ✓ official=1.00 (124s)
[47/50] 病例6 gold=F;G pred=F;G ✓ official=1.00 (135s)
[48/50] 病例211 gold=A pred=C ✗ official=0.00 (108s)
[49/50] 病例245 gold=G pred=C;J ✗ official=0.00 (24s)
[50/50] 病例103 gold=I pred=A;I ~ official=0.50 (176s)

=== 证型 零样本汇总 ===
{
  "task": "证型",
  "model": "k3",
  "n": 50,
  "official_score_mean": 0.2323,
  "exact_match": 0.08,
  "hit_rate": 0.62,
  "macro_f1": 0.3098,
  "avg_seconds": 34.3
}
[1/50] 病例25 gold=E;J pred=C;E;I;J ~ official=0.50 (71s)
[2/50] 病例174 gold=B;E;H pred=B;E;H ✓ official=1.00 (54s)
[3/50] 病例107 gold=D;J pred=B;C;D;G;J ~ official=0.40 (37s)
[4/50] 病例134 gold=F;J pred=F;J ✓ official=1.00 (56s)
[5/50] 病例186 gold=C;E;G pred=C;E;G ✓ official=1.00 (61s)
[6/50] 病例35 gold=D;F;G pred=- ✗ official=0.00 (230s)
[7/50] 病例251 gold=B;H pred=A;D;H ~ official=0.25 (110s)
[8/50] 病例208 gold=E;G pred=E;G ✓ official=1.00 (46s)
[9/50] 病例158 gold=A;D;E pred=A;D;E ✓ official=1.00 (63s)
[10/50] 病例185 gold=C;D;G pred=C;E;I ~ official=0.20 (71s)
[11/50] 病例188 gold=E pred=E;G ~ official=0.50 (65s)
[12/50] 病例47 gold=C;G;J pred=A;G;J ~ official=0.50 (55s)
[13/50] 病例205 gold=E;F pred=F ~ official=0.50 (49s)
[14/50] 病例175 gold=B;I;J pred=B;I;J ✓ official=1.00 (72s)
[15/50] 病例264 gold=I;J pred=A;E;G;I;J ~ official=0.40 (130s)
[16/50] 病例153 gold=A;F pred=A;F ✓ official=1.00 (167s)
[17/50] 病例223 gold=F;H pred=B;F ~ official=0.33 (13s)
[18/50] 病例51 gold=B;G pred=B;G ✓ official=1.00 (46s)
[19/50] 病例231 gold=B;E pred=E;F ~ official=0.33 (97s)
[20/50] 病例171 gold=A;B;F pred=D;F;I ~ official=0.20 (37s)
[21/50] 病例58 gold=H;I pred=H ~ official=0.50 (25s)
[22/50] 病例82 gold=A;C pred=A;C;D;E ~ official=0.50 (117s)
[23/50] 病例258 gold=G;H pred=G;H;I ~ official=0.67 (33s)
[24/50] 病例197 gold=B pred=D ✗ official=0.00 (18s)
[25/50] 病例293 gold=C;I pred=C;I ✓ official=1.00 (12s)
[26/50] 病例154 gold=C;E;I pred=E;H;I ~ official=0.50 (116s)
[27/50] 病例219 gold=C;F;J pred=E;G;I;J ~ official=0.17 (133s)
[28/50] 病例167 gold=B;C pred=B;E ~ official=0.33 (68s)
[29/50] 病例199 gold=D;H pred=D;G ~ official=0.33 (79s)
[30/50] 病例228 gold=E;H pred=C;E;F;G ~ official=0.20 (212s)
[31/50] 病例97 gold=C;H;J pred=D;H;J ~ official=0.50 (120s)
[32/50] 病例161 gold=H;I;J pred=H;J ~ official=0.67 (67s)
[33/50] 病例59 gold=E;G pred=A;E;G ~ official=0.67 (104s)
[34/50] 病例155 gold=E;H pred=E;H ✓ official=1.00 (56s)
[35/50] 病例7 gold=C;H;I;J pred=A;C;I;J ~ official=0.60 (63s)
[36/50] 病例316 gold=J pred=B;F;J ~ official=0.33 (64s)
[37/50] 病例282 gold=F pred=C;F;I ~ official=0.33 (18s)
[38/50] 病例133 gold=C;E;G;H pred=B;E;H ~ official=0.40 (150s)
[39/50] 病例41 gold=A;C;F pred=B;C;D;F;G ~ official=0.33 (170s)
[40/50] 病例86 gold=A;B;I pred=A;B;I ✓ official=1.00 (31s)
[41/50] 病例286 gold=A pred=A;J ~ official=0.50 (47s)
[42/50] 病例156 gold=C;D pred=C;D ✓ official=1.00 (35s)
[43/50] 病例202 gold=D;G pred=G ~ official=0.50 (74s)
[44/50] 病例313 gold=I pred=A;F;G;I ~ official=0.25 (28s)
[45/50] 病例104 gold=A;C;H pred=A;C;H ✓ official=1.00 (108s)
[46/50] 病例8 gold=F;G;H;I pred=B;G;H;I ~ official=0.60 (132s)
[47/50] 病例6 gold=D;G;I;J pred=D;F;I;J ~ official=0.60 (133s)
[48/50] 病例211 gold=A;B pred=A;B;I ~ official=0.67 (64s)
[49/50] 病例245 gold=A pred=A;F;G;H ~ official=0.25 (133s)
[50/50] 病例103 gold=G;H pred=B;H ~ official=0.33 (78s)

=== 病机 零样本汇总 ===
{
  "task": "病机",
  "model": "k3",
  "n": 50,
  "official_score_mean": 0.557,
  "exact_match": 0.26,
  "hit_rate": 0.96,
  "macro_f1": 0.6663,
  "avg_seconds": 80.4
}
