零样本基线: model=k3 任务=both 条数=50
[1/50] 病例30 gold=B;I pred=C;E;F;H ✗ official=0.00 (16s)
[2/50] 病例350 gold=B pred=C;E;F;H ✗ official=0.00 (16s)
[3/50] 病例46 gold=F pred=C;E;F;H ~ official=0.25 (16s)
[4/50] 病例259 gold=H pred=C;E;F;H ~ official=0.25 (16s)
[5/50] 病例111 gold=C;F;I pred=C;E;F;H ~ official=0.40 (16s)
[6/50] 病例150 gold=H;J pred=C;E;F;H ~ official=0.20 (16s)
[7/50] 病例305 gold=F pred=C;E;F;H ~ official=0.25 (16s)
[8/50] 病例225 gold=B pred=C;E;F;H ✗ official=0.00 (16s)
[9/50] 病例93 gold=D pred=C;E;F;H ✗ official=0.00 (16s)
[10/50] 病例159 gold=H;I pred=C;E;F;H ~ official=0.20 (16s)
[11/50] 病例85 gold=G;H pred=C;E;F;H ~ official=0.20 (16s)
[12/50] 病例260 gold=I pred=C;E;F;H ✗ official=0.00 (16s)
[13/50] 病例53 gold=E pred=C;E;F;H ~ official=0.25 (16s)
[14/50] 病例14 gold=B;C pred=C;E;F;H ~ official=0.20 (16s)
[15/50] 病例269 gold=C;G pred=C;E;F;H ~ official=0.20 (16s)
[16/50] 病例248 gold=J pred=C;E;F;H ✗ official=0.00 (16s)
[17/50] 病例77 gold=G;I pred=C;E;F;H ✗ official=0.00 (16s)
[18/50] 病例12 gold=C;E;F pred=C;E;F;H ~ official=0.75 (16s)
[19/50] 病例191 gold=D pred=C;E;F;H ✗ official=0.00 (16s)
[20/50] 病例263 gold=I pred=C;E;F;H ✗ official=0.00 (16s)
[21/50] 病例128 gold=A;B pred=C;E;F;H ✗ official=0.00 (16s)
[22/50] 病例254 gold=A pred=C;E;F;H ✗ official=0.00 (16s)
[23/50] 病例135 gold=G pred=C;E;F;H ✗ official=0.00 (16s)
[24/50] 病例346 gold=H pred=C;E;F;H ~ official=0.25 (16s)
[25/50] 病例26 gold=C;E;G pred=C;E;F;H ~ official=0.40 (16s)
[26/50] 病例110 gold=G;H pred=C;E;F;H ~ official=0.20 (16s)
[27/50] 病例226 gold=C;D pred=C;E;F;H ~ official=0.20 (16s)
[28/50] 病例1 gold=A pred=C;E;F;H ✗ official=0.00 (16s)
[29/50] 病例49 gold=C;G pred=C;E;F;H ~ official=0.20 (16s)
[30/50] 病例298 gold=G pred=C;E;F;H ✗ official=0.00 (16s)
[31/50] 病例280 gold=F pred=C;E;F;H ~ official=0.25 (16s)
[32/50] 病例193 gold=B pred=C;E;F;H ✗ official=0.00 (16s)
[33/50] 病例198 gold=D;E;H pred=C;E;F;H ~ official=0.40 (16s)
[34/50] 病例101 gold=E pred=C;E;F;H ~ official=0.25 (16s)
[35/50] 病例28 gold=G pred=C;E;F;H ✗ official=0.00 (16s)
[36/50] 病例257 gold=D;F pred=C;E;F;H ~ official=0.20 (16s)
[37/50] 病例192 gold=A;B pred=C;E;F;H ✗ official=0.00 (16s)
[38/50] 病例233 gold=I pred=C;E;F;H ✗ official=0.00 (16s)
[39/50] 病例214 gold=A;B pred=C;E;F;H ✗ official=0.00 (16s)
[40/50] 病例61 gold=A;D;E;J pred=C;E;F;H ~ official=0.14 (16s)
[41/50] 病例166 gold=J pred=C;E;F;H ✗ official=0.00 (16s)
[42/50] 病例132 gold=H pred=C;E;F;H ~ official=0.25 (16s)
[43/50] 病例19 gold=F;J pred=C;E;F;H ~ official=0.20 (16s)
[44/50] 病例162 gold=D;G;I pred=C;E;F;H ✗ official=0.00 (16s)
[45/50] 病例15 gold=A;G pred=C;E;F;H ✗ official=0.00 (16s)
[46/50] 病例37 gold=A;F;I pred=C;E;F;H ~ official=0.17 (16s)
[47/50] 病例235 gold=D pred=C;E;F;H ✗ official=0.00 (16s)
[48/50] 病例347 gold=B pred=C;E;F;H ✗ official=0.00 (16s)
[49/50] 病例39 gold=I pred=C;E;F;H ✗ official=0.00 (16s)
[50/50] 病例65 gold=G;H pred=C;E;F;H ~ official=0.20 (16s)

=== 证型 零样本汇总 ===
{
  "task": "证型",
  "model": "k3",
  "n": 50,
  "official_score_mean": 0.1292,
  "exact_match": 0.0,
  "hit_rate": 0.5,
  "macro_f1": 0.1995,
  "avg_seconds": 16.0
}
[1/50] 病例30 gold=H;J pred=C;E;F;H ~ official=0.20 (16s)
[2/50] 病例350 gold=G;H pred=C;E;F;H ~ official=0.20 (16s)
[3/50] 病例46 gold=I pred=C;E;F;H ✗ official=0.00 (16s)
[4/50] 病例259 gold=E pred=C;E;F;H ~ official=0.25 (16s)
[5/50] 病例111 gold=B;E;F pred=C;E;F;H ~ official=0.40 (16s)
[6/50] 病例150 gold=E;G;I pred=C;E;F;H ~ official=0.17 (16s)
[7/50] 病例305 gold=G pred=C;E;F;H ✗ official=0.00 (16s)
[8/50] 病例225 gold=E;F;I pred=C;E;F;H ~ official=0.40 (16s)
[9/50] 病例93 gold=B;D pred=C;E;F;H ✗ official=0.00 (16s)
[10/50] 病例159 gold=C;D;H pred=C;E;F;H ~ official=0.40 (17s)
[11/50] 病例85 gold=B;E;I pred=C;E;F;H ~ official=0.17 (16s)
[12/50] 病例260 gold=E pred=C;E;F;H ~ official=0.25 (18s)
[13/50] 病例53 gold=B;C pred=C;E;F;H ~ official=0.20 (16s)
[14/50] 病例14 gold=C;D;G;I pred=C;E;F;H ~ official=0.14 (16s)
[15/50] 病例269 gold=A;I pred=C;E;F;H ✗ official=0.00 (17s)
[16/50] 病例248 gold=D;J pred=C;E;F;H ✗ official=0.00 (16s)
[17/50] 病例77 gold=E;J pred=C;E;F;H ~ official=0.20 (16s)
[18/50] 病例12 gold=A;D;J pred=C;E;F;H ✗ official=0.00 (16s)
[19/50] 病例191 gold=A pred=C;E;F;H ✗ official=0.00 (16s)
[20/50] 病例263 gold=C pred=C;E;F;H ~ official=0.25 (16s)
[21/50] 病例128 gold=A;G;H pred=C;E;F;H ~ official=0.17 (16s)
[22/50] 病例254 gold=A;C pred=C;E;F;H ~ official=0.20 (16s)
[23/50] 病例135 gold=A;C;D;F pred=C;E;F;H ~ official=0.33 (16s)
[24/50] 病例346 gold=D;G pred=C;E;F;H ✗ official=0.00 (16s)
[25/50] 病例26 gold=A;B;H;I;J pred=C;E;F;H ~ official=0.12 (20s)
[26/50] 病例110 gold=A;D pred=C;E;F;H ✗ official=0.00 (16s)
[27/50] 病例226 gold=B;C pred=C;E;F;H ~ official=0.20 (16s)
[28/50] 病例1 gold=B;C;J pred=C;E;F;H ~ official=0.17 (16s)
[29/50] 病例49 gold=D;E;H pred=C;E;F;H ~ official=0.40 (16s)
[30/50] 病例298 gold=I pred=C;E;F;H ✗ official=0.00 (16s)
[31/50] 病例280 gold=E;H pred=C;E;F;H ~ official=0.50 (16s)
[32/50] 病例193 gold=I pred=C;E;F;H ✗ official=0.00 (16s)
[33/50] 病例198 gold=A;D;E pred=C;E;F;H ~ official=0.17 (16s)
[34/50] 病例101 gold=I pred=C;E;F;H ✗ official=0.00 (16s)
[35/50] 病例28 gold=B;I pred=C;E;F;H ✗ official=0.00 (16s)
[36/50] 病例257 gold=B;D pred=C;E;F;H ✗ official=0.00 (16s)
[37/50] 病例192 gold=C;D pred=C;E;F;H ~ official=0.20 (16s)
[38/50] 病例233 gold=E pred=C;E;F;H ~ official=0.25 (16s)
[39/50] 病例214 gold=E;G pred=C;E;F;H ~ official=0.20 (16s)
[40/50] 病例61 gold=G;I;J pred=C;E;F;H ✗ official=0.00 (16s)
[41/50] 病例166 gold=C;F;G;H pred=C;E;F;H ~ official=0.60 (16s)
[42/50] 病例132 gold=B;C;H pred=C;E;F;H ~ official=0.40 (16s)
[43/50] 病例19 gold=C;D;F pred=C;E;F;H ~ official=0.40 (16s)
[44/50] 病例162 gold=A;B;I pred=C;E;F;H ✗ official=0.00 (16s)
[45/50] 病例15 gold=A;B;J pred=C;E;F;H ✗ official=0.00 (16s)
[46/50] 病例37 gold=C;E;F;I pred=C;E;F;H ~ official=0.60 (16s)
[47/50] 病例235 gold=D;I pred=C;E;F;H ✗ official=0.00 (16s)
[48/50] 病例347 gold=D;G pred=C;E;F;H ✗ official=0.00 (16s)
[49/50] 病例39 gold=A;D;J pred=C;E;F;H ✗ official=0.00 (16s)
[50/50] 病例65 gold=G;I pred=C;E;F;H ✗ official=0.00 (16s)

=== 病机 零样本汇总 ===
{
  "task": "病机",
  "model": "k3",
  "n": 50,
  "official_score_mean": 0.1627,
  "exact_match": 0.0,
  "hit_rate": 0.58,
  "macro_f1": 0.2452,
  "avg_seconds": 16.0
}
