零样本基线: model=cm_model 任务=both 条数=50
[1/50] 病例25 gold=E;H pred=E;H ✓ official=1.00 (7s)
[2/50] 病例174 gold=E;J pred=D;E;J ~ official=0.67 (99s)
[3/50] 病例107 gold=I pred=D;I ~ official=0.50 (7s)
[4/50] 病例134 gold=C pred=A;E;I ✗ official=0.00 (29s)
[5/50] 病例186 gold=A;B pred=B;I ~ official=0.33 (27s)
[6/50] 病例35 gold=D pred=D;E ~ official=0.50 (12s)
[7/50] 病例251 gold=D;H pred=D;H ✓ official=1.00 (17s)
[8/50] 病例208 gold=C;J pred=C;J ✓ official=1.00 (22s)
[9/50] 病例158 gold=G;I pred=A;E;G ~ official=0.25 (20s)
[10/50] 病例185 gold=B;H pred=B;F;J ~ official=0.25 (15s)
[11/50] 病例188 gold=F pred=F;J ~ official=0.50 (16s)
[12/50] 病例47 gold=I;J pred=A;G ✗ official=0.00 (22s)
[13/50] 病例205 gold=E pred=E;G ~ official=0.50 (18s)
[14/50] 病例175 gold=B;J pred=B;G;I ~ official=0.25 (28s)
[15/50] 病例264 gold=C;H pred=C;H ✓ official=1.00 (12s)
[16/50] 病例153 gold=H pred=H;I ~ official=0.50 (45s)
[17/50] 病例223 gold=B;C pred=B;C ✓ official=1.00 (17s)
[18/50] 病例51 gold=H pred=F;H ~ official=0.50 (14s)
[19/50] 病例231 gold=G;J pred=B;G ~ official=0.33 (11s)
[20/50] 病例171 gold=A;F;G pred=A;G ~ official=0.67 (13s)
[21/50] 病例58 gold=B;G pred=B;I ~ official=0.33 (12s)
[22/50] 病例82 gold=E;G pred=C;E ~ official=0.33 (17s)
[23/50] 病例258 gold=B;J pred=B;J ✓ official=1.00 (26s)
[24/50] 病例197 gold=A pred=F;G ✗ official=0.00 (10s)
[25/50] 病例293 gold=A;C pred=A;C ✓ official=1.00 (10s)
[26/50] 病例154 gold=F;J pred=C;J ~ official=0.33 (21s)
[27/50] 病例219 gold=A;F;H pred=A;B ~ official=0.25 (14s)
[28/50] 病例167 gold=C;J pred=B;C ~ official=0.33 (14s)
[29/50] 病例199 gold=A pred=A;H ~ official=0.50 (19s)
[30/50] 病例228 gold=F;I pred=A;F ~ official=0.33 (19s)
[31/50] 病例97 gold=D pred=D;J ~ official=0.50 (105s)
[32/50] 病例161 gold=A;F pred=A;F ✓ official=1.00 (26s)
[33/50] 病例59 gold=H;I pred=H;J ~ official=0.33 (25s)
[34/50] 病例155 gold=B;H pred=B;H ✓ official=1.00 (11s)
[35/50] 病例7 gold=B;J pred=A;B ~ official=0.33 (27s)
[36/50] 病例316 gold=G pred=G;H ~ official=0.50 (11s)
[37/50] 病例282 gold=D pred=C;D;F ~ official=0.33 (22s)
[38/50] 病例133 gold=I;J pred=G;I;J ~ official=0.67 (16s)
[39/50] 病例41 gold=D;E pred=D;J ~ official=0.33 (18s)
[40/50] 病例86 gold=D pred=B;E ✗ official=0.00 (17s)
[41/50] 病例286 gold=F pred=A;F;G ~ official=0.33 (22s)
[42/50] 病例156 gold=D;H pred=D;J ~ official=0.33 (32s)
[43/50] 病例202 gold=B;I pred=I ~ official=0.50 (8s)
[44/50] 病例313 gold=C pred=C;F ~ official=0.50 (28s)
[45/50] 病例104 gold=A;F pred=A;D ~ official=0.33 (13s)
[46/50] 病例8 gold=H;I;J pred=C ✗ official=0.00 (100s)
[47/50] 病例6 gold=F;G pred=D;G ~ official=0.33 (15s)
[48/50] 病例211 gold=A pred=D;E ✗ official=0.00 (14s)
[49/50] 病例245 gold=G pred=C;G ~ official=0.50 (15s)
[50/50] 病例103 gold=I pred=A;I ~ official=0.50 (25s)

=== 证型 零样本汇总 ===
{
  "task": "证型",
  "model": "cm_model",
  "n": 50,
  "official_score_mean": 0.47,
  "exact_match": 0.18,
  "hit_rate": 0.88,
  "macro_f1": 0.5833,
  "avg_seconds": 23.3
}
[1/50] 病例25 gold=E;J pred=C;E ~ official=0.33 (13s)
[2/50] 病例174 gold=B;E;H pred=B;H ~ official=0.67 (20s)
[3/50] 病例107 gold=D;J pred=B;G;J ~ official=0.25 (17s)
[4/50] 病例134 gold=F;J pred=A;F;J ~ official=0.67 (15s)
[5/50] 病例186 gold=C;E;G pred=E;G ~ official=0.67 (9s)
[6/50] 病例35 gold=D;F;G pred=F;I ~ official=0.25 (19s)
[7/50] 病例251 gold=B;H pred=D;I ✗ official=0.00 (12s)
[8/50] 病例208 gold=E;G pred=E;G ✓ official=1.00 (18s)
[9/50] 病例158 gold=A;D;E pred=A;E ~ official=0.67 (15s)
[10/50] 病例185 gold=C;D;G pred=C;E;H ~ official=0.20 (23s)
[11/50] 病例188 gold=E pred=B;G ✗ official=0.00 (10s)
[12/50] 病例47 gold=C;G;J pred=D;G ~ official=0.25 (12s)
[13/50] 病例205 gold=E;F pred=E;F;G ~ official=0.67 (9s)
[14/50] 病例175 gold=B;I;J pred=B;I ~ official=0.67 (13s)
[15/50] 病例264 gold=I;J pred=A;I;J ~ official=0.67 (18s)
[16/50] 病例153 gold=A;F pred=A;B ~ official=0.33 (12s)
[17/50] 病例223 gold=F;H pred=B;F ~ official=0.33 (17s)
[18/50] 病例51 gold=B;G pred=B;G ✓ official=1.00 (10s)
[19/50] 病例231 gold=B;E pred=A;E ~ official=0.33 (9s)
[20/50] 病例171 gold=A;B;F pred=D;F;I ~ official=0.20 (11s)
[21/50] 病例58 gold=H;I pred=F;H ~ official=0.33 (8s)
[22/50] 病例82 gold=A;C pred=A;D;E ~ official=0.25 (12s)
[23/50] 病例258 gold=G;H pred=G;H;I ~ official=0.67 (105s)
[24/50] 病例197 gold=B pred=B;D ~ official=0.50 (10s)
[25/50] 病例293 gold=C;I pred=C;D;E;I ~ official=0.50 (16s)
[26/50] 病例154 gold=C;E;I pred=C;E;I ✓ official=1.00 (20s)
[27/50] 病例219 gold=C;F;J pred=G;J ~ official=0.25 (16s)
[28/50] 病例167 gold=B;C pred=B;D;E;I ~ official=0.20 (29s)
[29/50] 病例199 gold=D;H pred=G;H ~ official=0.33 (11s)
[30/50] 病例228 gold=E;H pred=C;F ✗ official=0.00 (16s)
[31/50] 病例97 gold=C;H;J pred=D;E ✗ official=0.00 (27s)
[32/50] 病例161 gold=H;I;J pred=H;I;J ✓ official=1.00 (28s)
[33/50] 病例59 gold=E;G pred=A;E;G ~ official=0.67 (13s)
[34/50] 病例155 gold=E;H pred=E;H ✓ official=1.00 (9s)
[35/50] 病例7 gold=C;H;I;J pred=A;G;I;J ~ official=0.33 (16s)
[36/50] 病例316 gold=J pred=F;J ~ official=0.50 (20s)
[37/50] 病例282 gold=F pred=C;D;F;I ~ official=0.25 (27s)
[38/50] 病例133 gold=C;E;G;H pred=B;G;H;I ~ official=0.33 (16s)
[39/50] 病例41 gold=A;C;F pred=B;C;G ~ official=0.20 (101s)
[40/50] 病例86 gold=A;B;I pred=B;C;I ~ official=0.50 (18s)
[41/50] 病例286 gold=A pred=B;J ✗ official=0.00 (29s)
[42/50] 病例156 gold=C;D pred=C;D ✓ official=1.00 (14s)
[43/50] 病例202 gold=D;G pred=D;E;G ~ official=0.67 (13s)
[44/50] 病例313 gold=I pred=A;F;G;I ~ official=0.25 (10s)
[45/50] 病例104 gold=A;C;H pred=A;B;C;H;I ~ official=0.60 (19s)
[46/50] 病例8 gold=F;G;H;I pred=B;G;H;I ~ official=0.60 (12s)
[47/50] 病例6 gold=D;G;I;J pred=D;F;I;J ~ official=0.60 (15s)
[48/50] 病例211 gold=A;B pred=A;B;D;J ~ official=0.50 (26s)
[49/50] 病例245 gold=A pred=A;F ~ official=0.50 (9s)
[50/50] 病例103 gold=G;H pred=B;H;I ~ official=0.25 (9s)

=== 病机 零样本汇总 ===
{
  "task": "病机",
  "model": "cm_model",
  "n": 50,
  "official_score_mean": 0.4587,
  "exact_match": 0.12,
  "hit_rate": 0.9,
  "macro_f1": 0.5757,
  "avg_seconds": 19.1
}
