零样本基线: model=cm_model 任务=both 条数=50
[1/50] 病例30 gold=B;I pred=B;I ✓ official=1.00 (16s)
[2/50] 病例350 gold=B pred=B;H;I ~ official=0.33 (19s)
[3/50] 病例46 gold=F pred=C;F ~ official=0.50 (25s)
[4/50] 病例259 gold=H pred=H ✓ official=1.00 (10s)
[5/50] 病例111 gold=C;F;I pred=C;F;I ✓ official=1.00 (13s)
[6/50] 病例150 gold=H;J pred=G;H ~ official=0.33 (11s)
[7/50] 病例305 gold=F pred=B;C;F;G ~ official=0.25 (15s)
[8/50] 病例225 gold=B pred=B;G ~ official=0.50 (9s)
[9/50] 病例93 gold=D pred=D;H ~ official=0.50 (8s)
[10/50] 病例159 gold=H;I pred=H;I ✓ official=1.00 (9s)
[11/50] 病例85 gold=G;H pred=E;G ~ official=0.33 (15s)
[12/50] 病例260 gold=I pred=A;I ~ official=0.50 (7s)
[13/50] 病例53 gold=E pred=C;G ✗ official=0.00 (19s)
[14/50] 病例14 gold=B;C pred=B;C ✓ official=1.00 (12s)
[15/50] 病例269 gold=C;G pred=C;E ~ official=0.33 (102s)
[16/50] 病例248 gold=J pred=E;H ✗ official=0.00 (13s)
[17/50] 病例77 gold=G;I pred=D;I ~ official=0.33 (33s)
[18/50] 病例12 gold=C;E;F pred=C;E ~ official=0.67 (10s)
[19/50] 病例191 gold=D pred=D;F ~ official=0.50 (16s)
[20/50] 病例263 gold=I pred=G;I ~ official=0.50 (12s)
[21/50] 病例128 gold=A;B pred=B;G ~ official=0.33 (15s)
[22/50] 病例254 gold=A pred=E;I ✗ official=0.00 (24s)
[23/50] 病例135 gold=G pred=G;I ~ official=0.50 (23s)
[24/50] 病例346 gold=H pred=B;F ✗ official=0.00 (12s)
[25/50] 病例26 gold=C;E;G pred=B;C ~ official=0.25 (12s)
[26/50] 病例110 gold=G;H pred=G;H ✓ official=1.00 (40s)
[27/50] 病例226 gold=C;D pred=C;H ~ official=0.33 (102s)
[28/50] 病例1 gold=A pred=A;E ~ official=0.50 (12s)
[29/50] 病例49 gold=C;G pred=B;C ~ official=0.33 (14s)
[30/50] 病例298 gold=G pred=G;J ~ official=0.50 (11s)
[31/50] 病例280 gold=F pred=F;J ~ official=0.50 (12s)
[32/50] 病例193 gold=B pred=B;I ~ official=0.50 (18s)
[33/50] 病例198 gold=D;E;H pred=E;F ~ official=0.25 (12s)
[34/50] 病例101 gold=E pred=F;H ✗ official=0.00 (41s)
[35/50] 病例28 gold=G pred=E;G ~ official=0.50 (14s)
[36/50] 病例257 gold=D;F pred=B;F ~ official=0.33 (20s)
[37/50] 病例192 gold=A;B pred=B;J ~ official=0.33 (14s)
[38/50] 病例233 gold=I pred=E;I ~ official=0.50 (10s)
[39/50] 病例214 gold=A;B pred=B;H ~ official=0.33 (22s)
[40/50] 病例61 gold=A;D;E;J pred=A;J ~ official=0.50 (13s)
[41/50] 病例166 gold=J pred=B;I;J ~ official=0.33 (25s)
[42/50] 病例132 gold=H pred=H;J ~ official=0.50 (14s)
[43/50] 病例19 gold=F;J pred=I;J ~ official=0.33 (17s)
[44/50] 病例162 gold=D;G;I pred=G;H ~ official=0.25 (14s)
[45/50] 病例15 gold=A;G pred=A;H ~ official=0.33 (13s)
[46/50] 病例37 gold=A;F;I pred=A;F;I ✓ official=1.00 (26s)
[47/50] 病例235 gold=D pred=B;D ~ official=0.50 (28s)
[48/50] 病例347 gold=B pred=C;E ✗ official=0.00 (19s)
[49/50] 病例39 gold=I pred=A;I ~ official=0.50 (21s)
[50/50] 病例65 gold=G;H pred=H ~ official=0.50 (11s)

=== 证型 零样本汇总 ===
{
  "task": "证型",
  "model": "cm_model",
  "n": 50,
  "official_score_mean": 0.4467,
  "exact_match": 0.14,
  "hit_rate": 0.88,
  "macro_f1": 0.568,
  "avg_seconds": 20.1
}
[1/50] 病例30 gold=H;J pred=H;J ✓ official=1.00 (23s)
[2/50] 病例350 gold=G;H pred=G;H;I ~ official=0.67 (22s)
[3/50] 病例46 gold=I pred=F;I ~ official=0.50 (22s)
[4/50] 病例259 gold=E pred=D;E ~ official=0.50 (11s)
[5/50] 病例111 gold=B;E;F pred=A;B;F;I ~ official=0.40 (21s)
[6/50] 病例150 gold=E;G;I pred=A;C;G;I ~ official=0.40 (27s)
[7/50] 病例305 gold=G pred=B;G ~ official=0.50 (15s)
[8/50] 病例225 gold=E;F;I pred=D;E;F;H;I ~ official=0.60 (23s)
[9/50] 病例93 gold=B;D pred=D;G ~ official=0.33 (9s)
[10/50] 病例159 gold=C;D;H pred=C;D;G;H ~ official=0.75 (17s)
[11/50] 病例85 gold=B;E;I pred=C;I ~ official=0.25 (16s)
[12/50] 病例260 gold=E pred=D;E ~ official=0.50 (8s)
[13/50] 病例53 gold=B;C pred=A;B;C;D ~ official=0.50 (12s)
[14/50] 病例14 gold=C;D;G;I pred=C;E;G;I ~ official=0.60 (12s)
[15/50] 病例269 gold=A;I pred=D;I ~ official=0.33 (29s)
[16/50] 病例248 gold=D;J pred=D;H ~ official=0.33 (8s)
[17/50] 病例77 gold=E;J pred=C;G;J ~ official=0.25 (20s)
[18/50] 病例12 gold=A;D;J pred=A;D;H;I;J ~ official=0.60 (45s)
[19/50] 病例191 gold=A pred=A;I ~ official=0.50 (28s)
[20/50] 病例263 gold=C pred=C;F ~ official=0.50 (10s)
[21/50] 病例128 gold=A;G;H pred=A;B;G ~ official=0.50 (9s)
[22/50] 病例254 gold=A;C pred=A;D;J ~ official=0.25 (17s)
[23/50] 病例135 gold=A;C;D;F pred=D;F;J ~ official=0.40 (16s)
[24/50] 病例346 gold=D;G pred=A;D;G ~ official=0.67 (18s)
[25/50] 病例26 gold=A;B;H;I;J pred=B;D;F ~ official=0.14 (24s)
[26/50] 病例110 gold=A;D pred=A;D;E ~ official=0.67 (17s)
[27/50] 病例226 gold=B;C pred=B;D ~ official=0.33 (13s)
[28/50] 病例1 gold=B;C;J pred=B;C;D;I ~ official=0.40 (14s)
[29/50] 病例49 gold=D;E;H pred=D;E;I ~ official=0.50 (15s)
[30/50] 病例298 gold=I pred=D;I ~ official=0.50 (13s)
[31/50] 病例280 gold=E;H pred=E;H;J ~ official=0.67 (47s)
[32/50] 病例193 gold=I pred=H;I ~ official=0.50 (37s)
[33/50] 病例198 gold=A;D;E pred=A;B;C ~ official=0.20 (17s)
[34/50] 病例101 gold=I pred=B;C;E;H ✗ official=0.00 (13s)
[35/50] 病例28 gold=B;I pred=E;I ~ official=0.33 (15s)
[36/50] 病例257 gold=B;D pred=D;E ~ official=0.33 (13s)
[37/50] 病例192 gold=C;D pred=B;C;F ~ official=0.25 (38s)
[38/50] 病例233 gold=E pred=C ✗ official=0.00 (103s)
[39/50] 病例214 gold=E;G pred=E;G;I;J ~ official=0.50 (22s)
[40/50] 病例61 gold=G;I;J pred=G;J ~ official=0.67 (11s)
[41/50] 病例166 gold=C;F;G;H pred=B;C;F;H ~ official=0.60 (13s)
[42/50] 病例132 gold=B;C;H pred=B;H ~ official=0.67 (10s)
[43/50] 病例19 gold=C;D;F pred=C;D;E;F ~ official=0.75 (19s)
[44/50] 病例162 gold=A;B;I pred=D;I ~ official=0.25 (105s)
[45/50] 病例15 gold=A;B;J pred=B;D;E ~ official=0.20 (17s)
[46/50] 病例37 gold=C;E;F;I pred=C;F;H ~ official=0.40 (14s)
[47/50] 病例235 gold=D;I pred=D;I ✓ official=1.00 (16s)
[48/50] 病例347 gold=D;G pred=C;D;J ~ official=0.25 (5s)
[49/50] 病例39 gold=A;D;J pred=A;D;E;I;J ~ official=0.60 (14s)
[50/50] 病例65 gold=G;I pred=A;I ~ official=0.33 (18s)

=== 病机 零样本汇总 ===
{
  "task": "病机",
  "model": "cm_model",
  "n": 50,
  "official_score_mean": 0.4575,
  "exact_match": 0.04,
  "hit_rate": 0.96,
  "macro_f1": 0.5988,
  "avg_seconds": 21.6
}
