[17:53:16] k3_agent_run1_p2 完成（1次尝试）
[17:53:16] k3_agent_run1_p1 完成（1次尝试）
[17:53:16] k3_agent_run1_p3 完成（1次尝试）
[17:53:16] k3_agent_run1_p0 完成（1次尝试）
=== k3 agent run1 完成 17:53:16 ===
[17:53:17] k3_agent_run2_p3 完成（1次尝试）
[17:53:17] k3_agent_run2_p1 完成（1次尝试）
[17:53:17] k3_agent_run2_p0 完成（1次尝试）
[17:53:17] k3_agent_run2_p2 完成（1次尝试）
=== k3 agent run2 完成 17:53:17 ===
[17:53:18] k3_agent_run3_p2 完成（1次尝试）
[17:53:18] k3_agent_run3_p3 完成（1次尝试）
[17:53:18] k3_agent_run3_p1 完成（1次尝试）
[17:53:18] k3_agent_run3_p0 完成（1次尝试）
=== k3 agent run3 完成 17:53:18 ===
[18:45:58] k3_zero_run3_p2 完成（1次尝试）
[18:48:57] k3_zero_run3_p1 完成（1次尝试）
[18:50:20] k3_zero_run3_p0 完成（1次尝试）
[18:57:34] k3_zero_run3_p3 完成（1次尝试）
=== k3 zero run3 完成 18:57:34 ===
K3 RERUN ALL DONE
