[1/121 k0] idx=122 gold=189.0 pred=189.0 ✓ (2s)
[1/121 k1] idx=122 gold=189.0 pred=189.0 ✓ (2s)
[1/121 k2] idx=122 gold=189.0 pred=189.0 ✓ (2s)
[2/121 k0] idx=123 gold=2000.0 pred=2000.0 ✓ (4s)
[2/121 k1] idx=123 gold=2000.0 pred=2000.0 ✓ (2s)
[2/121 k2] idx=123 gold=2000.0 pred=2000.0 ✓ (2s)
[3/121 k0] idx=124 gold=3.0 pred=3.0 ✓ (3s)
[3/121 k1] idx=124 gold=3.0 pred=3.0 ✓ (3s)
[3/121 k2] idx=124 gold=3.0 pred=3.0 ✓ (3s)
[4/121 k0] idx=125 gold=51.0 pred=51.0 ✓ (2s)
[4/121 k1] idx=125 gold=51.0 pred=51.0 ✓ (2s)
[4/121 k2] idx=125 gold=51.0 pred=51.0 ✓ (1s)
[5/121 k0] idx=126 gold=24.0 pred=24.0 ✓ (11s)
[5/121 k1] idx=126 gold=24.0 pred=18.0 ✗ (14s)
[5/121 k2] idx=126 gold=24.0 pred=24.0 ✓ (14s)
[6/121 k0] idx=127 gold=-1.0 pred=-1.0 ✓ (2s)
[6/121 k1] idx=127 gold=-1.0 pred=-1.0 ✓ (2s)
[6/121 k2] idx=127 gold=-1.0 pred=-1.0 ✓ (2s)
[7/121 k0] idx=128 gold=38.0 pred=38.0 ✓ (2s)
[7/121 k1] idx=128 gold=38.0 pred=38.0 ✓ (2s)
[7/121 k2] idx=128 gold=38.0 pred=38.0 ✓ (1s)
[8/121 k0] idx=129 gold=13.0 pred=13.0 ✓ (2s)
[8/121 k1] idx=129 gold=13.0 pred=13.0 ✓ (2s)
[8/121 k2] idx=129 gold=13.0 pred=13.0 ✓ (1s)
[9/121 k0] idx=130 gold=156.0 pred=156.0 ✓ (2s)
[9/121 k1] idx=130 gold=156.0 pred=156.0 ✓ (2s)
[9/121 k2] idx=130 gold=156.0 pred=156.0 ✓ (1s)
[10/121 k0] idx=131 gold=26.0 pred=26.0 ✓ (1s)
[10/121 k1] idx=131 gold=26.0 pred=26.0 ✓ (2s)
[10/121 k2] idx=131 gold=26.0 pred=26.0 ✓ (1s)
[11/121 k0] idx=132 gold=10.0 pred=10.0 ✓ (2s)
[11/121 k1] idx=132 gold=10.0 pred=10.0 ✓ (2s)
[11/121 k2] idx=132 gold=10.0 pred=10.0 ✓ (3s)
[12/121 k0] idx=133 gold=15.0 pred=15.0 ✓ (1s)
[12/121 k1] idx=133 gold=15.0 pred=15.0 ✓ (2s)
[12/121 k2] idx=133 gold=15.0 pred=15.0 ✓ (2s)
[13/121 k0] idx=134 gold=145.0 pred=145.0 ✓ (2s)
[13/121 k1] idx=134 gold=145.0 pred=145.0 ✓ (2s)
[13/121 k2] idx=134 gold=145.0 pred=145.0 ✓ (2s)
[14/121 k0] idx=135 gold=0.0 pred=0.0 ✓ (3s)
[14/121 k1] idx=135 gold=0.0 pred=0.0 ✓ (2s)
[14/121 k2] idx=135 gold=0.0 pred=0.0 ✓ (3s)
[15/121 k0] idx=136 gold=-42.0 pred=None ✗ (12s)
[15/121 k1] idx=136 gold=-42.0 pred=-42.0 ✓ (10s)
[15/121 k2] idx=136 gold=-42.0 pred=-42.0 ✓ (8s)
[16/121 k0] idx=137 gold=32.0 pred=32.0 ✓ (2s)
[16/121 k1] idx=137 gold=32.0 pred=32.0 ✓ (1s)
[16/121 k2] idx=137 gold=32.0 pred=32.0 ✓ (2s)
[17/121 k0] idx=138 gold=120.0 pred=120.0 ✓ (2s)
[17/121 k1] idx=138 gold=120.0 pred=120.0 ✓ (2s)
[17/121 k2] idx=138 gold=120.0 pred=120.0 ✓ (1s)
[18/121 k0] idx=139 gold=21.0 pred=21.0 ✓ (2s)
[18/121 k1] idx=139 gold=21.0 pred=21.0 ✓ (2s)
[18/121 k2] idx=139 gold=21.0 pred=21.0 ✓ (2s)
[19/121 k0] idx=140 gold=0.4666666666666667 pred=7.0 ✗ (2s)
[19/121 k1] idx=140 gold=0.4666666666666667 pred=7.0 ✗ (2s)
[19/121 k2] idx=140 gold=0.4666666666666667 pred=7.0 ✗ (2s)
[20/121 k0] idx=141 gold=5.0 pred=5.0 ✓ (2s)
[20/121 k1] idx=141 gold=5.0 pred=5.0 ✓ (2s)
[20/121 k2] idx=141 gold=5.0 pred=5.0 ✓ (3s)
[21/121 k0] idx=142 gold=153.0 pred=153.0 ✓ (1s)
[21/121 k1] idx=142 gold=153.0 pred=153.0 ✓ (1s)
[21/121 k2] idx=142 gold=153.0 pred=153.0 ✓ (1s)
[22/121 k0] idx=143 gold=4.0 pred=4.0 ✓ (1s)
[22/121 k1] idx=143 gold=4.0 pred=4.0 ✓ (1s)
[22/121 k2] idx=143 gold=4.0 pred=4.0 ✓ (2s)
[23/121 k0] idx=144 gold=7.0 pred=7.0 ✓ (4s)
[23/121 k1] idx=144 gold=7.0 pred=7.0 ✓ (2s)
[23/121 k2] idx=144 gold=7.0 pred=7.0 ✓ (1s)
[24/121 k0] idx=145 gold=402.0 pred=402.0 ✓ (2s)
[24/121 k1] idx=145 gold=402.0 pred=402.0 ✓ (2s)
[24/121 k2] idx=145 gold=402.0 pred=402.0 ✓ (1s)
[25/121 k0] idx=146 gold=256.0 pred=256.0 ✓ (3s)
[25/121 k1] idx=146 gold=256.0 pred=None ✗ (13s)
[25/121 k2] idx=146 gold=256.0 pred=256.0 ✓ (5s)
[26/121 k0] idx=147 gold=440.0 pred=440.0 ✓ (1s)
[26/121 k1] idx=147 gold=440.0 pred=440.0 ✓ (1s)
[26/121 k2] idx=147 gold=440.0 pred=440.0 ✓ (1s)
[27/121 k0] idx=148 gold=48.0 pred=48.0 ✓ (2s)
[27/121 k1] idx=148 gold=48.0 pred=48.0 ✓ (1s)
[27/121 k2] idx=148 gold=48.0 pred=48.0 ✓ (3s)
[28/121 k0] idx=149 gold=10.0 pred=10.0 ✓ (2s)
[28/121 k1] idx=149 gold=10.0 pred=10.0 ✓ (2s)
[28/121 k2] idx=149 gold=10.0 pred=10.0 ✓ (2s)
[29/121 k0] idx=150 gold=324.0 pred=324.0 ✓ (1s)
[29/121 k1] idx=150 gold=324.0 pred=324.0 ✓ (2s)
[29/121 k2] idx=150 gold=324.0 pred=324.0 ✓ (2s)
[30/121 k0] idx=151 gold=44.0 pred=44.0 ✓ (2s)
[30/121 k1] idx=151 gold=44.0 pred=44.0 ✓ (2s)
[30/121 k2] idx=151 gold=44.0 pred=44.0 ✓ (2s)
[31/121 k0] idx=152 gold=0.0 pred=0.0 ✓ (2s)
[31/121 k1] idx=152 gold=0.0 pred=0.0 ✓ (1s)
[31/121 k2] idx=152 gold=0.0 pred=0.0 ✓ (3s)
[32/121 k0] idx=153 gold=3.0 pred=3.0 ✓ (4s)
[32/121 k1] idx=153 gold=3.0 pred=3.0 ✓ (1s)
[32/121 k2] idx=153 gold=3.0 pred=3.0 ✓ (1s)
[33/121 k0] idx=154 gold=-8.0 pred=-8.0 ✓ (2s)
[33/121 k1] idx=154 gold=-8.0 pred=-8.0 ✓ (1s)
[33/121 k2] idx=154 gold=-8.0 pred=-8.0 ✓ (3s)
[34/121 k0] idx=155 gold=70.0 pred=70.0 ✓ (2s)
[34/121 k1] idx=155 gold=70.0 pred=70.0 ✓ (1s)
[34/121 k2] idx=155 gold=70.0 pred=70.0 ✓ (2s)
[35/121 k0] idx=156 gold=1.0 pred=10.0 ✗ (2s)
[35/121 k1] idx=156 gold=1.0 pred=10.0 ✗ (3s)
[35/121 k2] idx=156 gold=1.0 pred=10.0 ✗ (4s)
[36/121 k0] idx=157 gold=55.0 pred=55.0 ✓ (2s)
[36/121 k1] idx=157 gold=55.0 pred=55.0 ✓ (2s)
[36/121 k2] idx=157 gold=55.0 pred=55.0 ✓ (1s)
[37/121 k0] idx=158 gold=756.0 pred=756.0 ✓ (3s)
[37/121 k1] idx=158 gold=756.0 pred=756.0 ✓ (4s)
[37/121 k2] idx=158 gold=756.0 pred=756.0 ✓ (2s)
[38/121 k0] idx=159 gold=280.0 pred=280.0 ✓ (2s)
[38/121 k1] idx=159 gold=280.0 pred=280.0 ✓ (3s)
[38/121 k2] idx=159 gold=280.0 pred=280.0 ✓ (2s)
[39/121 k0] idx=160 gold=7200.0 pred=7200.0 ✓ (7s)
[39/121 k1] idx=160 gold=7200.0 pred=7200.0 ✓ (5s)
[39/121 k2] idx=160 gold=7200.0 pred=7200.0 ✓ (3s)
[40/121 k0] idx=161 gold=7.0 pred=7.0 ✓ (2s)
[40/121 k1] idx=161 gold=7.0 pred=7.0 ✓ (1s)
[40/121 k2] idx=161 gold=7.0 pred=7.0 ✓ (1s)
[41/121 k0] idx=162 gold=15.0 pred=15.0 ✓ (2s)
[41/121 k1] idx=162 gold=15.0 pred=15.0 ✓ (2s)
[41/121 k2] idx=162 gold=15.0 pred=15.0 ✓ (1s)
[42/121 k0] idx=163 gold=150.0 pred=150.0 ✓ (5s)
[42/121 k1] idx=163 gold=150.0 pred=150.0 ✓ (6s)
[42/121 k2] idx=163 gold=150.0 pred=None ✗ (13s)
[43/121 k0] idx=164 gold=2.25 pred=2.25 ✓ (3s)
[43/121 k1] idx=164 gold=2.25 pred=2.25 ✓ (2s)
[43/121 k2] idx=164 gold=2.25 pred=2.25 ✓ (2s)
[44/121 k0] idx=165 gold=4.0 pred=None ✗ (13s)
[44/121 k1] idx=165 gold=4.0 pred=4.0 ✓ (4s)
[44/121 k2] idx=165 gold=4.0 pred=None ✗ (13s)
[45/121 k0] idx=166 gold=3.0 pred=3.0 ✓ (2s)
[45/121 k1] idx=166 gold=3.0 pred=3.0 ✓ (2s)
[45/121 k2] idx=166 gold=3.0 pred=3.0 ✓ (2s)
[46/121 k0] idx=167 gold=6.0 pred=6.0 ✓ (2s)
[46/121 k1] idx=167 gold=6.0 pred=6.0 ✓ (3s)
[46/121 k2] idx=167 gold=6.0 pred=6.0 ✓ (2s)
[47/121 k0] idx=168 gold=6.0 pred=6.0 ✓ (2s)
[47/121 k1] idx=168 gold=6.0 pred=6.0 ✓ (2s)
[47/121 k2] idx=168 gold=6.0 pred=6.0 ✓ (2s)
[48/121 k0] idx=169 gold=9.0 pred=9.0 ✓ (2s)
[48/121 k1] idx=169 gold=9.0 pred=9.0 ✓ (6s)
[48/121 k2] idx=169 gold=9.0 pred=9.0 ✓ (2s)
[49/121 k0] idx=170 gold=3.0 pred=3.0 ✓ (2s)
[49/121 k1] idx=170 gold=3.0 pred=3.0 ✓ (2s)
[49/121 k2] idx=170 gold=3.0 pred=3.0 ✓ (2s)
[50/121 k0] idx=171 gold=22.0 pred=22.0 ✓ (3s)
[50/121 k1] idx=171 gold=22.0 pred=22.0 ✓ (3s)
[50/121 k2] idx=171 gold=22.0 pred=22.0 ✓ (4s)
[51/121 k0] idx=172 gold=147.0 pred=147.0 ✓ (2s)
[51/121 k1] idx=172 gold=147.0 pred=147.0 ✓ (1s)
[51/121 k2] idx=172 gold=147.0 pred=147.0 ✓ (1s)
[52/121 k0] idx=173 gold=10.0 pred=10.0 ✓ (2s)
[52/121 k1] idx=173 gold=10.0 pred=10.0 ✓ (2s)
[52/121 k2] idx=173 gold=10.0 pred=10.0 ✓ (2s)
[53/121 k0] idx=174 gold=18.0 pred=18.0 ✓ (4s)
[53/121 k1] idx=174 gold=18.0 pred=18.0 ✓ (5s)
[53/121 k2] idx=174 gold=18.0 pred=18.0 ✓ (4s)
[54/121 k0] idx=175 gold=22.0 pred=22.0 ✓ (2s)
[54/121 k1] idx=175 gold=22.0 pred=22.0 ✓ (3s)
[54/121 k2] idx=175 gold=22.0 pred=22.0 ✓ (2s)
[55/121 k0] idx=176 gold=103.0 pred=103.0 ✓ (2s)
[55/121 k1] idx=176 gold=103.0 pred=103.0 ✓ (2s)
[55/121 k2] idx=176 gold=103.0 pred=103.0 ✓ (3s)
[56/121 k0] idx=177 gold=6.0 pred=6.0 ✓ (2s)
[56/121 k1] idx=177 gold=6.0 pred=6.0 ✓ (2s)
[56/121 k2] idx=177 gold=6.0 pred=6.0 ✓ (3s)
[57/121 k0] idx=178 gold=-11.0 pred=-11.0 ✓ (8s)
[57/121 k1] idx=178 gold=-11.0 pred=5.0 ✗ (14s)
[57/121 k2] idx=178 gold=-11.0 pred=None ✗ (14s)
[58/121 k0] idx=179 gold=510.0 pred=510.0 ✓ (2s)
[58/121 k1] idx=179 gold=510.0 pred=510.0 ✓ (2s)
[58/121 k2] idx=179 gold=510.0 pred=510.0 ✓ (2s)
[59/121 k0] idx=180 gold=31.0 pred=31.0 ✓ (3s)
[59/121 k1] idx=180 gold=31.0 pred=31.0 ✓ (2s)
[59/121 k2] idx=180 gold=31.0 pred=31.0 ✓ (2s)
[60/121 k0] idx=181 gold=280.0 pred=280.0 ✓ (1s)
[60/121 k1] idx=181 gold=280.0 pred=280.0 ✓ (2s)
[60/121 k2] idx=181 gold=280.0 pred=280.0 ✓ (2s)
[61/121 k0] idx=182 gold=6.0 pred=6.0 ✓ (2s)
[61/121 k1] idx=182 gold=6.0 pred=6.0 ✓ (3s)
[61/121 k2] idx=182 gold=6.0 pred=6.0 ✓ (2s)
[62/121 k0] idx=183 gold=17.0 pred=17.0 ✓ (3s)
[62/121 k1] idx=183 gold=17.0 pred=17.0 ✓ (4s)
[62/121 k2] idx=183 gold=17.0 pred=17.0 ✓ (2s)
[63/121 k0] idx=184 gold=221.0 pred=221.0 ✓ (4s)
[63/121 k1] idx=184 gold=221.0 pred=221.0 ✓ (2s)
[63/121 k2] idx=184 gold=221.0 pred=221.0 ✓ (2s)
[64/121 k0] idx=185 gold=44.0 pred=44.0 ✓ (2s)
[64/121 k1] idx=185 gold=44.0 pred=44.0 ✓ (2s)
[64/121 k2] idx=185 gold=44.0 pred=44.0 ✓ (2s)
[65/121 k0] idx=186 gold=11988.0 pred=5.0 ✗ (13s)
[65/121 k1] idx=186 gold=11988.0 pred=11988.0 ✓ (12s)
[65/121 k2] idx=186 gold=11988.0 pred=11988.0 ✓ (11s)
[66/121 k0] idx=187 gold=0.3333333333333333 pred=1.0 ✗ (2s)
[66/121 k1] idx=187 gold=0.3333333333333333 pred=1.0 ✗ (1s)
[66/121 k2] idx=187 gold=0.3333333333333333 pred=1.0 ✗ (2s)
[67/121 k0] idx=188 gold=350.0 pred=350.0 ✓ (2s)
[67/121 k1] idx=188 gold=350.0 pred=350.0 ✓ (2s)
[67/121 k2] idx=188 gold=350.0 pred=350.0 ✓ (3s)
[68/121 k0] idx=189 gold=1000.0 pred=None ✗ (13s)
[68/121 k1] idx=189 gold=1000.0 pred=300.0 ✗ (13s)
[68/121 k2] idx=189 gold=1000.0 pred=1000.0 ✓ (13s)
[69/121 k0] idx=190 gold=7.4 pred=7.4 ✓ (2s)
[69/121 k1] idx=190 gold=7.4 pred=7.4 ✓ (2s)
[69/121 k2] idx=190 gold=7.4 pred=7.4 ✓ (4s)
[70/121 k0] idx=191 gold=320.0 pred=320.0 ✓ (2s)
[70/121 k1] idx=191 gold=320.0 pred=320.0 ✓ (2s)
[70/121 k2] idx=191 gold=320.0 pred=320.0 ✓ (2s)
[71/121 k0] idx=192 gold=-15.0 pred=-15.0 ✓ (2s)
[71/121 k1] idx=192 gold=-15.0 pred=-15.0 ✓ (2s)
[71/121 k2] idx=192 gold=-15.0 pred=-15.0 ✓ (2s)
[72/121 k0] idx=193 gold=24.0 pred=24.0 ✓ (3s)
[72/121 k1] idx=193 gold=24.0 pred=24.0 ✓ (2s)
[72/121 k2] idx=193 gold=24.0 pred=24.0 ✓ (3s)
[73/121 k0] idx=194 gold=126.0 pred=126.0 ✓ (2s)
[73/121 k1] idx=194 gold=126.0 pred=126.0 ✓ (2s)
[73/121 k2] idx=194 gold=126.0 pred=126.0 ✓ (1s)
[74/121 k0] idx=195 gold=150.0 pred=150.0 ✓ (3s)
[74/121 k1] idx=195 gold=150.0 pred=150.0 ✓ (6s)
[74/121 k2] idx=195 gold=150.0 pred=150.0 ✓ (2s)
[75/121 k0] idx=196 gold=5.0 pred=5.0 ✓ (2s)
[75/121 k1] idx=196 gold=5.0 pred=5.0 ✓ (2s)
[75/121 k2] idx=196 gold=5.0 pred=5.0 ✓ (1s)
[76/121 k0] idx=197 gold=50.0 pred=50.0 ✓ (2s)
[76/121 k1] idx=197 gold=50.0 pred=50.0 ✓ (1s)
[76/121 k2] idx=197 gold=50.0 pred=50.0 ✓ (2s)
[77/121 k0] idx=198 gold=30.0 pred=30.0 ✓ (2s)
[77/121 k1] idx=198 gold=30.0 pred=30.0 ✓ (3s)
[77/121 k2] idx=198 gold=30.0 pred=30.0 ✓ (3s)
[78/121 k0] idx=199 gold=539.0 pred=539.0 ✓ (3s)
[78/121 k1] idx=199 gold=539.0 pred=539.0 ✓ (9s)
[78/121 k2] idx=199 gold=539.0 pred=539.0 ✓ (2s)
[79/121 k0] idx=200 gold=11.0 pred=11.0 ✓ (1s)
[79/121 k1] idx=200 gold=11.0 pred=11.0 ✓ (2s)
[79/121 k2] idx=200 gold=11.0 pred=11.0 ✓ (2s)
[80/121 k0] idx=201 gold=70.0 pred=70.0 ✓ (3s)
[80/121 k1] idx=201 gold=70.0 pred=70.0 ✓ (2s)
[80/121 k2] idx=201 gold=70.0 pred=70.0 ✓ (1s)
[81/121 k0] idx=202 gold=4.0 pred=4.0 ✓ (3s)
[81/121 k1] idx=202 gold=4.0 pred=4.0 ✓ (2s)
[81/121 k2] idx=202 gold=4.0 pred=4.0 ✓ (6s)
[82/121 k0] idx=203 gold=56.0 pred=56.0 ✓ (3s)
[82/121 k1] idx=203 gold=56.0 pred=56.0 ✓ (2s)
[82/121 k2] idx=203 gold=56.0 pred=56.0 ✓ (2s)
[83/121 k0] idx=204 gold=3.0 pred=3.0 ✓ (4s)
[83/121 k1] idx=204 gold=3.0 pred=3.0 ✓ (5s)
[83/121 k2] idx=204 gold=3.0 pred=3.0 ✓ (2s)
[84/121 k0] idx=205 gold=1.0 pred=1.0 ✓ (3s)
[84/121 k1] idx=205 gold=1.0 pred=1.0 ✓ (3s)
[84/121 k2] idx=205 gold=1.0 pred=1.0 ✓ (4s)
[85/121 k0] idx=206 gold=60.0 pred=60.0 ✓ (2s)
[85/121 k1] idx=206 gold=60.0 pred=60.0 ✓ (2s)
[85/121 k2] idx=206 gold=60.0 pred=60.0 ✓ (1s)
[86/121 k0] idx=207 gold=105.0 pred=105.0 ✓ (1s)
[86/121 k1] idx=207 gold=105.0 pred=105.0 ✓ (2s)
[86/121 k2] idx=207 gold=105.0 pred=105.0 ✓ (2s)
[87/121 k0] idx=208 gold=59.0 pred=59.0 ✓ (2s)
[87/121 k1] idx=208 gold=59.0 pred=59.0 ✓ (3s)
[87/121 k2] idx=208 gold=59.0 pred=59.0 ✓ (3s)
[88/121 k0] idx=209 gold=0.0 pred=0.0 ✓ (4s)
[88/121 k1] idx=209 gold=0.0 pred=0.0 ✓ (3s)
[88/121 k2] idx=209 gold=0.0 pred=0.0 ✓ (3s)
[89/121 k0] idx=210 gold=3.0 pred=3.0 ✓ (3s)
[89/121 k1] idx=210 gold=3.0 pred=3.0 ✓ (3s)
[89/121 k2] idx=210 gold=3.0 pred=3.0 ✓ (5s)
[90/121 k0] idx=211 gold=4.0 pred=4.0 ✓ (2s)
[90/121 k1] idx=211 gold=4.0 pred=4.0 ✓ (2s)
[90/121 k2] idx=211 gold=4.0 pred=4.0 ✓ (2s)
[91/121 k0] idx=212 gold=4.0 pred=4.0 ✓ (4s)
[91/121 k1] idx=212 gold=4.0 pred=4.0 ✓ (4s)
[91/121 k2] idx=212 gold=4.0 pred=4.0 ✓ (4s)
[92/121 k0] idx=213 gold=251.6 pred=251.6 ✓ (2s)
[92/121 k1] idx=213 gold=251.6 pred=251.6 ✓ (2s)
[92/121 k2] idx=213 gold=251.6 pred=251.6 ✓ (2s)
[93/121 k0] idx=214 gold=16.0 pred=16.0 ✓ (2s)
[93/121 k1] idx=214 gold=16.0 pred=16.0 ✓ (4s)
[93/121 k2] idx=214 gold=16.0 pred=16.0 ✓ (2s)
[94/121 k0] idx=215 gold=15.0 pred=15.0 ✓ (1s)
[94/121 k1] idx=215 gold=15.0 pred=15.0 ✓ (2s)
[94/121 k2] idx=215 gold=15.0 pred=15.0 ✓ (2s)
[95/121 k0] idx=216 gold=75.0 pred=75.0 ✓ (1s)
[95/121 k1] idx=216 gold=75.0 pred=75.0 ✓ (1s)
[95/121 k2] idx=216 gold=75.0 pred=75.0 ✓ (2s)
[96/121 k0] idx=217 gold=3.0 pred=None ✗ (13s)
[96/121 k1] idx=217 gold=3.0 pred=3.0 ✓ (10s)
[96/121 k2] idx=217 gold=3.0 pred=3.0 ✓ (4s)
[97/121 k0] idx=218 gold=14.0 pred=14.0 ✓ (2s)
[97/121 k1] idx=218 gold=14.0 pred=14.0 ✓ (2s)
[97/121 k2] idx=218 gold=14.0 pred=14.0 ✓ (2s)
[98/121 k0] idx=219 gold=34.0 pred=34.0 ✓ (5s)
[98/121 k1] idx=219 gold=34.0 pred=34.0 ✓ (5s)
[98/121 k2] idx=219 gold=34.0 pred=34.0 ✓ (4s)
[99/121 k0] idx=220 gold=4.0 pred=4.0 ✓ (3s)
[99/121 k1] idx=220 gold=4.0 pred=4.0 ✓ (4s)
[99/121 k2] idx=220 gold=4.0 pred=4.0 ✓ (9s)
[100/121 k0] idx=221 gold=194.0 pred=194.0 ✓ (2s)
[100/121 k1] idx=221 gold=194.0 pred=194.0 ✓ (3s)
[100/121 k2] idx=221 gold=194.0 pred=194.0 ✓ (3s)
[101/121 k0] idx=222 gold=50.0 pred=50.0 ✓ (2s)
[101/121 k1] idx=222 gold=50.0 pred=50.0 ✓ (2s)
[101/121 k2] idx=222 gold=50.0 pred=50.0 ✓ (3s)
[102/121 k0] idx=223 gold=13.0 pred=13.0 ✓ (3s)
[102/121 k1] idx=223 gold=13.0 pred=13.0 ✓ (3s)
[102/121 k2] idx=223 gold=13.0 pred=13.0 ✓ (2s)
[103/121 k0] idx=224 gold=4.0 pred=4.0 ✓ (4s)
[103/121 k1] idx=224 gold=4.0 pred=4.0 ✓ (3s)
[103/121 k2] idx=224 gold=4.0 pred=4.0 ✓ (5s)
[104/121 k0] idx=225 gold=2.0 pred=2.0 ✓ (2s)
[104/121 k1] idx=225 gold=2.0 pred=2.0 ✓ (2s)
[104/121 k2] idx=225 gold=2.0 pred=2.0 ✓ (2s)
[105/121 k0] idx=226 gold=18.0 pred=18.0 ✓ (3s)
[105/121 k1] idx=226 gold=18.0 pred=18.0 ✓ (3s)
[105/121 k2] idx=226 gold=18.0 pred=18.0 ✓ (3s)
[106/121 k0] idx=227 gold=18.0 pred=None ✗ (15s)
[106/121 k1] idx=227 gold=18.0 pred=None ✗ (14s)
[106/121 k2] idx=227 gold=18.0 pred=None ✗ (13s)
[107/121 k0] idx=228 gold=69.0 pred=69.0 ✓ (6s)
[107/121 k1] idx=228 gold=69.0 pred=69.0 ✓ (4s)
[107/121 k2] idx=228 gold=69.0 pred=69.0 ✓ (4s)
[108/121 k0] idx=229 gold=7.0 pred=7.0 ✓ (2s)
[108/121 k1] idx=229 gold=7.0 pred=7.0 ✓ (4s)
[108/121 k2] idx=229 gold=7.0 pred=7.0 ✓ (3s)
[109/121 k0] idx=230 gold=21.0 pred=21.0 ✓ (2s)
[109/121 k1] idx=230 gold=21.0 pred=21.0 ✓ (3s)
[109/121 k2] idx=230 gold=21.0 pred=21.0 ✓ (2s)
[110/121 k0] idx=231 gold=20.0 pred=20.0 ✓ (2s)
[110/121 k1] idx=231 gold=20.0 pred=20.0 ✓ (2s)
[110/121 k2] idx=231 gold=20.0 pred=20.0 ✓ (5s)
[111/121 k0] idx=232 gold=90.0 pred=90.0 ✓ (2s)
[111/121 k1] idx=232 gold=90.0 pred=90.0 ✓ (2s)
[111/121 k2] idx=232 gold=90.0 pred=90.0 ✓ (2s)
[112/121 k0] idx=233 gold=48.0 pred=48.0 ✓ (2s)
[112/121 k1] idx=233 gold=48.0 pred=48.0 ✓ (2s)
[112/121 k2] idx=233 gold=48.0 pred=48.0 ✓ (1s)
[113/121 k0] idx=234 gold=120.0 pred=120.0 ✓ (2s)
[113/121 k1] idx=234 gold=120.0 pred=120.0 ✓ (2s)
[113/121 k2] idx=234 gold=120.0 pred=120.0 ✓ (2s)
[114/121 k0] idx=235 gold=140.0 pred=140.0 ✓ (3s)
[114/121 k1] idx=235 gold=140.0 pred=140.0 ✓ (3s)
[114/121 k2] idx=235 gold=140.0 pred=140.0 ✓ (3s)
[115/121 k0] idx=236 gold=90.0 pred=90.0 ✓ (6s)
[115/121 k1] idx=236 gold=90.0 pred=90.0 ✓ (12s)
[115/121 k2] idx=236 gold=90.0 pred=90.0 ✓ (10s)
[116/121 k0] idx=237 gold=920.25 pred=920.25 ✓ (2s)
[116/121 k1] idx=237 gold=920.25 pred=920.25 ✓ (2s)
[116/121 k2] idx=237 gold=920.25 pred=920.25 ✓ (1s)
[117/121 k0] idx=238 gold=6.0 pred=6.0 ✓ (2s)
[117/121 k1] idx=238 gold=6.0 pred=6.0 ✓ (3s)
[117/121 k2] idx=238 gold=6.0 pred=6.0 ✓ (3s)
[118/121 k0] idx=239 gold=285.0 pred=285.0 ✓ (1s)
[118/121 k1] idx=239 gold=285.0 pred=285.0 ✓ (3s)
[118/121 k2] idx=239 gold=285.0 pred=285.0 ✓ (2s)
[119/121 k0] idx=240 gold=24.0 pred=24.0 ✓ (3s)
[119/121 k1] idx=240 gold=24.0 pred=24.0 ✓ (2s)
[119/121 k2] idx=240 gold=24.0 pred=24.0 ✓ (3s)
[120/121 k0] idx=241 gold=240.0 pred=240.0 ✓ (3s)
[120/121 k1] idx=241 gold=240.0 pred=240.0 ✓ (3s)
[120/121 k2] idx=241 gold=240.0 pred=240.0 ✓ (2s)
[121/121 k0] idx=242 gold=4.0 pred=4.0 ✓ (2s)
[121/121 k1] idx=242 gold=4.0 pred=4.0 ✓ (3s)
[121/121 k2] idx=242 gold=4.0 pred=4.0 ✓ (2s)
